******************************************************************************
                  TI ARM Linker PC v16.9.11                    
******************************************************************************
>> Linked Mon Nov 02 09:21:46 2020

OUTPUT FILE NAME:   <Beacon_CC2640_with_SensorController_HTU21D.out>
ENTRY POINT SYMBOL: "ResetISR"  address: 000056b5


MEMORY CONFIGURATION

         name            origin    length      used     unused   attr    fill
----------------------  --------  ---------  --------  --------  ----  --------
  FLASH                 00000000   0001f000  00007bc4  0001743c  R  X
  FLASH_LAST_PAGE       0001f000   00001000  00000058  00000fa8  R  X
  SRAM                  20000000   00004400  00001938  00002ac8  RW X


SEGMENT ALLOCATION MAP

run origin  load origin   length   init length attrs members
----------  ----------- ---------- ----------- ----- -------
00000000    00000000    00007bcc   00007bcc    r-x
  00000000    00000000    0000003c   0000003c    r-- .resetVecs
  0000003c    0000003c    00000fc4   00000fc4    r-x .text.1
  00001000    00001000    00000028   00000028    r-- .const:ti_sysbios_heaps_HeapMem_Module__FXNS__C
  00001028    00001028    00000024   00000024    r-- .const:ti_sysbios_gates_GateHwi_Module__FXNS__C
  0000104c    0000104c    00000024   00000024    r-- .const:ti_sysbios_gates_GateMutex_Module__FXNS__C
  00001070    00001070    00000020   00000020    r-- .const:ti_sysbios_family_arm_m3_Hwi_Object__DESC__C
  00001090    00001090    00000020   00000020    r-- .const:ti_sysbios_gates_GateHwi_Object__DESC__C
  000010b0    000010b0    00000020   00000020    r-- .const:ti_sysbios_gates_GateMutex_Object__DESC__C
  000010d0    000010d0    00000020   00000020    r-- .const:ti_sysbios_hal_Hwi_Object__DESC__C
  000010f0    000010f0    00000020   00000020    r-- .const:ti_sysbios_heaps_HeapMem_Object__DESC__C
  00001110    00001110    00000020   00000020    r-- .const:ti_sysbios_knl_Clock_Object__DESC__C
  00001130    00001130    00000020   00000020    r-- .const:ti_sysbios_knl_Event_Object__DESC__C
  00001150    00001150    00000020   00000020    r-- .const:ti_sysbios_knl_Mailbox_Object__DESC__C
  00001170    00001170    00000020   00000020    r-- .const:ti_sysbios_knl_Queue_Object__DESC__C
  00001190    00001190    00000020   00000020    r-- .const:ti_sysbios_knl_Semaphore_Object__DESC__C
  000011b0    000011b0    00000020   00000020    r-- .const:ti_sysbios_knl_Swi_Object__DESC__C
  000011d0    000011d0    00000020   00000020    r-- .const:ti_sysbios_knl_Task_Object__DESC__C
  000011f0    000011f0    00000008   00000008    r-- .const:ti_sysbios_knl_Idle_funcList__C
  000011f8    000011f8    00000004   00000004    r-- .const:ti_sysbios_family_arm_cc26xx_Timer_startupNeeded__C
  000011fc    000011fc    00000004   00000004    r-- .const:ti_sysbios_family_arm_m3_Hwi_E_alreadyDefined__C
  00001200    00001200    00000004   00000004    r-- .const:ti_sysbios_family_arm_m3_Hwi_E_hwiLimitExceeded__C
  00001204    00001204    00000004   00000004    r-- .const:ti_sysbios_family_arm_m3_Hwi_NUM_INTERRUPTS__C
  00001208    00001208    00000004   00000004    r-- .const:ti_sysbios_family_arm_m3_Hwi_Object__count__C
  0000120c    0000120c    00000004   00000004    r-- .const:ti_sysbios_family_arm_m3_Hwi_Object__table__C
  00001210    00001210    00000004   00000004    r-- .const:ti_sysbios_family_arm_m3_Hwi_ccr__C
  00001214    00001214    00000004   00000004    r-- .const:ti_sysbios_family_arm_m3_Hwi_excHandlerFunc__C
  00001218    00001218    00000004   00000004    r-- .const:ti_sysbios_family_arm_m3_Hwi_nullIsrFunc__C
  0000121c    0000121c    00000004   00000004    r-- .const:ti_sysbios_family_arm_m3_Hwi_numSparseInterrupts__C
  00001220    00001220    00000004   00000004    r-- .const:ti_sysbios_family_arm_m3_Hwi_priGroup__C
  00001224    00001224    00000004   00000004    r-- .const:ti_sysbios_family_arm_m3_TaskSupport_stackAlignment__C
  00001228    00001228    00000004   00000004    r-- .const:ti_sysbios_heaps_HeapMem_E_memory__C
  0000122c    0000122c    00000004   00000004    r-- .const:ti_sysbios_heaps_HeapMem_Module__gateObj__C
  00001230    00001230    00000004   00000004    r-- .const:ti_sysbios_heaps_HeapMem_Object__count__C
  00001234    00001234    00000004   00000004    r-- .const:ti_sysbios_heaps_HeapMem_Object__table__C
  00001238    00001238    00000004   00000004    r-- .const:ti_sysbios_heaps_HeapMem_reqAlign__C
  0000123c    0000123c    00000004   00000004    r-- .const:ti_sysbios_knl_Clock_triggerClock__C
  00001240    00001240    00000004   00000004    r-- .const:ti_sysbios_knl_Mailbox_Object__count__C
  00001244    00001244    00000004   00000004    r-- .const:ti_sysbios_knl_Mailbox_Object__table__C
  00001248    00001248    00000004   00000004    r-- .const:ti_sysbios_knl_Mailbox_maxTypeAlign__C
  0000124c    0000124c    00000004   00000004    r-- .const:ti_sysbios_knl_Queue_Object__count__C
  00001250    00001250    00000004   00000004    r-- .const:ti_sysbios_knl_Queue_Object__table__C
  00001254    00001254    00000004   00000004    r-- .const:ti_sysbios_knl_Semaphore_eventPost__C
  00001258    00001258    00000004   00000004    r-- .const:ti_sysbios_knl_Semaphore_eventSync__C
  0000125c    0000125c    00000004   00000004    r-- .const:ti_sysbios_knl_Swi_Object__count__C
  00001260    00001260    00000004   00000004    r-- .const:ti_sysbios_knl_Swi_Object__table__C
  00001264    00001264    00000004   00000004    r-- .const:ti_sysbios_knl_Swi_numPriorities__C
  00001268    00001268    00000004   00000004    r-- .const:ti_sysbios_knl_Task_Object__count__C
  0000126c    0000126c    00000004   00000004    r-- .const:ti_sysbios_knl_Task_Object__table__C
  00001270    00001270    00000004   00000004    r-- .const:ti_sysbios_knl_Task_allBlockedFunc__C
  00001274    00001274    00000004   00000004    r-- .const:ti_sysbios_knl_Task_defaultStackHeap__C
  00001278    00001278    00000004   00000004    r-- .const:ti_sysbios_knl_Task_defaultStackSize__C
  0000127c    0000127c    00000004   00000004    r-- .const:ti_sysbios_knl_Task_numConstructedTasks__C
  00001280    00001280    00000002   00000002    r-- .const:ti_sysbios_family_arm_cc26xx_Timer_Module__id__C
  00001282    00001282    00000002   00000002    r-- .const:ti_sysbios_family_arm_cc26xx_TimestampProvider_useClockTimer__C
  00001284    00001284    00000002   00000002    r-- .const:ti_sysbios_family_arm_m3_Hwi_Module__id__C
  00001286    00001286    00000002   00000002    r-- .const:ti_sysbios_gates_GateHwi_Module__id__C
  00001288    00001288    00000002   00000002    r-- .const:ti_sysbios_gates_GateMutex_Module__id__C
  0000128a    0000128a    00000002   00000002    r-- .const:ti_sysbios_heaps_HeapMem_Module__id__C
  0000128c    0000128c    00000002   00000002    r-- .const:ti_sysbios_knl_Task_initStackFlag__C
  0000128e    0000128e    00000001   00000001    r-- .const:ti_sysbios_knl_Clock_tickMode__C
  00001290    00001290    00000008   00000008    r-- .const:xdc_runtime_Startup_firstFxns__C
  00001298    00001298    00000008   00000008    r-- .const:xdc_runtime_Startup_lastFxns__C
  000012a0    000012a0    00000004   00000004    r-- .const:xdc_runtime_Assert_E_assertFailed__C
  000012a4    000012a4    00000004   00000004    r-- .const:xdc_runtime_Error_E_memory__C
  000012a8    000012a8    00000004   00000004    r-- .const:xdc_runtime_Error_policyFxn__C
  000012ac    000012ac    00000004   00000004    r-- .const:xdc_runtime_Error_raiseHook__C
  000012b0    000012b0    00000004   00000004    r-- .const:xdc_runtime_IGateProvider_Interface__BASE__C
  000012b4    000012b4    00000004   00000004    r-- .const:xdc_runtime_IHeap_Interface__BASE__C
  000012b8    000012b8    00000004   00000004    r-- .const:xdc_runtime_IModule_Interface__BASE__C
  000012bc    000012bc    00000004   00000004    r-- .const:xdc_runtime_Memory_defaultHeapInstance__C
  000012c0    000012c0    00000004   00000004    r-- .const:xdc_runtime_Startup_execImpl__C
  000012c4    000012c4    00000004   00000004    r-- .const:xdc_runtime_Startup_maxPasses__C
  000012c8    000012c8    00000004   00000004    r-- .const:xdc_runtime_Startup_sfxnRts__C
  000012cc    000012cc    00000004   00000004    r-- .const:xdc_runtime_Startup_sfxnTab__C
  000012d0    000012d0    00000004   00000004    r-- .const:xdc_runtime_Startup_startModsFxn__C
  000012d4    000012d4    00000004   00000004    r-- .const:xdc_runtime_SysCallback_abortFxn__C
  000012d8    000012d8    00000004   00000004    r-- .const:xdc_runtime_SysCallback_exitFxn__C
  000012dc    000012dc    00000004   00000004    r-- .const:xdc_runtime_System_abortFxn__C
  000012e0    000012e0    00000004   00000004    r-- .const:xdc_runtime_System_exitFxn__C
  000012e4    000012e4    00000004   00000004    r-- .const:xdc_runtime_System_maxAtexitHandlers__C
  000012e8    000012e8    00000004   00000004    r-- .const:xdc_runtime_Text_charTab__C
  000012ec    000012ec    00000004   00000004    r-- .const:xdc_runtime_Text_nameEmpty__C
  000012f0    000012f0    00000004   00000004    r-- .const:xdc_runtime_Text_nameStatic__C
  000012f4    000012f4    00000004   00000004    r-- .const:xdc_runtime_Text_nameUnknown__C
  000012f8    000012f8    00000002   00000002    r-- .const:xdc_runtime_Error_maxDepth__C
  000012fa    000012fa    00000002   00000002    r-- .const:xdc_runtime_Memory_Module__id__C
  000012fc    000012fc    00000002   00000002    r-- .const:xdc_runtime_Text_charCnt__C
  000012fe    000012fe    00000002   00000002    r-- .const:xdc_runtime_Text_isLoaded__C
  00001300    00001300    00000001   00000001    r-- .const:xdc_runtime_Error_policy__C
  00001304    00001304    00000004   00000004    r-- .const:ti_sysbios_rom_ROM_ti_sysbios_family_arm_cc26xx_Timer_getCount64__E
  00001308    00001308    00000004   00000004    r-- .const:ti_sysbios_rom_ROM_ti_sysbios_family_arm_cc26xx_Timer_getCurrentTick__E
  0000130c    0000130c    00000004   00000004    r-- .const:ti_sysbios_rom_ROM_ti_sysbios_family_arm_cc26xx_Timer_getMaxTicks__E
  00001310    00001310    00000004   00000004    r-- .const:ti_sysbios_rom_ROM_ti_sysbios_family_arm_cc26xx_Timer_initDevice__I
  00001314    00001314    00000004   00000004    r-- .const:ti_sysbios_rom_ROM_ti_sysbios_family_arm_cc26xx_Timer_setNextTick__E
  00001318    00001318    00000004   00000004    r-- .const:ti_sysbios_rom_ROM_ti_sysbios_family_arm_cc26xx_Timer_setThreshold__I
  0000131c    0000131c    00000004   00000004    r-- .const:ti_sysbios_rom_ROM_ti_sysbios_family_arm_cc26xx_Timer_start__E
  00001320    00001320    00000004   00000004    r-- .const:ti_sysbios_rom_ROM_ti_sysbios_family_arm_cc26xx_TimestampProvider_get32__E
  00001324    00001324    00000004   00000004    r-- .const:ti_sysbios_rom_ROM_xdc_runtime_Startup_getState__I
  00001328    00001328    00000004   00000004    r-- .const:ti_sysbios_rom_ROM_xdc_runtime_System_SupportProxy_abort__E
  0000132c    0000132c    00000004   00000004    r-- .const:ti_sysbios_rom_ROM_xdc_runtime_System_SupportProxy_exit__E
  00001330    00001330    00005ef0   00005ef0    r-x .text.2
  00007220    00007220    000006c4   000006c4    r-- .const
  000078e8    000078e8    000002e4   000002e4    r-- .cinit
0001ffa8    0001ffa8    00000058   00000058    r--
  0001ffa8    0001ffa8    00000058   00000058    r-- .ccfg
20000100    20000100    00001472   00000000    rw-
  20000100    20000100    00000044   00000000    rw- .data:ti_sysbios_knl_Task_Module__state__V
  20000144    20000144    00000034   00000000    rw- .data:ti_sysbios_family_arm_m3_Hwi_Module__state__V
  20000178    20000178    0000002c   00000000    rw- .data:ti_sysbios_knl_Clock_Module__state__V
  200001a4    200001a4    00000024   00000000    rw- .data:ti_sysbios_BIOS_Module__state__V
  200001c8    200001c8    0000001c   00000000    rw- .data:ti_sysbios_knl_Swi_Module__state__V
  200001e4    200001e4    00000008   00000000    rw- .data:ti_sysbios_family_arm_cc26xx_Timer_Module__state__V
  200001ec    200001ec    00000004   00000000    rw- .data:ti_sysbios_family_arm_cc26xx_TimestampProvider_Module__state__V
  200001f0    200001f0    00000008   00000000    rw- .data:xdc_runtime_Startup_Module__state__V
  200001f8    200001f8    00000008   00000000    rw- .data:xdc_runtime_System_Module__state__V
  20000200    20000200    00000004   00000000    rw- .data:xdc_runtime_Memory_Module__state__V
  20000204    20000204    00000002   00000000    rw- .data:xdc_runtime_Error_Module__state__V
  20000208    20000208    00000ae6   00000000    rw- .data
  20000cf0    20000cf0    00000882   00000000    rw- .bss
20004000    20004000    00000400   00000000    rw-
  20004000    20004000    00000400   00000000    rw- .stack


SECTION ALLOCATION MAP

 output                                  attributes/
section   page    origin      length       input sections
--------  ----  ----------  ----------   ----------------
.resetVecs 
*          0    00000000    0000003c     
                  00000000    0000003c     app_ble_pem3.oem3 (.resetVecs)

.text.1    0    0000003c    00000fc4     
                  0000003c    000004d4     micro_eddystone_beacon.obj (.text:MicroEddystoneBeacon_taskFxn$4)
                  00000510    00000008     (.tramp.ti_sysbios_knl_Event_create.1)
                  00000518    00000008     (.tramp.ti_sysbios_knl_Queue_construct.1)
                  00000520    00000008     (.tramp.ti_sysbios_knl_Event_pend__E.1)
                  00000528    00000008     (.tramp.ti_sysbios_knl_Queue_empty__E.1)
                  00000530    00000008     (.tramp.ti_sysbios_knl_Queue_get__E.1)
                  00000538    00000320     rom_sysbios.aem3 : rom_sysbios.obj (.text:xdc_runtime_System_doPrint__I)
                  00000858    00000314     drivers_cc26x0r2.aem3 : PowerCC26XX_calibrateRCOSC.oem3 (.text:PowerCC26XX_auxISR)
                  00000b6c    000002c0     rf_singleMode_cc26x0r2.aem3 : RFCC26XX_singleMode.oem3 (.text:RF_fsmActiveState)
                  00000e2c    00000008     (.tramp.ti_sysbios_family_arm_m3_Hwi_restoreFxn__E.1)
                  00000e34    000001b0     drivers_cc26x0r2.aem3 : PINCC26XX.oem3 (.text:PIN_init)
                  00000fe4    0000001c     driverlib.lib : vims.obj (.text:NOROM_VIMSConfigure)

.const:ti_sysbios_heaps_HeapMem_Module__FXNS__C 
*          0    00001000    00000028     
                  00001000    00000028     app_ble_pem3.oem3 (.const:ti_sysbios_heaps_HeapMem_Module__FXNS__C)

.const:ti_sysbios_gates_GateHwi_Module__FXNS__C 
*          0    00001028    00000024     
                  00001028    00000024     app_ble_pem3.oem3 (.const:ti_sysbios_gates_GateHwi_Module__FXNS__C)

.const:ti_sysbios_gates_GateMutex_Module__FXNS__C 
*          0    0000104c    00000024     
                  0000104c    00000024     app_ble_pem3.oem3 (.const:ti_sysbios_gates_GateMutex_Module__FXNS__C)

.const:ti_sysbios_family_arm_m3_Hwi_Object__DESC__C 
*          0    00001070    00000020     
                  00001070    00000020     app_ble_pem3.oem3 (.const:ti_sysbios_family_arm_m3_Hwi_Object__DESC__C)

.const:ti_sysbios_gates_GateHwi_Object__DESC__C 
*          0    00001090    00000020     
                  00001090    00000020     app_ble_pem3.oem3 (.const:ti_sysbios_gates_GateHwi_Object__DESC__C)

.const:ti_sysbios_gates_GateMutex_Object__DESC__C 
*          0    000010b0    00000020     
                  000010b0    00000020     app_ble_pem3.oem3 (.const:ti_sysbios_gates_GateMutex_Object__DESC__C)

.const:ti_sysbios_hal_Hwi_Object__DESC__C 
*          0    000010d0    00000020     
                  000010d0    00000020     app_ble_pem3.oem3 (.const:ti_sysbios_hal_Hwi_Object__DESC__C)

.const:ti_sysbios_heaps_HeapMem_Object__DESC__C 
*          0    000010f0    00000020     
                  000010f0    00000020     app_ble_pem3.oem3 (.const:ti_sysbios_heaps_HeapMem_Object__DESC__C)

.const:ti_sysbios_knl_Clock_Object__DESC__C 
*          0    00001110    00000020     
                  00001110    00000020     app_ble_pem3.oem3 (.const:ti_sysbios_knl_Clock_Object__DESC__C)

.const:ti_sysbios_knl_Event_Object__DESC__C 
*          0    00001130    00000020     
                  00001130    00000020     app_ble_pem3.oem3 (.const:ti_sysbios_knl_Event_Object__DESC__C)

.const:ti_sysbios_knl_Mailbox_Object__DESC__C 
*          0    00001150    00000020     
                  00001150    00000020     app_ble_pem3.oem3 (.const:ti_sysbios_knl_Mailbox_Object__DESC__C)

.const:ti_sysbios_knl_Queue_Object__DESC__C 
*          0    00001170    00000020     
                  00001170    00000020     app_ble_pem3.oem3 (.const:ti_sysbios_knl_Queue_Object__DESC__C)

.const:ti_sysbios_knl_Semaphore_Object__DESC__C 
*          0    00001190    00000020     
                  00001190    00000020     app_ble_pem3.oem3 (.const:ti_sysbios_knl_Semaphore_Object__DESC__C)

.const:ti_sysbios_knl_Swi_Object__DESC__C 
*          0    000011b0    00000020     
                  000011b0    00000020     app_ble_pem3.oem3 (.const:ti_sysbios_knl_Swi_Object__DESC__C)

.const:ti_sysbios_knl_Task_Object__DESC__C 
*          0    000011d0    00000020     
                  000011d0    00000020     app_ble_pem3.oem3 (.const:ti_sysbios_knl_Task_Object__DESC__C)

.const:ti_sysbios_knl_Idle_funcList__C 
*          0    000011f0    00000008     
                  000011f0    00000008     app_ble_pem3.oem3 (.const:ti_sysbios_knl_Idle_funcList__C)

.const:ti_sysbios_family_arm_cc26xx_Timer_startupNeeded__C 
*          0    000011f8    00000004     
                  000011f8    00000004     app_ble_pem3.oem3 (.const:ti_sysbios_family_arm_cc26xx_Timer_startupNeeded__C)

.const:ti_sysbios_family_arm_m3_Hwi_E_alreadyDefined__C 
*          0    000011fc    00000004     
                  000011fc    00000004     app_ble_pem3.oem3 (.const:ti_sysbios_family_arm_m3_Hwi_E_alreadyDefined__C)

.const:ti_sysbios_family_arm_m3_Hwi_E_hwiLimitExceeded__C 
*          0    00001200    00000004     
                  00001200    00000004     app_ble_pem3.oem3 (.const:ti_sysbios_family_arm_m3_Hwi_E_hwiLimitExceeded__C)

.const:ti_sysbios_family_arm_m3_Hwi_NUM_INTERRUPTS__C 
*          0    00001204    00000004     
                  00001204    00000004     app_ble_pem3.oem3 (.const:ti_sysbios_family_arm_m3_Hwi_NUM_INTERRUPTS__C)

.const:ti_sysbios_family_arm_m3_Hwi_Object__count__C 
*          0    00001208    00000004     
                  00001208    00000004     app_ble_pem3.oem3 (.const:ti_sysbios_family_arm_m3_Hwi_Object__count__C)

.const:ti_sysbios_family_arm_m3_Hwi_Object__table__C 
*          0    0000120c    00000004     
                  0000120c    00000004     app_ble_pem3.oem3 (.const:ti_sysbios_family_arm_m3_Hwi_Object__table__C)

.const:ti_sysbios_family_arm_m3_Hwi_ccr__C 
*          0    00001210    00000004     
                  00001210    00000004     app_ble_pem3.oem3 (.const:ti_sysbios_family_arm_m3_Hwi_ccr__C)

.const:ti_sysbios_family_arm_m3_Hwi_excHandlerFunc__C 
*          0    00001214    00000004     
                  00001214    00000004     app_ble_pem3.oem3 (.const:ti_sysbios_family_arm_m3_Hwi_excHandlerFunc__C)

.const:ti_sysbios_family_arm_m3_Hwi_nullIsrFunc__C 
*          0    00001218    00000004     
                  00001218    00000004     app_ble_pem3.oem3 (.const:ti_sysbios_family_arm_m3_Hwi_nullIsrFunc__C)

.const:ti_sysbios_family_arm_m3_Hwi_numSparseInterrupts__C 
*          0    0000121c    00000004     
                  0000121c    00000004     app_ble_pem3.oem3 (.const:ti_sysbios_family_arm_m3_Hwi_numSparseInterrupts__C)

.const:ti_sysbios_family_arm_m3_Hwi_priGroup__C 
*          0    00001220    00000004     
                  00001220    00000004     app_ble_pem3.oem3 (.const:ti_sysbios_family_arm_m3_Hwi_priGroup__C)

.const:ti_sysbios_family_arm_m3_TaskSupport_stackAlignment__C 
*          0    00001224    00000004     
                  00001224    00000004     app_ble_pem3.oem3 (.const:ti_sysbios_family_arm_m3_TaskSupport_stackAlignment__C)

.const:ti_sysbios_heaps_HeapMem_E_memory__C 
*          0    00001228    00000004     
                  00001228    00000004     app_ble_pem3.oem3 (.const:ti_sysbios_heaps_HeapMem_E_memory__C)

.const:ti_sysbios_heaps_HeapMem_Module__gateObj__C 
*          0    0000122c    00000004     
                  0000122c    00000004     app_ble_pem3.oem3 (.const:ti_sysbios_heaps_HeapMem_Module__gateObj__C)

.const:ti_sysbios_heaps_HeapMem_Object__count__C 
*          0    00001230    00000004     
                  00001230    00000004     app_ble_pem3.oem3 (.const:ti_sysbios_heaps_HeapMem_Object__count__C)

.const:ti_sysbios_heaps_HeapMem_Object__table__C 
*          0    00001234    00000004     
                  00001234    00000004     app_ble_pem3.oem3 (.const:ti_sysbios_heaps_HeapMem_Object__table__C)

.const:ti_sysbios_heaps_HeapMem_reqAlign__C 
*          0    00001238    00000004     
                  00001238    00000004     app_ble_pem3.oem3 (.const:ti_sysbios_heaps_HeapMem_reqAlign__C)

.const:ti_sysbios_knl_Clock_triggerClock__C 
*          0    0000123c    00000004     
                  0000123c    00000004     app_ble_pem3.oem3 (.const:ti_sysbios_knl_Clock_triggerClock__C)

.const:ti_sysbios_knl_Mailbox_Object__count__C 
*          0    00001240    00000004     
                  00001240    00000004     app_ble_pem3.oem3 (.const:ti_sysbios_knl_Mailbox_Object__count__C)

.const:ti_sysbios_knl_Mailbox_Object__table__C 
*          0    00001244    00000004     
                  00001244    00000004     app_ble_pem3.oem3 (.const:ti_sysbios_knl_Mailbox_Object__table__C)

.const:ti_sysbios_knl_Mailbox_maxTypeAlign__C 
*          0    00001248    00000004     
                  00001248    00000004     app_ble_pem3.oem3 (.const:ti_sysbios_knl_Mailbox_maxTypeAlign__C)

.const:ti_sysbios_knl_Queue_Object__count__C 
*          0    0000124c    00000004     
                  0000124c    00000004     app_ble_pem3.oem3 (.const:ti_sysbios_knl_Queue_Object__count__C)

.const:ti_sysbios_knl_Queue_Object__table__C 
*          0    00001250    00000004     
                  00001250    00000004     app_ble_pem3.oem3 (.const:ti_sysbios_knl_Queue_Object__table__C)

.const:ti_sysbios_knl_Semaphore_eventPost__C 
*          0    00001254    00000004     
                  00001254    00000004     app_ble_pem3.oem3 (.const:ti_sysbios_knl_Semaphore_eventPost__C)

.const:ti_sysbios_knl_Semaphore_eventSync__C 
*          0    00001258    00000004     
                  00001258    00000004     app_ble_pem3.oem3 (.const:ti_sysbios_knl_Semaphore_eventSync__C)

.const:ti_sysbios_knl_Swi_Object__count__C 
*          0    0000125c    00000004     
                  0000125c    00000004     app_ble_pem3.oem3 (.const:ti_sysbios_knl_Swi_Object__count__C)

.const:ti_sysbios_knl_Swi_Object__table__C 
*          0    00001260    00000004     
                  00001260    00000004     app_ble_pem3.oem3 (.const:ti_sysbios_knl_Swi_Object__table__C)

.const:ti_sysbios_knl_Swi_numPriorities__C 
*          0    00001264    00000004     
                  00001264    00000004     app_ble_pem3.oem3 (.const:ti_sysbios_knl_Swi_numPriorities__C)

.const:ti_sysbios_knl_Task_Object__count__C 
*          0    00001268    00000004     
                  00001268    00000004     app_ble_pem3.oem3 (.const:ti_sysbios_knl_Task_Object__count__C)

.const:ti_sysbios_knl_Task_Object__table__C 
*          0    0000126c    00000004     
                  0000126c    00000004     app_ble_pem3.oem3 (.const:ti_sysbios_knl_Task_Object__table__C)

.const:ti_sysbios_knl_Task_allBlockedFunc__C 
*          0    00001270    00000004     
                  00001270    00000004     app_ble_pem3.oem3 (.const:ti_sysbios_knl_Task_allBlockedFunc__C)

.const:ti_sysbios_knl_Task_defaultStackHeap__C 
*          0    00001274    00000004     
                  00001274    00000004     app_ble_pem3.oem3 (.const:ti_sysbios_knl_Task_defaultStackHeap__C)

.const:ti_sysbios_knl_Task_defaultStackSize__C 
*          0    00001278    00000004     
                  00001278    00000004     app_ble_pem3.oem3 (.const:ti_sysbios_knl_Task_defaultStackSize__C)

.const:ti_sysbios_knl_Task_numConstructedTasks__C 
*          0    0000127c    00000004     
                  0000127c    00000004     app_ble_pem3.oem3 (.const:ti_sysbios_knl_Task_numConstructedTasks__C)

.const:ti_sysbios_family_arm_cc26xx_Timer_Module__id__C 
*          0    00001280    00000002     
                  00001280    00000002     app_ble_pem3.oem3 (.const:ti_sysbios_family_arm_cc26xx_Timer_Module__id__C)

.const:ti_sysbios_family_arm_cc26xx_TimestampProvider_useClockTimer__C 
*          0    00001282    00000002     
                  00001282    00000002     app_ble_pem3.oem3 (.const:ti_sysbios_family_arm_cc26xx_TimestampProvider_useClockTimer__C)

.const:ti_sysbios_family_arm_m3_Hwi_Module__id__C 
*          0    00001284    00000002     
                  00001284    00000002     app_ble_pem3.oem3 (.const:ti_sysbios_family_arm_m3_Hwi_Module__id__C)

.const:ti_sysbios_gates_GateHwi_Module__id__C 
*          0    00001286    00000002     
                  00001286    00000002     app_ble_pem3.oem3 (.const:ti_sysbios_gates_GateHwi_Module__id__C)

.const:ti_sysbios_gates_GateMutex_Module__id__C 
*          0    00001288    00000002     
                  00001288    00000002     app_ble_pem3.oem3 (.const:ti_sysbios_gates_GateMutex_Module__id__C)

.const:ti_sysbios_heaps_HeapMem_Module__id__C 
*          0    0000128a    00000002     
                  0000128a    00000002     app_ble_pem3.oem3 (.const:ti_sysbios_heaps_HeapMem_Module__id__C)

.const:ti_sysbios_knl_Task_initStackFlag__C 
*          0    0000128c    00000002     
                  0000128c    00000002     app_ble_pem3.oem3 (.const:ti_sysbios_knl_Task_initStackFlag__C)

.const:ti_sysbios_knl_Clock_tickMode__C 
*          0    0000128e    00000001     
                  0000128e    00000001     app_ble_pem3.oem3 (.const:ti_sysbios_knl_Clock_tickMode__C)

.const:xdc_runtime_Startup_firstFxns__C 
*          0    00001290    00000008     
                  00001290    00000008     app_ble_pem3.oem3 (.const:xdc_runtime_Startup_firstFxns__C)

.const:xdc_runtime_Startup_lastFxns__C 
*          0    00001298    00000008     
                  00001298    00000008     app_ble_pem3.oem3 (.const:xdc_runtime_Startup_lastFxns__C)

.const:xdc_runtime_Assert_E_assertFailed__C 
*          0    000012a0    00000004     
                  000012a0    00000004     app_ble_pem3.oem3 (.const:xdc_runtime_Assert_E_assertFailed__C)

.const:xdc_runtime_Error_E_memory__C 
*          0    000012a4    00000004     
                  000012a4    00000004     app_ble_pem3.oem3 (.const:xdc_runtime_Error_E_memory__C)

.const:xdc_runtime_Error_policyFxn__C 
*          0    000012a8    00000004     
                  000012a8    00000004     app_ble_pem3.oem3 (.const:xdc_runtime_Error_policyFxn__C)

.const:xdc_runtime_Error_raiseHook__C 
*          0    000012ac    00000004     
                  000012ac    00000004     app_ble_pem3.oem3 (.const:xdc_runtime_Error_raiseHook__C)

.const:xdc_runtime_IGateProvider_Interface__BASE__C 
*          0    000012b0    00000004     
                  000012b0    00000004     app_ble_pem3.oem3 (.const:xdc_runtime_IGateProvider_Interface__BASE__C)

.const:xdc_runtime_IHeap_Interface__BASE__C 
*          0    000012b4    00000004     
                  000012b4    00000004     app_ble_pem3.oem3 (.const:xdc_runtime_IHeap_Interface__BASE__C)

.const:xdc_runtime_IModule_Interface__BASE__C 
*          0    000012b8    00000004     
                  000012b8    00000004     app_ble_pem3.oem3 (.const:xdc_runtime_IModule_Interface__BASE__C)

.const:xdc_runtime_Memory_defaultHeapInstance__C 
*          0    000012bc    00000004     
                  000012bc    00000004     app_ble_pem3.oem3 (.const:xdc_runtime_Memory_defaultHeapInstance__C)

.const:xdc_runtime_Startup_execImpl__C 
*          0    000012c0    00000004     
                  000012c0    00000004     app_ble_pem3.oem3 (.const:xdc_runtime_Startup_execImpl__C)

.const:xdc_runtime_Startup_maxPasses__C 
*          0    000012c4    00000004     
                  000012c4    00000004     app_ble_pem3.oem3 (.const:xdc_runtime_Startup_maxPasses__C)

.const:xdc_runtime_Startup_sfxnRts__C 
*          0    000012c8    00000004     
                  000012c8    00000004     app_ble_pem3.oem3 (.const:xdc_runtime_Startup_sfxnRts__C)

.const:xdc_runtime_Startup_sfxnTab__C 
*          0    000012cc    00000004     
                  000012cc    00000004     app_ble_pem3.oem3 (.const:xdc_runtime_Startup_sfxnTab__C)

.const:xdc_runtime_Startup_startModsFxn__C 
*          0    000012d0    00000004     
                  000012d0    00000004     app_ble_pem3.oem3 (.const:xdc_runtime_Startup_startModsFxn__C)

.const:xdc_runtime_SysCallback_abortFxn__C 
*          0    000012d4    00000004     
                  000012d4    00000004     app_ble_pem3.oem3 (.const:xdc_runtime_SysCallback_abortFxn__C)

.const:xdc_runtime_SysCallback_exitFxn__C 
*          0    000012d8    00000004     
                  000012d8    00000004     app_ble_pem3.oem3 (.const:xdc_runtime_SysCallback_exitFxn__C)

.const:xdc_runtime_System_abortFxn__C 
*          0    000012dc    00000004     
                  000012dc    00000004     app_ble_pem3.oem3 (.const:xdc_runtime_System_abortFxn__C)

.const:xdc_runtime_System_exitFxn__C 
*          0    000012e0    00000004     
                  000012e0    00000004     app_ble_pem3.oem3 (.const:xdc_runtime_System_exitFxn__C)

.const:xdc_runtime_System_maxAtexitHandlers__C 
*          0    000012e4    00000004     
                  000012e4    00000004     app_ble_pem3.oem3 (.const:xdc_runtime_System_maxAtexitHandlers__C)

.const:xdc_runtime_Text_charTab__C 
*          0    000012e8    00000004     
                  000012e8    00000004     app_ble_pem3.oem3 (.const:xdc_runtime_Text_charTab__C)

.const:xdc_runtime_Text_nameEmpty__C 
*          0    000012ec    00000004     
                  000012ec    00000004     app_ble_pem3.oem3 (.const:xdc_runtime_Text_nameEmpty__C)

.const:xdc_runtime_Text_nameStatic__C 
*          0    000012f0    00000004     
                  000012f0    00000004     app_ble_pem3.oem3 (.const:xdc_runtime_Text_nameStatic__C)

.const:xdc_runtime_Text_nameUnknown__C 
*          0    000012f4    00000004     
                  000012f4    00000004     app_ble_pem3.oem3 (.const:xdc_runtime_Text_nameUnknown__C)

.const:xdc_runtime_Error_maxDepth__C 
*          0    000012f8    00000002     
                  000012f8    00000002     app_ble_pem3.oem3 (.const:xdc_runtime_Error_maxDepth__C)

.const:xdc_runtime_Memory_Module__id__C 
*          0    000012fa    00000002     
                  000012fa    00000002     app_ble_pem3.oem3 (.const:xdc_runtime_Memory_Module__id__C)

.const:xdc_runtime_Text_charCnt__C 
*          0    000012fc    00000002     
                  000012fc    00000002     app_ble_pem3.oem3 (.const:xdc_runtime_Text_charCnt__C)

.const:xdc_runtime_Text_isLoaded__C 
*          0    000012fe    00000002     
                  000012fe    00000002     app_ble_pem3.oem3 (.const:xdc_runtime_Text_isLoaded__C)

.const:xdc_runtime_Error_policy__C 
*          0    00001300    00000001     
                  00001300    00000001     app_ble_pem3.oem3 (.const:xdc_runtime_Error_policy__C)

.const:ti_sysbios_rom_ROM_ti_sysbios_family_arm_cc26xx_Timer_getCount64__E 
*          0    00001304    00000004     
                  00001304    00000004     app_ble_pem3.oem3 (.const:ti_sysbios_rom_ROM_ti_sysbios_family_arm_cc26xx_Timer_getCount64__E)

.const:ti_sysbios_rom_ROM_ti_sysbios_family_arm_cc26xx_Timer_getCurrentTick__E 
*          0    00001308    00000004     
                  00001308    00000004     app_ble_pem3.oem3 (.const:ti_sysbios_rom_ROM_ti_sysbios_family_arm_cc26xx_Timer_getCurrentTick__E)

.const:ti_sysbios_rom_ROM_ti_sysbios_family_arm_cc26xx_Timer_getMaxTicks__E 
*          0    0000130c    00000004     
                  0000130c    00000004     app_ble_pem3.oem3 (.const:ti_sysbios_rom_ROM_ti_sysbios_family_arm_cc26xx_Timer_getMaxTicks__E)

.const:ti_sysbios_rom_ROM_ti_sysbios_family_arm_cc26xx_Timer_initDevice__I 
*          0    00001310    00000004     
                  00001310    00000004     app_ble_pem3.oem3 (.const:ti_sysbios_rom_ROM_ti_sysbios_family_arm_cc26xx_Timer_initDevice__I)

.const:ti_sysbios_rom_ROM_ti_sysbios_family_arm_cc26xx_Timer_setNextTick__E 
*          0    00001314    00000004     
                  00001314    00000004     app_ble_pem3.oem3 (.const:ti_sysbios_rom_ROM_ti_sysbios_family_arm_cc26xx_Timer_setNextTick__E)

.const:ti_sysbios_rom_ROM_ti_sysbios_family_arm_cc26xx_Timer_setThreshold__I 
*          0    00001318    00000004     
                  00001318    00000004     app_ble_pem3.oem3 (.const:ti_sysbios_rom_ROM_ti_sysbios_family_arm_cc26xx_Timer_setThreshold__I)

.const:ti_sysbios_rom_ROM_ti_sysbios_family_arm_cc26xx_Timer_start__E 
*          0    0000131c    00000004     
                  0000131c    00000004     app_ble_pem3.oem3 (.const:ti_sysbios_rom_ROM_ti_sysbios_family_arm_cc26xx_Timer_start__E)

.const:ti_sysbios_rom_ROM_ti_sysbios_family_arm_cc26xx_TimestampProvider_get32__E 
*          0    00001320    00000004     
                  00001320    00000004     app_ble_pem3.oem3 (.const:ti_sysbios_rom_ROM_ti_sysbios_family_arm_cc26xx_TimestampProvider_get32__E)

.const:ti_sysbios_rom_ROM_xdc_runtime_Startup_getState__I 
*          0    00001324    00000004     
                  00001324    00000004     app_ble_pem3.oem3 (.const:ti_sysbios_rom_ROM_xdc_runtime_Startup_getState__I)

.const:ti_sysbios_rom_ROM_xdc_runtime_System_SupportProxy_abort__E 
*          0    00001328    00000004     
                  00001328    00000004     app_ble_pem3.oem3 (.const:ti_sysbios_rom_ROM_xdc_runtime_System_SupportProxy_abort__E)

.const:ti_sysbios_rom_ROM_xdc_runtime_System_SupportProxy_exit__E 
*          0    0000132c    00000004     
                  0000132c    00000004     app_ble_pem3.oem3 (.const:ti_sysbios_rom_ROM_xdc_runtime_System_SupportProxy_exit__E)

.text.2    0    00001330    00005ef0     
                  00001330    0000022c     drivers_cc26x0r2.aem3 : PowerCC26XX.oem3 (.text:Power_sleep)
                  0000155c    00000220     driverlib.lib : sys_ctrl.obj (.text:NOROM_SysCtrlSetRechargeBeforePowerDown)
                  0000177c    000001f4     rtsv7M3_T_le_eabi.lib : ull_div_t2.obj (.text)
                  00001970    000001d8     rf_singleMode_cc26x0r2.aem3 : RFCC26XX_singleMode.oem3 (.text:RF_fsmSetupState)
                  00001b48    000001a0                                 : RFCC26XX_singleMode.oem3 (.text:RF_open)
                  00001ce8    00000190     drivers_cc26x0r2.aem3 : PowerCC26XX_calibrateRCOSC.oem3 (.text:PowerCC26XX_doCalibrate)
                  00001e78    00000168     main.obj (.text:main)
                  00001fe0    0000015c     drivers_cc26x0r2.aem3 : UARTCC26XX.oem3 (.text:UARTCC26XX_open)
                  0000213c    00000148                           : UARTCC26XX.oem3 (.text:UARTCC26XX_hwiIntFxn)
                  00002284    00000140     main.obj (.text:AssertHandler)
                  000023c4    00000136     drivers_cc26x0r2.aem3 : UARTCC26XX.oem3 (.text:UARTCC26XX_read)
                  000024fa    00000002     display.aem3 : DisplayUart.oem3 (.text:DisplayUartAnsi_init)
                  000024fc    0000012c     drivers_cc26x0r2.aem3 : PowerCC26XX.oem3 (.text:Power_init)
                  00002628    00000128     micro_eddystone_beacon.obj (.text:MicroEddystoneBeacon_bcast_advPrepareCB$4)
                  00002750    00000114     ull.obj (.text:ull_advSchedule)
                  00002864    00000108     app_ble_pem3.oem3 (.text:xdc_runtime_System_printfExtend__I)
                  0000296c    000000fc     rtsv7M3_T_le_eabi.lib : fd_mul_t2.obj (.text)
                  00002a68    000000f8     ugap.obj (.text:ugap_bcastChangeState$11)
                  00002b60    000000f0     drivers_cc26x0r2.aem3 : PINCC26XX.oem3 (.text:PINCC26XX_setIoCfg)
                  00002c50    000000f0     rf_singleMode_cc26x0r2.aem3 : RFCC26XX_singleMode.oem3 (.text:RF_radioOpDoneCb)
                  00002d40    000000e8     dpl_cc26x0r2.aem3 : PowerCC26XX_tirtos.oem3 (.text:PowerCC26XX_standbyPolicy)
                  00002e28    000000e2     drivers_cc26x0r2.aem3 : UARTCC26XX.oem3 (.text:UARTCC26XX_write)
                  00002f0a    00000002     driverlib.lib : rfc.obj (.text:NOROM_RFCAdi3VcoLdoVoltageMode)
                  00002f0c    000000d0     rf_singleMode_cc26x0r2.aem3 : RFCC26XX_singleMode.oem3 (.text:RF_fsmPowerUpState)
                  00002fdc    000000d0                                 : RFCC26XX_singleMode.oem3 (.text:RF_postCmd)
                  000030ac    000000d0     ull.obj (.text:uble_processLLMsg)
                  0000317c    000000cc     rf_singleMode_cc26x0r2.aem3 : RFCC26XX_singleMode.oem3 (.text:RF_swiHw)
                  00003248    000000c8                                 : RFCC26XX_singleMode.oem3 (.text:RF_control)
                  00003310    000000c4     uble.obj (.text:uble_setParameter)
                  000033d4    000000bc     micro_eddystone_beacon.obj (.text:MicroEddystoneBeacon_updateAdvDataWithFrame$4)
                  00003490    000000bc     drivers_cc26x0r2.aem3 : PowerCC26XX.oem3 (.text:Power_releaseDependency)
                  0000354c    000000b8     micro_eddystone_beacon.obj (.text:MicroEddystoneBeacon_bcast_stateChangeCB$4)
                  00003604    000000b4     drivers_cc26x0r2.aem3 : PowerCC26XX.oem3 (.text:Power_setDependency)
                  000036b8    000000ac     display.aem3 : DisplayUart.oem3 (.text:DisplayUartAnsi_clearLines)
                  00003764    000000ac     driverlib.lib : setup.obj (.text:NOROM_SetupTrimDevice)
                  00003810    000000ac     rf_singleMode_cc26x0r2.aem3 : RFCC26XX_singleMode.oem3 (.text:RF_abortCmd)
                  000038bc    000000a8                                 : RFCC26XX_singleMode.oem3 (.text:RF_dispatchNextCmd)
                  00003964    000000a8     scif_framework.obj (.text:scifCtrlTasksNbl$1)
                  00003a0c    000000a7     display.aem3 : DisplayUart.oem3 (.text:DisplayUartAnsi_open)
                  00003ab3    00000001     --HOLE-- [fill = 0]
                  00003ab4    000000a6     rom_sysbios.aem3 : rom_sysbios.obj (.text:xdc_runtime_Text_putSite__E)
                  00003b5a    00000002     rf_singleMode_cc26x0r2.aem3 : RFCC26XX_singleMode.oem3 (.text:RF_defaultCallback)
                  00003b5c    000000a4                                 : RFCC26XX_singleMode.oem3 (.text:RF_ratRestartChannels)
                  00003c00    000000a4     drivers_cc26x0r2.aem3 : PowerCC26XX.oem3 (.text:switchXOSCHFclockFunc)
                  00003ca4    000000a0                           : PINCC26XX.oem3 (.text:PIN_open)
                  00003d44    000000a0     auto_init.aem3 : auto_init.oem3 (.text)
                  00003de4    0000009f     display.aem3 : DisplayUart.oem3 (.text:DisplayUartAnsi_vprintf)
                  00003e83    00000001     --HOLE-- [fill = 0]
                  00003e84    0000009c     rf_singleMode_cc26x0r2.aem3 : RFCC26XX_singleMode.oem3 (.text:RF_calculateDispatchTime)
                  00003f20    0000009c     rtsv7M3_T_le_eabi.lib : memcpy_t2.obj (.text)
                  00003fbc    00000098     drivers_cc26x0r2.aem3 : UARTCC26XX.oem3 (.text:UARTCC26XX_initHw)
                  00004054    00000098                           : UARTCC26XX.oem3 (.text:UARTCC26XX_initIO)
                  000040ec    00000098     rom_sysbios.aem3 : rom_sysbios.obj (.text:ti_sysbios_knl_Clock_workFuncDynamic__E)
                  00004184    00000098                      : rom_sysbios.obj (.text:xdc_runtime_Text_putMod__E)
                  0000421c    00000090     driverlib.lib : setup.obj (.text:TrimAfterColdResetWakeupFromShutDown)
                  000042ac    00000090     rom_sysbios.aem3 : rom_sysbios.obj (.text:ti_sysbios_family_arm_cc26xx_Timer_start__E)
                  0000433c    0000008e     drivers_cc26x0r2.aem3 : UARTCC26XX.oem3 (.text:UARTCC26XX_writeCancel)
                  000043ca    00000002                           : PowerCC26XX.oem3 (.text:emptyClockFunc)
                  000043cc    0000008c     icall.obj (.text:ICall_heapMalloc)
                  00004458    00000084     drivers_cc26x0r2.aem3 : UARTCC26XX.oem3 (.text:UARTCC26XX_close)
                  000044dc    00000080     rf_singleMode_cc26x0r2.aem3 : RFCC26XX_singleMode.oem3 (.text:RF_hwiCpe0Active)
                  0000455c    00000080     drivers_cc26x0r2.aem3 : UARTCC26XX.oem3 (.text:writeTxFifoFlush)
                  000045dc    0000007c     rf_singleMode_cc26x0r2.aem3 : RFCC26XX_singleMode.oem3 (.text:RF_ratFreeChannel)
                  00004658    0000007a     rtsv7M3_T_le_eabi.lib : memset_t2.obj (.text)
                  000046d2    00000002     hal_assert.obj (.text:halAssertSpinlock)
                  000046d4    00000070     icall.obj (.text:ICall_heapInit)
                  00004744    00000070     driverlib.lib : sys_ctrl.obj (.text:NOROM_SysCtrlAdjustRechargeAfterPowerDown)
                  000047b4    00000070     drivers_cc26x0r2.aem3 : PowerCC26XX.oem3 (.text:lfClockReadyCallback)
                  00004824    0000006d     rom_sysbios.aem3 : rom_sysbios.obj (.text:xdc_runtime_System_formatNum__I)
                  00004891    00000001     --HOLE-- [fill = 0]
                  00004892    00000002     rtsv7M3_T_le_eabi.lib : i_div0.obj (.text)
                  00004894    0000006c     driverlib.lib : osc.obj (.text:NOROM_OSCHF_AttemptToSwitchToXosc)
                  00004900    0000006c     drivers_cc26x0r2.aem3 : PowerCC26XX_calibrateRCOSC.oem3 (.text:PowerCC26XX_initiateCalibration)
                  0000496c    0000006c                           : PowerCC26XX.oem3 (.text:configureXOSCHF)
                  000049d8    00000068     driverlib.lib : sys_ctrl.obj (.text:NOROM_SysCtrl_DCDC_VoltageConditionalControl)
                  00004a40    00000068     rf_singleMode_cc26x0r2.aem3 : RFCC26XX_singleMode.oem3 (.text:RF_getCurrentTime)
                  00004aa8    00000068                                 : RFCC26XX_singleMode.oem3 (.text:RF_hwiHw)
                  00004b10    00000068     rtsv7M3_T_le_eabi.lib : copy_decompress_lzss.obj (.text:decompress:lzss)
                  00004b78    00000068     ull.obj (.text:ull_advDoneCb)
                  00004be0    00000064     driverlib.lib : rfc.obj (.text:NOROM_RFCOverrideUpdate)
                  00004c44    00000060     drivers_cc26x0r2.aem3 : PowerCC26XX.oem3 (.text:PowerCC26XX_calibrate)
                  00004ca4    00000060     rf_singleMode_cc26x0r2.aem3 : RFCC26XX_singleMode.oem3 (.text:RF_dispatchNextEvent)
                  00004d04    00000060     uble.obj (.text:uble_buildAndPostEvt)
                  00004d64    0000005f     rom_sysbios.aem3 : rom_sysbios.obj (.text:xdc_runtime_Text_putLab__E)
                  00004dc3    00000001     --HOLE-- [fill = 0]
                  00004dc4    0000005e     drivers_cc26x0r2.aem3 : UARTCC26XX.oem3 (.text:UARTCC26XX_swiIntFxn)
                  00004e22    00000002     app_ble_pem3.oem3 (.text:ti_sysbios_BIOS_nullFunc__I)
                  00004e24    0000005c     display.aem3 : Display.oem3 (.text:Display_doOpen)
                  00004e80    0000005c     drivers_cc26x0r2.aem3 : PowerCC26XX_calibrateRCOSC.oem3 (.text:PowerCC26XX_RCOSC_clockFunc)
                  00004edc    0000005c     rf_singleMode_cc26x0r2.aem3 : RFCC26XX_singleMode.oem3 (.text:RF_cmdDispatchTime)
                  00004f38    0000005c                                 : RFCC26XX_singleMode.oem3 (.text:RF_hwiCpe0PowerFsm)
                  00004f94    0000005c     app_ble_pem3.oem3 (.text:xdc_runtime_Startup_getState__I)
                  00004ff0    00000058     micro_eddystone_beacon.obj (.text:MicroEddystoneBeacon_bcast_advDoneCB$4)
                  00005048    00000058     drivers_cc26x0r2.aem3 : PINCC26XX.oem3 (.text:PIN_remove)
                  000050a0    00000058     rf_singleMode_cc26x0r2.aem3 : RFCC26XX_singleMode.oem3 (.text:RF_fsmXOSCState)
                  000050f8    00000058                                 : RFCC26XX_singleMode.oem3 (.text:RF_getInfo)
                  00005150    00000058     drivers_cc26x0r2.aem3 : UARTCC26XX.oem3 (.text:UARTCC26XX_control)
                  000051a8    00000054     micro_eddystone_beacon.obj (.text:MicroEddystoneBeacon_startBroadcast$4)
                  000051fc    00000054     rf_singleMode_cc26x0r2.aem3 : RFCC26XX_singleMode.oem3 (.text:RF_discardPendCmd)
                  00005250    00000054     main.obj (.text:processTaskAlert)
                  000052a4    00000050     dpl_cc26x0r2.aem3 : ClockP_tirtos.oem3 (.text:ClockP_construct)
                  000052f4    00000050     drivers_cc26x0r2.aem3 : UARTCC26XX.oem3 (.text:startTxFifoEmptyClk)
                  00005344    00000050     uble.obj (.text:uble_getPublicAddr)
                  00005394    0000004c     rf_singleMode_cc26x0r2.aem3 : RFCC26XX_singleMode.oem3 (.text:RF_wakeupNotification)
                  000053e0    0000004c     icall.obj (.text:osalHeapGetStatsFxn)
                  0000542c    0000004c     rtsv7M3_T_le_eabi.lib : cpy_tbl.obj (.text)
                  00005478    0000004a     drivers_cc26x0r2.aem3 : UARTCC26XX.oem3 (.text:UARTCC26XX_readCancel)
                  000054c2    00000002     app_ble_pem3.oem3 (.text:ti_sysbios_rom_cortexm_cc26xx_r2_CC26xx_badRomRevision__E)
                  000054c4    00000048     micro_eddystone_beacon.obj (.text:MicroEddystoneBeacon_enqueueMsg$4)
                  0000550c    00000048     drivers_cc26x0r2.aem3 : PINCC26XX.oem3 (.text:PIN_setOutputEnable)
                  00005554    00000048     util.obj (.text:Util_constructClock)
                  0000559c    00000048     rom_sysbios.aem3 : rom_sysbios.obj (.text:ti_sysbios_family_arm_cc26xx_Timer_setThreshold__I)
                  000055e4    00000048     drivers_cc26x0r2.aem3 : UARTCC26XX.oem3 (.text:writeFinishedDoCallback)
                  0000562c    00000044     driverlib.lib : osc.obj (.text:NOROM_OSCHF_SwitchToRcOscTurnOffXosc)
                  00005670    00000044     drivers_cc26x0r2.aem3 : RingBuf.oem3 (.text:RingBuf_put)
                  000056b4    00000044     boot.aem3 : boot.oem3 (.text)
                  000056f8    00000044     rtsv7M3_T_le_eabi.lib : fd_tou_t2.obj (.text)
                  0000573c    00000044     scif_framework.obj (.text:scifInitIo)
                  00005780    00000044     ull.obj (.text:ull_advStop)
                  000057c4    00000044     rom_sysbios.aem3 : rom_sysbios.obj (.text:xdc_runtime_Text_xprintf__I)
                  00005808    00000040     drivers_cc26x0r2.aem3 : PINCC26XX.oem3 (.text:PIN_swi)
                  00005848    00000040                           : PowerCC26XX.oem3 (.text:PowerCC26XX_isStableXOSC_HF)
                  00005888    00000040                           : UART.oem3 (.text:UART_init)
                  000058c8    00000040                           : UART.oem3 (.text:UART_open)
                  00005908    00000040     rtsv7M3_T_le_eabi.lib : u_divt2.obj (.text)
                  00005948    00000040     rom_sysbios.aem3 : rom_sysbios.obj (.text:ti_sysbios_heaps_HeapCallback_Module_startup__E)
                  00005988    00000040     ugap.obj (.text:ugb_advPostprocessCB)
                  000059c8    0000003e     dpl_cc26x0r2.aem3 : HwiP_tirtos.oem3 (.text:HwiP_construct)
                  00005a06    0000003e     drivers_cc26x0r2.aem3 : RingBuf.oem3 (.text:RingBuf_get)
                  00005a44    0000003e     port.obj (.text:port_timerCreate)
                  00005a82    00000002     rom_sysbios.aem3 : rom_sysbios.obj (.text:xdc_runtime_SysCallback_defaultAbort)
                  00005a84    0000003c     micro_eddystone_beacon.obj (.text:MicroEddystoneBeacon_createTask)
                  00005ac0    0000003c     driverlib.lib : osc.obj (.text:NOROM_OSC_HPOSCRelativeFrequencyOffsetGet)
                  00005afc    0000003c                   : rfc.obj (.text:NOROM_RFCSynthPowerDown)
                  00005b38    0000003c     rf_singleMode_cc26x0r2.aem3 : RFCC26XX_singleMode.oem3 (.text:RF_cmdStoreEvents)
                  00005b74    0000003c     dpl_cc26x0r2.aem3 : SwiP_tirtos.oem3 (.text:SwiP_construct)
                  00005bb0    0000003c     drivers_cc26x0r2.aem3 : PowerCC26XX.oem3 (.text:disableLfClkQualifiersEnableClkLoss)
                  00005bec    0000003c     rom_sysbios.aem3 : rom_sysbios.obj (.text:ti_sysbios_family_arm_m3_Hwi_construct2__E)
                  00005c28    0000003c     ugap.obj (.text:uble_processGAPMsg)
                  00005c64    00000038     board_key.obj (.text:Board_keyCallback$3)
                  00005c9c    00000038     drivers_cc26x0r2.aem3 : PINCC26XX.oem3 (.text:PIN_setConfig)
                  00005cd4    00000038                           : PINCC26XX.oem3 (.text:PIN_setOutputValue)
                  00005d0c    00000038     rf_singleMode_cc26x0r2.aem3 : RFCC26XX_singleMode.oem3 (.text:RF_checkCmdFsError)
                  00005d44    00000038     scif_framework.obj (.text:scifOsalInit)
                  00005d7c    00000038     rom_sysbios.aem3 : rom_sysbios.obj (.text:ti_sysbios_family_arm_cc26xx_Timer_getCurrentTick__E)
                  00005db4    00000036                      : rom_sysbios.obj (.text:ti_sysbios_family_arm_cc26xx_Timer_setNextTick__E)
                  00005dea    00000002                      : rom_sysbios.obj (.text:xdc_runtime_SysCallback_defaultExit)
                  00005dec    00000034     icall.obj (.text:ICall_heapFree)
                  00005e20    00000034     icall.obj (.text:ICall_searchServiceEntity)
                  00005e54    00000034     drivers_cc26x0r2.aem3 : PowerCC26XX.oem3 (.text:Power_releaseConstraint)
                  00005e88    00000034     rf_singleMode_cc26x0r2.aem3 : RFCC26XX_singleMode.oem3 (.text:RF_cmdGet)
                  00005ebc    00000034                                 : RFCC26XX_singleMode.oem3 (.text:RF_powerConstraintRelease)
                  00005ef0    00000034                                 : RFCC26XX_singleMode.oem3 (.text:RF_runDirectImmediateCmd)
                  00005f24    00000034     drivers_cc26x0r2.aem3 : PowerCC26XX.oem3 (.text:notify)
                  00005f58    00000034     scif_framework.obj (.text:osalRegisterCtrlReadyInt$1)
                  00005f8c    00000034     scif_framework.obj (.text:osalRegisterTaskAlertInt$1)
                  00005fc0    00000034     scif.obj (.text:scifTaskResourceInit$0)
                  00005ff4    00000034     rom_sysbios.aem3 : rom_sysbios.obj (.text:ti_sysbios_family_arm_cc26xx_Timer_initDevice__I)
                  00006028    00000034                      : rom_sysbios.obj (.text:ti_sysbios_knl_Swi_setPri__E)
                  0000605c    00000034     urfi.obj (.text:urfi_clientEventCb)
                  00006090    00000030     icall.obj (.text:ICall_dispatch$7)
                  000060c0    00000030     drivers_cc26x0r2.aem3 : PINCC26XX.oem3 (.text:PINCC26XX_setMux)
                  000060f0    00000030                           : PowerCC26XX.oem3 (.text:Power_setConstraint)
                  00006120    00000030     rtsv7M3_T_le_eabi.lib : rand.obj (.text)
                  00006150    00000030     app_ble_pem3.oem3 (.text:ti_sysbios_BIOS_atExitFunc__I)
                  00006180    00000030     app_ble_pem3.oem3 (.text:ti_sysbios_BIOS_startFunc__I)
                  000061b0    00000030     app_ble_pem3.oem3 (.text:ti_sysbios_heaps_HeapCallback_Object__create__S)
                  000061e0    0000002e     drivers_cc26x0r2.aem3 : UARTCC26XX.oem3 (.text:readData)
                  0000620e    0000002e     rtsv7M3_T_le_eabi.lib : i_tofd_t2.obj (.text)
                  0000623c    0000002e     app_ble_pem3.oem3 (.text:ti_sysbios_rts_gnu_MemAlloc_alloc)
                  0000626a    0000002e     drivers_cc26x0r2.aem3 : UARTCC26XX.oem3 (.text:writeData)
                  00006298    0000002c     driverlib.lib : chipinfo.obj (.text:NOROM_ChipInfo_GetChipFamily)
                  000062c4    0000002c     rf_singleMode_cc26x0r2.aem3 : RFCC26XX_singleMode.oem3 (.text:RF_calculateDeltaTimeUs)
                  000062f0    0000002c                                 : RFCC26XX_singleMode.oem3 (.text:RF_executeDirectImmediateCmd)
                  0000631c    0000002c     dpl_cc26x0r2.aem3 : SemaphoreP_tirtos.oem3 (.text:SemaphoreP_constructBinary)
                  00006348    0000002c                       : SemaphoreP_tirtos.oem3 (.text:SemaphoreP_createBinary)
                  00006374    0000002c     rom_sysbios.aem3 : rom_sysbios.obj (.text:ti_sysbios_knl_Clock_getTicksUntilInterrupt__E)
                  000063a0    0000002b                      : rom_sysbios.obj (.text:xdc_runtime_Text_printVisFxn__I)
                  000063cb    00000001     --HOLE-- [fill = 0]
                  000063cc    0000002a     display.aem3 : DisplayUart.oem3 (.text:DisplayUartAnsi_clear)
                  000063f6    0000002a                  : Display.oem3 (.text:Display_doPrintf)
                  00006420    0000002a     rom_sysbios.aem3 : rom_sysbios.obj (.text:ti_sysbios_knl_Clock_getTimeout__E)
                  0000644a    0000002a                      : rom_sysbios.obj (.text:xdc_runtime_System_putchar__I)
                  00006474    00000028     driverlib.lib : chipinfo.obj (.text:NOROM_ChipInfo_GetChipType)
                  0000649c    00000028                   : rfc.obj (.text:NOROM_RFCDoorbellSendTo)
                  000064c4    00000028                   : rfc.obj (.text:NOROM_RFCOverrideSearch)
                  000064ec    00000028     drivers_cc26x0r2.aem3 : PowerCC26XX.oem3 (.text:Power_registerNotify)
                  00006514    00000028     driverlib.lib : adi.obj (.text:SafeHapiVoid)
                  0000653c    00000028     scif_framework.obj (.text:osalCtrlReadyIsr$1)
                  00006564    00000028     drivers_cc26x0r2.aem3 : UARTCC26XX.oem3 (.text:readData2RingBuf)
                  0000658c    00000028     rtsv7M3_T_le_eabi.lib : strncmp.obj (.text)
                  000065b4    00000028     ugap.obj (.text:ugb_advPrepareCB)
                  000065dc    00000024     drivers_cc26x0r2.aem3 : List.oem3 (.text:List_remove)
                  00006600    00000024     driverlib.lib : osc.obj (.text:NOROM_OSCHF_TurnOnXosc)
                  00006624    00000024     rf_singleMode_cc26x0r2.aem3 : RFCC26XX_singleMode.oem3 (.text:RF_invokeGlobalCallback)
                  00006648    00000024     app_ble_pem3.oem3 (.text:ti_sysbios_BIOS_registerRTSLock__I)
                  0000666c    00000024     app_ble_pem3.oem3 (.text:ti_sysbios_BIOS_removeRTSLock__I)
                  00006690    00000024     rom_sysbios.aem3 : rom_sysbios.obj (.text:ti_sysbios_family_arm_cc26xx_Timer_getMaxTicks__E)
                  000066b4    00000022     drivers_cc26x0r2.aem3 : List.oem3 (.text:List_get)
                  000066d6    00000022                           : List.oem3 (.text:List_put)
                  000066f8    00000022     driverlib.lib : uart.obj (.text:NOROM_UARTConfigSetExpClk)
                  0000671a    00000002     rom_sysbios.aem3 : rom_sysbios.obj (.text:xdc_runtime_SysCallback_defaultPutch)
                  0000671c    00000020     driverlib.lib : rfc.obj (.text:NOROM_RFCRfTrimRead)
                  0000673c    00000020                   : uart.obj (.text:NOROM_UARTDisable)
                  0000675c    00000020     drivers_cc26x0r2.aem3 : PINCC26XX.oem3 (.text:PINCC26XX_setIoCfgMux)
                  0000677c    00000020                           : PowerCC26XX.oem3 (.text:Power_unregisterNotify)
                  0000679c    00000020     rf_singleMode_cc26x0r2.aem3 : RFCC26XX_singleMode.oem3 (.text:RF_clkPowerUp)
                  000067bc    00000020                                 : RFCC26XX_singleMode.oem3 (.text:RF_ratIsRunning)
                  000067dc    00000020     drivers_cc26x0r2.aem3 : UARTCC26XX.oem3 (.text:threadSafeStdbyDisRelease)
                  000067fc    00000020                           : UARTCC26XX.oem3 (.text:threadSafeStdbyDisSet)
                  0000681c    00000020     app_ble_pem3.oem3 (.text:ti_sysbios_BIOS_rtsLock__I)
                  0000683c    00000020     rom_sysbios.aem3 : rom_sysbios.obj (.text:ti_sysbios_family_arm_cc26xx_Timer_dynamicStub__E)
                  0000685c    00000020     ugap.obj (.text:ugap_clockHandler)
                  0000687c    00000020     urfi.obj (.text:urfi_getTxPowerVal)
                  0000689c    00000020     rom_sysbios.aem3 : rom_sysbios.obj (.text:xdc_runtime_Registry_findById__E)
                  000068bc    0000001e     drivers_cc26x0r2.aem3 : PINCC26XX.oem3 (.text:PIN_close)
                  000068da    0000001e                           : PowerCC26XX.oem3 (.text:Power_getTransitionLatency)
                  000068f8    0000001c                           : PINCC26XX.oem3 (.text:PIN_hwi)
                  00006914    0000001c     rf_singleMode_cc26x0r2.aem3 : RFCC26XX_singleMode.oem3 (.text:RF_clkInactivityCallback)
                  00006930    0000001c                                 : RFCC26XX_singleMode.oem3 (.text:RF_powerConstraintSet)
                  0000694c    0000001c     rom_sysbios.aem3 : rom_sysbios.obj (.text:ti_sysbios_family_arm_m3_Hwi_clearInterrupt__E)
                  00006968    0000001c                      : rom_sysbios.obj (.text:ti_sysbios_knl_Swi_construct2__E)
                  00006984    0000001a     icall.obj (.text:ICall_enterCSImpl)
                  0000699e    0000001a     dpl_cc26x0r2.aem3 : SystemP_tirtos.oem3 (.text:SystemP_snprintf)
                  000069b8    00000018     driverlib.lib : chipinfo.obj (.text:NOROM_ChipInfo_GetPackageType)
                  000069d0    00000018                   : rfc.obj (.text:NOROM_RFCCpeIntGetAndClear)
                  000069e8    00000018     dpl_cc26x0r2.aem3 : PowerCC26XX_tirtos.oem3 (.text:PowerCC26XX_schedulerDisable)
                  00006a00    00000018                       : PowerCC26XX_tirtos.oem3 (.text:PowerCC26XX_schedulerRestore)
                  00006a18    00000018     drivers_cc26x0r2.aem3 : PowerCC26XX.oem3 (.text:Power_idleFunc)
                  00006a30    00000018     rf_singleMode_cc26x0r2.aem3 : RFCC26XX_singleMode.oem3 (.text:RF_swiFsm)
                  00006a48    00000018     drivers_cc26x0r2.aem3 : UART.oem3 (.text:UART_Params_init)
                  00006a60    00000018     app_ble_pem3.oem3 (.text:free)
                  00006a78    00000018     scif_framework.obj (.text:osalTaskAlertIsr$1)
                  00006a90    00000018     rtsv7M3_T_le_eabi.lib : args_main.obj (.text)
                  00006aa8    00000018                           : ll_mul_t2.obj (.text)
                  00006ac0    00000018     scif_framework.obj (.text:scifReinitIo)
                  00006ad8    00000018     scif_framework.obj (.text:scifUninitIo)
                  00006af0    00000018     app_ble_pem3.oem3 (.text:ti_sysbios_BIOS_rtsUnlock__I)
                  00006b08    00000018     rom_sysbios.aem3 : rom_sysbios.obj (.text:ti_sysbios_heaps_HeapCallback_Instance_init__E)
                  00006b20    00000018                      : rom_sysbios.obj (.text:ti_sysbios_knl_Swi_or__E)
                  00006b38    00000018     app_ble_pem3.oem3 (.text:ti_sysbios_rom_cortexm_cc26xx_r2_CC26xx_checkRevision__E)
                  00006b50    00000018     rom_sysbios.aem3 : rom_sysbios.obj (.text:xdc_runtime_Error_init__E)
                  00006b68    00000016     display.aem3 : DisplayUart.oem3 (.text:DisplayUartAnsi_close)
                  00006b7e    00000016     icall.obj (.text:ICall_leaveCSImpl)
                  00006b94    00000016     rf_singleMode_cc26x0r2.aem3 : RFCC26XX_singleMode.oem3 (.text:RF_restartClockTimeout)
                  00006baa    00000016     app_ble_pem3.oem3 (.text:ti_sysbios_BIOS_errorRaiseHook__I)
                  00006bc0    00000016     app_ble_pem3.oem3 (.text:ti_sysbios_BIOS_exitFunc__I)
                  00006bd6    00000002     --HOLE-- [fill = 0]
                  00006bd8    00000014     board_key.obj (.text:Board_keyChangeHandler$3)
                  00006bec    00000014     drivers_cc26x0r2.aem3 : List.oem3 (.text:List_clearList)
                  00006c00    00000014                           : PINCC26XX.oem3 (.text:PINCC26XX_getInputValue)
                  00006c14    00000014     rf_singleMode_cc26x0r2.aem3 : RFCC26XX_singleMode.oem3 (.text:RF_Params_init)
                  00006c28    00000014                                 : RFCC26XX_singleMode.oem3 (.text:RF_dbellSyncOnAck)
                  00006c3c    00000014                                 : RFCC26XX_singleMode.oem3 (.text:RF_ratGetChannel)
                  00006c50    00000014     drivers_cc26x0r2.aem3 : PowerCC26XX.oem3 (.text:configureRFCoreClocks)
                  00006c64    00000014     port.obj (.text:port_timerStop)
                  00006c78    00000014     rtsv7M3_T_le_eabi.lib : _lock.obj (.text)
                  00006c8c    00000014                           : strlen.obj (.text)
                  00006ca0    00000014     rom_sysbios.aem3 : rom_sysbios.obj (.text:ti_sysbios_family_arm_cc26xx_Timer_getCount64__E)
                  00006cb4    00000014     app_ble_pem3.oem3 (.text:ti_sysbios_heaps_HeapCallback_Object__get__S)
                  00006cc8    00000014     app_ble_pem3.oem3 (.text:ti_sysbios_knl_Clock_doTick__I)
                  00006cdc    00000014     ull.obj (.text:ull_clockHandler)
                  00006cf0    00000012     drivers_cc26x0r2.aem3 : RingBuf.oem3 (.text:RingBuf_construct)
                  00006d02    00000012     dpl_cc26x0r2.aem3 : SemaphoreP_tirtos.oem3 (.text:SemaphoreP_pend)
                  00006d14    00000012     port.obj (.text:port_timerStart)
                  00006d26    00000012     app_ble_pem3.oem3 (.text:xdc_runtime_Startup_exec__I)
                  00006d38    00000010     dpl_cc26x0r2.aem3 : ClockP_tirtos.oem3 (.text:ClockP_isActive)
                  00006d48    00000010                       : HwiP_tirtos.oem3 (.text:HwiP_Params_init)
                  00006d58    00000010     driverlib.lib : rfc.obj (.text:NOROM_RFCHwIntGetAndClear)
                  00006d68    00000010                   : rfc.obj (.text:NOROM_RFCRfTrimSet)
                  00006d78    00000010     drivers_cc26x0r2.aem3 : PINCC26XX.oem3 (.text:PINCC26XX_getPinCount)
                  00006d88    00000010     rf_singleMode_cc26x0r2.aem3 : RFCC26XX_singleMode.oem3 (.text:RF_dbellSubmitCmdAsync)
                  00006d98    00000010     dpl_cc26x0r2.aem3 : SwiP_tirtos.oem3 (.text:SwiP_Params_init)
                  00006da8    00000010     scif.obj (.text:scifTaskResourceUninit$0)
                  00006db8    00000010     rom_sysbios.aem3 : rom_sysbios.obj (.text:ti_sysbios_family_arm_m3_Hwi_post__E)
                  00006dc8    00000010                      : rom_sysbios.obj (.text:ti_sysbios_heaps_HeapCallback_alloc__E)
                  00006dd8    00000010                      : rom_sysbios.obj (.text:ti_sysbios_heaps_HeapCallback_free__E)
                  00006de8    00000010                      : rom_sysbios.obj (.text:ti_sysbios_heaps_HeapCallback_getStats__E)
                  00006df8    00000010                      : rom_sysbios.obj (.text:ti_sysbios_heaps_HeapCallback_isBlocking__E)
                  00006e08    00000010     drivers_cc26x0r2.aem3 : UARTCC26XX.oem3 (.text:uartPostNotify)
                  00006e18    00000010     rom_sysbios.aem3 : rom_sysbios.obj (.text:xdc_runtime_SysCallback_putch__E)
                  00006e28    00000010                      : rom_sysbios.obj (.text:xdc_runtime_SysCallback_ready__E)
                  00006e38    00000010                      : rom_sysbios.obj (.text:xdc_runtime_System_vsnprintf__E)
                  00006e48    0000000e     driverlib.lib : chipinfo.obj (.text:NOROM_ThisLibraryIsFor_CC26x0R2_HaltIfViolated)
                  00006e56    0000000e                   : uart.obj (.text:NOROM_UARTCharGetNonBlocking)
                  00006e64    0000000e                   : uart.obj (.text:NOROM_UARTCharPutNonBlocking)
                  00006e72    0000000e     rf_singleMode_cc26x0r2.aem3 : RFCC26XX_singleMode.oem3 (.text:RF_cancelCmd)
                  00006e80    0000000e     rtsv7M3_T_le_eabi.lib : copy_decompress_none.obj (.text:decompress:none)
                  00006e8e    0000000e     rom_sysbios.aem3 : rom_sysbios.obj (.text:ti_sysbios_family_arm_cc26xx_TimestampProvider_get32__E)
                  00006e9c    0000000c     driverlib.lib : cpu.obj (.text:NOROM_CPUcpsid)
                  00006ea8    0000000c                   : cpu.obj (.text:NOROM_CPUcpsie)
                  00006eb4    0000000c                   : osc.obj (.text:NOROM_OSC_HPOSCRelativeFrequencyOffsetToRFCoreFormatConvert)
                  00006ec0    0000000c     drivers_cc26x0r2.aem3 : PINCC26XX.oem3 (.text:PIN_registerIntCb)
                  00006ecc    0000000c                           : PowerCC26XX.oem3 (.text:Power_getConstraintMask)
                  00006ed8    0000000c                           : PowerCC26XX.oem3 (.text:Power_getDependencyCount)
                  00006ee4    0000000c     rf_singleMode_cc26x0r2.aem3 : RFCC26XX_singleMode.oem3 (.text:RF_powerConstraintGet)
                  00006ef0    0000000c     dpl_cc26x0r2.aem3 : SemaphoreP_tirtos.oem3 (.text:SemaphoreP_delete)
                  00006efc    0000000c     rtsv7M3_T_le_eabi.lib : copy_zero_init.obj (.text:decompress:ZI)
                  00006f08    0000000c     icall.obj (.text:osalHeapInitFxn)
                  00006f14    0000000c     scif_framework.obj (.text:osalUnlockCtrlTaskNbl$1)
                  00006f20    0000000c     rom_sysbios.aem3 : rom_sysbios.obj (.text:ti_sysbios_knl_Swi_getTrigger__E)
                  00006f2c    0000000c     app_ble_pem3.oem3 (.text:xdc_runtime_Startup_reset__I)
                  00006f38    0000000a     dpl_cc26x0r2.aem3 : ClockP_tirtos.oem3 (.text:ClockP_Params_init)
                  00006f42    0000000a     drivers_cc26x0r2.aem3 : UART.oem3 (.text:UART_close)
                  00006f4c    0000000a                           : UART.oem3 (.text:UART_control)
                  00006f56    0000000a                           : UART.oem3 (.text:UART_write)
                  00006f60    00000008     micro_eddystone_beacon.obj (.text:MicroEddystoneBeacon_keyChangeHandler$4)
                  00006f68    00000008     drivers_cc26x0r2.aem3 : UARTCC26XX.oem3 (.text:UARTCC26XX_init)
                  00006f70    00000008                           : UARTCC26XX.oem3 (.text:readSemCallback)
                  00006f78    00000008     micro_eddystone_beacon.obj (.text:uBLEStack_eventProxy$4)
                  00006f80    00000008     drivers_cc26x0r2.aem3 : UARTCC26XX.oem3 (.text:writeSemCallback)
                  00006f88    00000008     app_ble_pem3.oem3 (.text:xdc_runtime_Text_visitRope__I)
                  00006f90    00000006     display.aem3 : DisplayUart.oem3 (.text:DisplayUartAnsi_control)
                  00006f96    00000006                  : DisplayUart.oem3 (.text:DisplayUartAnsi_getType)
                  00006f9c    00000006     rf_singleMode_cc26x0r2.aem3 : RFCC26XX_singleMode.oem3 (.text:RF_runImmediateCmd)
                  00006fa2    00000006     drivers_cc26x0r2.aem3 : UARTCC26XX.oem3 (.text:UARTCC26XX_readPolling)
                  00006fa8    00000006                           : UARTCC26XX.oem3 (.text:UARTCC26XX_writePolling)
                  00006fae    00000006     scif_framework.obj (.text:osalClearCtrlReadyInt$1)
                  00006fb4    00000006     scif_framework.obj (.text:osalClearTaskAlertInt$1)
                  00006fba    00000006     scif_framework.obj (.text:osalDisableCtrlReadyInt$1)
                  00006fc0    00000006     scif_framework.obj (.text:osalEnableCtrlReadyInt$1)
                  00006fc6    00000006     icall.obj (.text:osalHeapAllocFxn)
                  00006fcc    00000006     icall.obj (.text:osalHeapFreeFxn)
                  00006fd2    00000006     scif_framework.obj (.text:scifOsalDisableTaskAlertInt)
                  00006fd8    00000006     scif_framework.obj (.text:scifOsalEnableTaskAlertInt)
                  00006fde    00000006     rom_sysbios.aem3 : rom_sysbios.obj (.text:ti_sysbios_family_arm_m3_Hwi_setFunc__E)
                  00006fe4    00000004     dpl_cc26x0r2.aem3 : PowerCC26XX_tirtos.oem3 (.text:CPUwfi)
                  00006fe8    00000004                       : ClockP_tirtos.oem3 (.text:ClockP_destruct)
                  00006fec    00000004                       : ClockP_tirtos.oem3 (.text:ClockP_getCpuFreq)
                  00006ff0    00000004                       : ClockP_tirtos.oem3 (.text:ClockP_getTimeout)
                  00006ff4    00000004                       : ClockP_tirtos.oem3 (.text:ClockP_setTimeout)
                  00006ff8    00000004                       : ClockP_tirtos.oem3 (.text:ClockP_start)
                  00006ffc    00000004                       : ClockP_tirtos.oem3 (.text:ClockP_stop)
                  00007000    00000004                       : HwiP_tirtos.oem3 (.text:HwiP_destruct)
                  00007004    00000004                       : HwiP_tirtos.oem3 (.text:HwiP_disable)
                  00007008    00000004                       : HwiP_tirtos.oem3 (.text:HwiP_enableInterrupt)
                  0000700c    00000004                       : HwiP_tirtos.oem3 (.text:HwiP_post)
                  00007010    00000004                       : HwiP_tirtos.oem3 (.text:HwiP_setFunc)
                  00007014    00000004                       : HwiP_tirtos.oem3 (.text:HwiP_setPriority)
                  00007018    00000004     drivers_cc26x0r2.aem3 : PowerCC26XX.oem3 (.text:PowerCC26XX_switchXOSC_HF)
                  0000701c    00000004     dpl_cc26x0r2.aem3 : SemaphoreP_tirtos.oem3 (.text:SemaphoreP_destruct)
                  00007020    00000004                       : SemaphoreP_tirtos.oem3 (.text:SemaphoreP_post)
                  00007024    00000004                       : SwiP_tirtos.oem3 (.text:SwiP_destruct)
                  00007028    00000004                       : SwiP_tirtos.oem3 (.text:SwiP_disable)
                  0000702c    00000004                       : SwiP_tirtos.oem3 (.text:SwiP_getTrigger)
                  00007030    00000004                       : SwiP_tirtos.oem3 (.text:SwiP_or)
                  00007034    00000004                       : SwiP_tirtos.oem3 (.text:SwiP_setPriority)
                  00007038    00000004                       : SystemP_tirtos.oem3 (.text:SystemP_vsnprintf)
                  0000703c    00000004     drivers_cc26x0r2.aem3 : PowerCC26XX.oem3 (.text:nopResourceHandler)
                  00007040    00000004     icall.obj (.text:osalHeapIsBlockingFxn)
                  00007044    00000004     port.obj (.text:port_enterCS_HW)
                  00007048    00000004     port.obj (.text:port_enterCS_SW)
                  0000704c    00000004     port.obj (.text:port_exitCS_HW)
                  00007050    00000004     port.obj (.text:port_exitCS_SW)
                  00007054    00000004     scif_framework.obj (.text:scifOsalEnterCriticalSection)
                  00007058    00000004     scif_framework.obj (.text:scifOsalLeaveCriticalSection)
                  0000705c    00000004     rom_sysbios.aem3 : rom_sysbios.obj (.text:ti_sysbios_heaps_HeapCallback_defaultCreate)
                  00007060    00000004                      : rom_sysbios.obj (.text:ti_sysbios_knl_Clock_isActive__E)
                  00007064    00000004                      : rom_sysbios.obj (.text:xdc_runtime_SysCallback_defaultReady)
                  00007068    00000008     (.tramp.ti_sysbios_knl_Swi_destruct.1)
                  00007070    00000008     (.tramp.ti_sysbios_knl_Semaphore_destruct.1)
                  00007078    00000008     (.tramp.ti_sysbios_family_arm_m3_Hwi_setPriority__E.1)
                  00007080    00000008     (.tramp.ti_sysbios_family_arm_m3_Hwi_destruct.1)
                  00007088    00000008     (.tramp.ti_sysbios_BIOS_getCpuFreq__E.1)
                  00007090    00000008     (.tramp.ti_sysbios_knl_Clock_destruct.1)
                  00007098    00000008     (.tramp.ti_sysbios_family_arm_m3_Hwi_enableInterrupt__E.1)
                  000070a0    00000008     (.tramp.ti_sysbios_family_arm_m3_Hwi_disableInterrupt__E.1)
                  000070a8    00000008     (.tramp.ti_sysbios_knl_Semaphore_delete.1)
                  000070b0    00000008     (.tramp.xdc_runtime_Startup_startMods__I.1)
                  000070b8    00000008     (.tramp.ti_sysbios_knl_Semaphore_pend__E.1)
                  000070c0    00000008     (.tramp.ti_sysbios_knl_Clock_logTick__E.1)
                  000070c8    00000008     (.tramp.ti_sysbios_knl_Swi_post__E.1)
                  000070d0    00000008     (.tramp.ti_sysbios_BIOS_RtsGateProxy_leave__E.1)
                  000070d8    00000008     (.tramp.xdc_runtime_Memory_free__E.1)
                  000070e0    00000008     (.tramp.ti_sysbios_knl_Task_restore__E.1)
                  000070e8    00000008     (.tramp.ti_sysbios_knl_Swi_construct.1)
                  000070f0    00000008     (.tramp.ti_sysbios_BIOS_RtsGateProxy_enter__E.1)
                  000070f8    00000008     (.tramp.ti_sysbios_knl_Semaphore_post__E.1)
                  00007100    00000008     (.tramp.ti_sysbios_knl_Semaphore_create.1)
                  00007108    00000008     (.tramp.xdc_runtime_Memory_alloc__E.1)
                  00007110    00000008     (.tramp.xdc_runtime_Core_createObject__I.1)
                  00007118    00000008     (.tramp.ti_sysbios_knl_Task_startup__E.1)
                  00007120    00000008     (.tramp.ti_sysbios_knl_Swi_startup__E.1)
                  00007128    00000008     (.tramp.ti_sysbios_hal_Hwi_startup__E.1)
                  00007130    00000008     (.tramp.ti_sysbios_family_arm_cc26xx_Timer_startup__E.1)
                  00007138    00000008     (.tramp.xdc_runtime_System_atexit__E.1)
                  00007140    00000008     (.tramp.ti_sysbios_BIOS_linkedWithIncorrectBootLibrary__E.1)
                  00007148    00000008     (.tramp.ti_sysbios_BIOS_setThreadType__E.1)
                  00007150    00000008     (.tramp.ti_sysbios_knl_Task_disable__E.1)
                  00007158    00000008     (.tramp.ti_sysbios_knl_Swi_disable__E.1)
                  00007160    00000008     (.tramp.ti_sysbios_knl_Queue_Object__get__S.1)
                  00007168    00000008     (.tramp.ti_sysbios_knl_Semaphore_construct.1)
                  00007170    00000008     (.tramp.ti_sysbios_knl_Semaphore_Params__init__S.1)
                  00007178    00000008     (.tramp.ti_sysbios_family_arm_m3_Hwi_construct.1)
                  00007180    00000008     (.tramp.ti_sysbios_knl_Swi_Params__init__S.1)
                  00007188    00000008     (.tramp.ti_sysbios_knl_Task_construct.1)
                  00007190    00000008     (.tramp.ti_sysbios_knl_Task_Params__init__S.1)
                  00007198    00000008     (.tramp.ti_sysbios_family_arm_m3_Hwi_Params__init__S.1)
                  000071a0    00000008     (.tramp.xdc_runtime_Startup_rtsDone__E.1)
                  000071a8    00000008     (.tramp.xdc_runtime_System_exit__E.1)
                  000071b0    00000008     (.tramp.ti_sysbios_knl_Event_post__E.1)
                  000071b8    00000008     (.tramp.ti_sysbios_knl_Clock_construct.1)
                  000071c0    00000008     (.tramp.ti_sysbios_knl_Clock_Params__init__S.1)
                  000071c8    00000008     (.tramp.ti_sysbios_knl_Queue_put__E.1)
                  000071d0    00000008     (.tramp.ti_sysbios_knl_Clock_scheduleNextTick__E.1)
                  000071d8    00000008     (.tramp.ti_sysbios_knl_Clock_walkQueueDynamic__E.1)
                  000071e0    00000008     (.tramp.ti_sysbios_knl_Clock_TimerProxy_getCurrentTick__E.1)
                  000071e8    00000008     (.tramp.ti_sysbios_family_arm_m3_Hwi_disableFxn__E.1)
                  000071f0    00000008     (.tramp.ti_sysbios_knl_Clock_stop__E.1)
                  000071f8    00000008     (.tramp.ti_sysbios_knl_Clock_start__E.1)
                  00007200    00000008     (.tramp.ti_sysbios_knl_Clock_setTimeout__E.1)
                  00007208    00000008     (.tramp.ti_sysbios_knl_Clock_getTicks__E.1)
                  00007210    00000008     (.tramp.ti_sysbios_BIOS_start__E.1)
                  00007218    00000008     (.tramp.ti_sysbios_knl_Swi_restore__E.1)

.const     0    00007220    000006c4     
                  00007220    00000284     scif.obj (.const:pAuxRamImage$0)
                  000074a4    00000066     <whole-program> (.const:.string)
                  0000750a    0000004c     drivers_cc26x0r2.aem3 : PowerCC26XX.oem3 (.const:resourceDB)
                  00007556    00000002     app_ble_pem3.oem3 (.const:xdc_runtime_Text_registryModsLastId__C)
                  00007558    00000048     board.obj (.const:$O14$$)
                  000075a0    00000048     app_ble_pem3.oem3 (.const:.string)
                  000075e8    00000044     drivers_cc26x0r2.aem3 : UARTCC26XX.oem3 (.const:$O1$$)
                  0000762c    00000040     scif.obj (.const:$O1$$)
                  0000766c    00000038     urfc.obj (.const:$O16$$)
                  000076a4    00000028     drivers_cc26x0r2.aem3 : UARTCC26XX.oem3 (.const:UARTCC26XX_fxnTable)
                  000076cc    00000028     app_ble_pem3.oem3 (.const:ti_sysbios_heaps_HeapCallback_Module__FXNS__C)
                  000076f4    00000028     board.obj (.const:uartCC26XXHWAttrs)
                  0000771c    00000028     app_ble_pem3.oem3 (.const:xdc_runtime_Startup_sfxnTab__A)
                  00007744    00000024     uble.obj (.const:$O10$$)
                  00007768    00000024     drivers_cc26x0r2.aem3 : UART.oem3 (.const:UART_defaultParams)
                  0000778c    00000020     display.aem3 : DisplayUart.oem3 (.const:DisplayUartAnsi_fxnTable)
                  000077ac    00000020     app_ble_pem3.oem3 (.const:ti_sysbios_heaps_HeapCallback_Object__DESC__C)
                  000077cc    0000001c     rf_singleMode_cc26x0r2.aem3 : RFCC26XX_singleMode.oem3 (.const:RF_defaultParams)
                  000077e8    0000001c     app_ble_pem3.oem3 (.const:ti_sysbios_heaps_HeapCallback_Object__PARAMS__C)
                  00007804    00000018     board.obj (.const:PowerCC26XX_config)
                  0000781c    00000014     board.obj (.const:displayUartHWAttrs)
                  00007830    00000014     app_ble_pem3.oem3 (.const:xdc_runtime_Startup_sfxnRts__A)
                  00007844    00000011     board.obj (.const)
                  00007855    00000001     display.aem3 : Display.oem3 (.const:Display_defaultParams)
                  00007856    00000002     app_ble_pem3.oem3 (.const:xdc_runtime_Text_unnamedModsLastId__C)
                  00007858    00000010     scif.obj (.const:pScifTaskDataStructInfoLut$0)
                  00007868    0000000c     board.obj (.const:Display_config)
                  00007874    0000000c     board.obj (.const:RFCC26XX_hwAttrs)
                  00007880    0000000c     board.obj (.const:UART_config)
                  0000788c    0000000c     app_ble_pem3.oem3 (.const:xdc_runtime_Startup_firstFxns__A)
                  00007898    00000008     board.obj (.const:PINCC26XX_hwAttrs)
[...]
1001c053  ti_sysbios_knl_Idle_loop__E                                               
1001c05b  ti_sysbios_family_arm_m3_Hwi_doTaskRestore__I                             
1001c061  HwiP_restore                                                              
1001c061  ti_sysbios_family_arm_m3_Hwi_restoreFxn__E                                
1001c067  ti_sysbios_gates_GateHwi_leave__E                                         
1001c06d  ti_sysbios_heaps_HeapMem_isBlocking__E                                    
1001c073  ti_sysbios_knl_Queue_Instance_init__E                                     
1001c079  ti_sysbios_knl_Queue_elemClear__E                                         
1001c07f  ti_sysbios_knl_Swi_Module_startup__E                                      
1001c085  ti_sysbios_knl_Swi_startup__E                                             
1001c08b  ti_sysbios_knl_Task_enable__E                                             
1001c091  ti_sysbios_BIOS_RtsGateProxy_enter__E                                     
1001c095  ti_sysbios_BIOS_RtsGateProxy_leave__E                                     
1001c099  ti_sysbios_family_arm_cc26xx_Timer_getExpiredTicks__E                     
1001c09d  ti_sysbios_family_arm_cc26xx_Timer_getPeriod__E                           
1001c0a1  ti_sysbios_family_arm_cc26xx_Timer_setPeriod__E                           
1001c0a5  ti_sysbios_family_arm_m3_Hwi_delete                                       
1001c0a9  ti_sysbios_family_arm_m3_Hwi_destruct                                     
1001c0ad  ti_sysbios_family_arm_m3_TaskSupport_Module__startupDone__S               
1001c0ad  ti_sysbios_knl_Task_SupportProxy_Module__startupDone__S                   
1001c0ad  ti_sysbios_knl_Task_SupportProxy_Module__startupDone__S__mangled__        
1001c0b1  ti_sysbios_gates_GateHwi_query__E                                         
1001c0b1  xdc_runtime_Main_Module_GateProxy_query__E                                
1001c0b1  xdc_runtime_System_Module_GateProxy_query__E                              
1001c0b1  xdc_runtime_System_Module_GateProxy_query__E__mangled__                   
1001c0b5  ti_sysbios_gates_GateMutex_delete                                         
1001c0b9  ti_sysbios_gates_GateMutex_destruct                                       
1001c0bd  ti_sysbios_BIOS_RtsGateProxy_query__E                                     
1001c0bd  ti_sysbios_BIOS_RtsGateProxy_query__E__mangled__                          
1001c0bd  ti_sysbios_gates_GateMutex_query__E                                       
1001c0bd  ti_sysbios_heaps_HeapMem_Module_GateProxy_query__E                        
1001c0bd  ti_sysbios_heaps_HeapMem_Module_GateProxy_query__E__mangled__             
1001c0c1  ti_sysbios_hal_Hwi_HwiProxy_delete                                        
1001c0c5  ti_sysbios_hal_Hwi_delete                                                 
1001c0c9  ti_sysbios_heaps_HeapMem_Module_GateProxy_enter__E                        
1001c0cd  ti_sysbios_heaps_HeapMem_Module_GateProxy_leave__E                        
1001c0d1  ti_sysbios_knl_Clock_TimerProxy_getExpiredTicks__E                        
1001c0d5  ti_sysbios_knl_Clock_TimerProxy_getPeriod__E                              
1001c0d9  ti_sysbios_knl_Clock_delete                                               
1001c0dd  ti_sysbios_knl_Clock_destruct                                             
1001c0e1  ti_sysbios_knl_Clock_removeI__E                                           
1001c0e5  ti_sysbios_knl_Clock_setTimeout__E                                        
1001c0e9  ti_sysbios_knl_Event_delete                                               
1001c0ed  ti_sysbios_knl_Event_destruct                                             
1001c0f1  ti_sysbios_knl_Mailbox_delete                                             
1001c0f5  ti_sysbios_knl_Mailbox_destruct                                           
1001c0f9  ti_sysbios_knl_Queue_delete                                               
1001c0fd  ti_sysbios_knl_Queue_destruct                                             
1001c101  ti_sysbios_knl_Queue_head__E                                              
1001c105  ti_sysbios_knl_Queue_next__E                                              
1001c109  ti_sysbios_knl_Semaphore_delete                                           
1001c10d  ti_sysbios_knl_Semaphore_destruct                                         
1001c111  ti_sysbios_knl_Swi_delete                                                 
1001c115  ti_sysbios_knl_Swi_destruct                                               
1001c119  ti_sysbios_knl_Swi_postInit__I                                            
1001c11d  ti_sysbios_knl_Task_delete                                                
1001c121  ti_sysbios_knl_Task_destruct                                              
1001c125  ti_sysbios_knl_Task_startup__E                                            
1001c129  xdc_runtime_Startup_startMods__I                                          
1001c2c9  xdc_runtime_Core_createObject__I                                          
1001c349  xdc_runtime_Memory_alloc__E                                               
1001c3b5  xdc_runtime_Core_deleteObject__I                                          
1001c413  xdc_runtime_Error_policySpin__E                                           
1001c415  xdc_runtime_Startup_exec__E                                               
1001c465  xdc_runtime_Assert_raise__I                                               
1001c4ad  xdc_runtime_Core_assignParams__I                                          
1001c4f5  xdc_runtime_Core_constructObject__I                                       
1001c581  xdc_runtime_System_atexit__E                                              
1001c5b9  xdc_runtime_Core_assignLabel__I                                           
1001c5ed  xdc_runtime_System_processAtExit__E                                       
1001c621  xdc_runtime_Text_cordText__E                                              
1001c64d  xdc_runtime_System_abort__E                                               
1001c66d  xdc_runtime_Error_raiseX__E                                               
1001c689  xdc_runtime_Memory_valloc__E                                              
1001c6a5  xdc_runtime_Core_destructObject__I                                        
1001c6bd  xdc_runtime_Error_check__E                                                
1001c6d5  xdc_runtime_System_exit__E                                                
1001c6ed  xdc_runtime_Text_ropeText__E                                              
1001c705  xdc_runtime_Memory_free__E                                                
1001c715  xdc_runtime_SysCallback_abort__E                                          
1001c715  xdc_runtime_System_SupportProxy_abort__E                                  
1001c725  xdc_runtime_SysCallback_exit__E                                           
1001c725  xdc_runtime_System_SupportProxy_exit__E                                   
1001c735  xdc_runtime_Timestamp_SupportProxy_get32__E                               
1001c735  xdc_runtime_Timestamp_get32__E                                            
1001c735  xdc_runtime_Timestamp_get32__E                                            
1001c751  xdc_runtime_Memory_calloc__E                                              
1001c75d  xdc_runtime_Memory_getMaxDefaultTypeAlign__E                              
1001c769  xdc_runtime_Startup_rtsDone__E                                            
1001c775  xdc_runtime_Memory_HeapProxy_alloc__E                                     
1001c77f  xdc_runtime_Memory_HeapProxy_free__E                                      
1001c789  xdc_runtime_Gate_leaveSystem__E                                           
1001c78f  xdc_runtime_System_Module_startup__E                                      
1001c795  xdc_runtime_Gate_enterSystem__E                                           
1001c799  xdc_runtime_System_Module_GateProxy_enter__E                              
1001c79d  xdc_runtime_System_Module_GateProxy_leave__E                              
1001c7a1  xdc_runtime_System_abortSpin__E                                           
1001c7a3  xdc_runtime_System_exitSpin__E                                            
1001c7a5  ti_sysbios_family_arm_m3_Hwi_dispatch__I                                  
1001c86d  ti_sysbios_family_arm_m3_TaskSupport_buildTaskStack                       
1001c8b9  ti_sysbios_family_arm_m3_Hwi_initStacks__E                                
1001c901  ti_sysbios_family_arm_m3_Hwi_excHandlerAsm__I                             
1001c921  ti_sysbios_family_xxx_Hwi_switchAndRunFunc                                
1001c93f  ti_sysbios_family_arm_m3_Hwi_pendSV__I                                    
1001c957  ti_sysbios_family_arm_m3_Hwi_return                                       
1001c959  ti_sysbios_family_arm_m3_TaskSupport_glue                                 
1001c969  ti_sysbios_family_arm_m3_TaskSupport_swap__E                              
1001c969  ti_sysbios_knl_Task_SupportProxy_swap__E                                  
1001c969  ti_sysbios_knl_Task_SupportProxy_swap__E__mangled__                       
1001c971  ti_sysbios_knl_Task_swapReturn                                            
1001c978  ti_sysbios_knl_Task_Object__PARAMS__C                                     
1001c9b4  ti_sysbios_knl_Mailbox_Object__PARAMS__C                                  
1001c9e8  ti_sysbios_family_arm_m3_Hwi_Object__PARAMS__C                            
1001ca18  ti_sysbios_hal_Hwi_Object__PARAMS__C                                      
1001ca44  ti_sysbios_knl_Swi_Object__PARAMS__C                                      
1001ca6c  ti_sysbios_heaps_HeapMem_Object__PARAMS__C                                
1001ca90  ti_sysbios_knl_Clock_Object__PARAMS__C                                    
1001cab4  ti_sysbios_knl_Semaphore_Object__PARAMS__C                                
1001cad8  ti_sysbios_gates_GateHwi_Object__PARAMS__C                                
1001caf0  ti_sysbios_gates_GateMutex_Object__PARAMS__C                              
1001cb08  ti_sysbios_knl_Event_Object__PARAMS__C                                    
1001cb20  ti_sysbios_knl_Queue_Object__PARAMS__C                                    
1001cb68  ti_sysbios_gates_GateMutex_Instance_State_sem__O                          
1001cb6c  ti_sysbios_knl_Clock_Module_State_clockQ__O                               
1001cb70  ti_sysbios_knl_Event_Instance_State_pendQ__O                              
1001cb74  ti_sysbios_knl_Mailbox_Instance_State_dataQue__O                          
1001cb78  ti_sysbios_knl_Mailbox_Instance_State_dataSem__O                          
1001cb7c  ti_sysbios_knl_Mailbox_Instance_State_freeQue__O                          
1001cb80  ti_sysbios_knl_Mailbox_Instance_State_freeSem__O                          
1001cb84  ti_sysbios_knl_Semaphore_Instance_State_pendQ__O                          
1001cb88  ti_sysbios_knl_Task_Module_State_inactiveQ__O                             
20000000  __UNUSED_SRAM_start__                                                     
20000000  ti_sysbios_family_arm_m3_Hwi_ramVectors                                   
20000100  ti_sysbios_knl_Task_Module__state__V                                      
20000144  ti_sysbios_family_arm_m3_Hwi_Module__state__V                             
20000178  ti_sysbios_knl_Clock_Module__state__V                                     
200001a4  ti_sysbios_BIOS_Module__state__V                                          
200001c8  ti_sysbios_knl_Swi_Module__state__V                                       
200001e4  ti_sysbios_family_arm_cc26xx_Timer_Module__state__V                       
200001ec  ti_sysbios_family_arm_cc26xx_TimestampProvider_Module__state__V           
200001f0  xdc_runtime_Startup_Module__state__V                                      
200001f8  xdc_runtime_System_Module__state__V                                       
20000200  xdc_runtime_Memory_Module__state__V                                       
20000204  xdc_runtime_Error_Module__state__V                                        
20000209  eddystoneURLDataLen                                                       
2000020c  dispHandle                                                                
20000228  eddystoneTLM                                                              
20000248  eddystoneUID                                                              
2000025c  eddystoneURL                                                              
200002c8  uebTask                                                                   
20000318  uebTaskStack                                                              
20000570  urfiAdvHandle                                                             
20000574  urfiHandle                                                                
20000594  urfiAdvParams                                                             
200005b4  urSetup                                                                   
200005d8  urfiAdvCmd                                                                
20000698  pinUpperBound                                                             
2000069c  pinLowerBound                                                             
20000730  pinHandleTable                                                            
200007ac  PowerCC26XX_module                                                        
200008c8  ICall_enterCriticalSection                                                
200008cc  ICall_leaveCriticalSection                                                
200008dc  heapmgrMemFreeTotal                                                       
200008e8  HEAPMGR_SIZE                                                              
200008ec  ICall_dispatcher                                                          
200009dc  ti_sysbios_knl_Task_Object__table__V                                      
20000a2c  appKeyChangeHandler                                                       
20000a30  hKeyPins                                                                  
20000a34  keyPinsCfg                                                                
20000a40  keyPins                                                                   
20000a70  ti_sysbios_family_arm_cc26xx_Timer_Object__table__V                       
20000ab8  rfTimeCrit                                                                
20000abc  ubleAntSwitchSel                                                          
20000ac8  ubleBDAddr                                                                
20000ace  ubleParams                                                                
20000af4  ti_sysbios_gates_GateMutex_Object__table__V                               
20000b2c  ti_sysbios_knl_Swi_Module_State_0_readyQ__A                               
20000b5c  ti_sysbios_knl_Swi_Object__table__V                                       
20000b8c  ti_sysbios_knl_Task_Module_State_0_readyQ__A                              
20000bbc  ti_sysbios_knl_Clock_Object__table__V                                     
20000bdc  xdc_runtime_Error_IgnoreBlock                                             
20000c14  ti_sysbios_family_arm_m3_Hwi_Object__table__V                             
20000c2c  ulState                                                                   
20000c3c  ti_sysbios_heaps_HeapCallback_Object__table__V                            
20000c48  ubRfRegOverride                                                           
20000c54  _lock                                                                     
20000c58  _unlock                                                                   
20000c5c  assertSubcause                                                            
20000c5d  legacyMode                                                                
20000c60  halAssertCback                                                            
20000c64  ti_sysbios_family_arm_m3_Hwi_Module__root__V                              
20000c6c  ti_sysbios_gates_GateHwi_Module__root__V                                  
20000c74  ti_sysbios_gates_GateMutex_Module__root__V                                
20000c7c  ti_sysbios_hal_Hwi_Module__root__V                                        
20000c84  ti_sysbios_heaps_HeapCallback_Module__root__V                             
20000c8c  ti_sysbios_heaps_HeapMem_Module__root__V                                  
20000c94  ti_sysbios_knl_Clock_Module__root__V                                      
20000c9c  ti_sysbios_knl_Event_Module__root__V                                      
20000ca4  ti_sysbios_knl_Mailbox_Module__root__V                                    
20000cac  ti_sysbios_knl_Queue_Module__root__V                                      
20000cb4  ti_sysbios_knl_Semaphore_Module__root__V                                  
20000cbc  ti_sysbios_knl_Swi_Module__root__V                                        
20000cc4  ti_sysbios_knl_Task_Module__root__V                                       
20000ccc  xdc_runtime_Registry_Module__state__V                                     
20000cd8  main_func_sp                                                              
20000cdc  ti_sysbios_family_arm_m3_Hwi_Module_State_0_excContext__A                 
20000ce0  ti_sysbios_family_arm_m3_Hwi_Module_State_0_excStack__A                   
20000ce4  ti_sysbios_knl_Task_Module_State_0_idleTask__A                            
20000cec  ti_sysbios_family_arm_m3_Hwi_Module_State_0_excActive__A                  
20001090  ti_sysbios_knl_Task_Instance_State_0_stack__A                             
20001290  uartCC26XXObjects                                                         
200013bc  ti_sysbios_family_arm_m3_Hwi_dispatchTable                                
20001504  uartCC26XXRingBuffer                                                      
2000154c  displayUartObject                                                         
20001558  PowerCC26XX_taskKey                                                       
2000155c  PowerCC26XX_swiKey                                                        
20001568  temperature                                                               
2000156a  humidity                                                                  
2000156c  ClockP_tickPeriod                                                         
20001571  driverlib_release_0_56883                                                 
20001572  heapStart                                                                 
20004000  __stack                                                                   
20004000  heapEnd                                                                   
20004400  __STACK_END                                                               
20004400  __STACK_TOP                                                               
20005000  __UNUSED_SRAM_end__                                                       
e000e000  ti_sysbios_family_arm_m3_Hwi_nvic                                         
ffffffff  __TI_pprof_out_hndl                                                       
ffffffff  __TI_prof_data_size                                                       
ffffffff  __TI_prof_data_start                                                      
ffffffff  __binit__                                                                 
ffffffff  __c_args__                                                                
ffffffff  binit                                                                     
UNDEFED   SHT$$INIT_ARRAY$$Base                                                     
UNDEFED   SHT$$INIT_ARRAY$$Limit                                                    

[950 symbols]
