******************************************************************************
                  TI ARM Linker PC v16.9.11                    
******************************************************************************
>> Linked Wed Nov 04 15:59:09 2020

OUTPUT FILE NAME:   <Beacon_CC2640_with_SensorController_HTU21D.out>
ENTRY POINT SYMBOL: "ResetISR"  address: 00006915


MEMORY CONFIGURATION

         name            origin    length      used     unused   attr    fill
----------------------  --------  ---------  --------  --------  ----  --------
  FLASH                 00000000   0001f000  00009278  00015d88  R  X
  FLASH_LAST_PAGE       0001f000   00001000  00000058  00000fa8  R  X
  SRAM                  20000000   00004400  00001921  00002adf  RW X


SEGMENT ALLOCATION MAP

run origin  load origin   length   init length attrs members
----------  ----------- ---------- ----------- ----- -------
00000000    00000000    0000927c   0000927c    r-x
  00000000    00000000    0000003c   0000003c    r-- .resetVecs
  0000003c    0000003c    00000fc4   00000fc4    r-x .text.1
  00001000    00001000    00000028   00000028    r-- .const:ti_sysbios_heaps_HeapMem_Module__FXNS__C
  00001028    00001028    00000024   00000024    r-- .const:ti_sysbios_gates_GateHwi_Module__FXNS__C
  0000104c    0000104c    00000024   00000024    r-- .const:ti_sysbios_gates_GateMutex_Module__FXNS__C
  00001070    00001070    00000020   00000020    r-- .const:ti_sysbios_family_arm_m3_Hwi_Object__DESC__C
  00001090    00001090    00000020   00000020    r-- .const:ti_sysbios_gates_GateHwi_Object__DESC__C
  000010b0    000010b0    00000020   00000020    r-- .const:ti_sysbios_gates_GateMutex_Object__DESC__C
  000010d0    000010d0    00000020   00000020    r-- .const:ti_sysbios_hal_Hwi_Object__DESC__C
  000010f0    000010f0    00000020   00000020    r-- .const:ti_sysbios_heaps_HeapMem_Object__DESC__C
  00001110    00001110    00000020   00000020    r-- .const:ti_sysbios_knl_Clock_Object__DESC__C
  00001130    00001130    00000020   00000020    r-- .const:ti_sysbios_knl_Event_Object__DESC__C
  00001150    00001150    00000020   00000020    r-- .const:ti_sysbios_knl_Mailbox_Object__DESC__C
  00001170    00001170    00000020   00000020    r-- .const:ti_sysbios_knl_Queue_Object__DESC__C
  00001190    00001190    00000020   00000020    r-- .const:ti_sysbios_knl_Semaphore_Object__DESC__C
  000011b0    000011b0    00000020   00000020    r-- .const:ti_sysbios_knl_Swi_Object__DESC__C
  000011d0    000011d0    00000020   00000020    r-- .const:ti_sysbios_knl_Task_Object__DESC__C
  000011f0    000011f0    00000008   00000008    r-- .const:ti_sysbios_knl_Idle_funcList__C
  000011f8    000011f8    00000004   00000004    r-- .const:ti_sysbios_family_arm_cc26xx_Timer_startupNeeded__C
  000011fc    000011fc    00000004   00000004    r-- .const:ti_sysbios_family_arm_m3_Hwi_E_alreadyDefined__C
  00001200    00001200    00000004   00000004    r-- .const:ti_sysbios_family_arm_m3_Hwi_E_hwiLimitExceeded__C
  00001204    00001204    00000004   00000004    r-- .const:ti_sysbios_family_arm_m3_Hwi_NUM_INTERRUPTS__C
  00001208    00001208    00000004   00000004    r-- .const:ti_sysbios_family_arm_m3_Hwi_Object__count__C
  0000120c    0000120c    00000004   00000004    r-- .const:ti_sysbios_family_arm_m3_Hwi_Object__table__C
  00001210    00001210    00000004   00000004    r-- .const:ti_sysbios_family_arm_m3_Hwi_ccr__C
  00001214    00001214    00000004   00000004    r-- .const:ti_sysbios_family_arm_m3_Hwi_excHandlerFunc__C
  00001218    00001218    00000004   00000004    r-- .const:ti_sysbios_family_arm_m3_Hwi_nullIsrFunc__C
  0000121c    0000121c    00000004   00000004    r-- .const:ti_sysbios_family_arm_m3_Hwi_numSparseInterrupts__C
  00001220    00001220    00000004   00000004    r-- .const:ti_sysbios_family_arm_m3_Hwi_priGroup__C
  00001224    00001224    00000004   00000004    r-- .const:ti_sysbios_family_arm_m3_TaskSupport_stackAlignment__C
  00001228    00001228    00000004   00000004    r-- .const:ti_sysbios_heaps_HeapMem_E_memory__C
  0000122c    0000122c    00000004   00000004    r-- .const:ti_sysbios_heaps_HeapMem_Module__gateObj__C
  00001230    00001230    00000004   00000004    r-- .const:ti_sysbios_heaps_HeapMem_Object__count__C
  00001234    00001234    00000004   00000004    r-- .const:ti_sysbios_heaps_HeapMem_Object__table__C
  00001238    00001238    00000004   00000004    r-- .const:ti_sysbios_heaps_HeapMem_reqAlign__C
  0000123c    0000123c    00000004   00000004    r-- .const:ti_sysbios_knl_Clock_triggerClock__C
  00001240    00001240    00000004   00000004    r-- .const:ti_sysbios_knl_Mailbox_Object__count__C
  00001244    00001244    00000004   00000004    r-- .const:ti_sysbios_knl_Mailbox_Object__table__C
  00001248    00001248    00000004   00000004    r-- .const:ti_sysbios_knl_Mailbox_maxTypeAlign__C
  0000124c    0000124c    00000004   00000004    r-- .const:ti_sysbios_knl_Queue_Object__count__C
  00001250    00001250    00000004   00000004    r-- .const:ti_sysbios_knl_Queue_Object__table__C
  00001254    00001254    00000004   00000004    r-- .const:ti_sysbios_knl_Semaphore_eventPost__C
  00001258    00001258    00000004   00000004    r-- .const:ti_sysbios_knl_Semaphore_eventSync__C
  0000125c    0000125c    00000004   00000004    r-- .const:ti_sysbios_knl_Swi_Object__count__C
  00001260    00001260    00000004   00000004    r-- .const:ti_sysbios_knl_Swi_Object__table__C
  00001264    00001264    00000004   00000004    r-- .const:ti_sysbios_knl_Swi_numPriorities__C
  00001268    00001268    00000004   00000004    r-- .const:ti_sysbios_knl_Task_Object__count__C
  0000126c    0000126c    00000004   00000004    r-- .const:ti_sysbios_knl_Task_Object__table__C
  00001270    00001270    00000004   00000004    r-- .const:ti_sysbios_knl_Task_allBlockedFunc__C
  00001274    00001274    00000004   00000004    r-- .const:ti_sysbios_knl_Task_defaultStackHeap__C
  00001278    00001278    00000004   00000004    r-- .const:ti_sysbios_knl_Task_defaultStackSize__C
  0000127c    0000127c    00000004   00000004    r-- .const:ti_sysbios_knl_Task_numConstructedTasks__C
  00001280    00001280    00000002   00000002    r-- .const:ti_sysbios_family_arm_cc26xx_Timer_Module__id__C
  00001282    00001282    00000002   00000002    r-- .const:ti_sysbios_family_arm_cc26xx_TimestampProvider_useClockTimer__C
  00001284    00001284    00000002   00000002    r-- .const:ti_sysbios_family_arm_m3_Hwi_Module__id__C
  00001286    00001286    00000002   00000002    r-- .const:ti_sysbios_gates_GateHwi_Module__id__C
  00001288    00001288    00000002   00000002    r-- .const:ti_sysbios_gates_GateMutex_Module__id__C
  0000128a    0000128a    00000002   00000002    r-- .const:ti_sysbios_heaps_HeapMem_Module__id__C
  0000128c    0000128c    00000002   00000002    r-- .const:ti_sysbios_knl_Task_initStackFlag__C
  0000128e    0000128e    00000001   00000001    r-- .const:ti_sysbios_knl_Clock_tickMode__C
  00001290    00001290    00000008   00000008    r-- .const:xdc_runtime_Startup_firstFxns__C
  00001298    00001298    00000008   00000008    r-- .const:xdc_runtime_Startup_lastFxns__C
  000012a0    000012a0    00000004   00000004    r-- .const:xdc_runtime_Assert_E_assertFailed__C
  000012a4    000012a4    00000004   00000004    r-- .const:xdc_runtime_Error_E_memory__C
  000012a8    000012a8    00000004   00000004    r-- .const:xdc_runtime_Error_policyFxn__C
  000012ac    000012ac    00000004   00000004    r-- .const:xdc_runtime_Error_raiseHook__C
  000012b0    000012b0    00000004   00000004    r-- .const:xdc_runtime_IGateProvider_Interface__BASE__C
  000012b4    000012b4    00000004   00000004    r-- .const:xdc_runtime_IHeap_Interface__BASE__C
  000012b8    000012b8    00000004   00000004    r-- .const:xdc_runtime_IModule_Interface__BASE__C
  000012bc    000012bc    00000004   00000004    r-- .const:xdc_runtime_Memory_defaultHeapInstance__C
  000012c0    000012c0    00000004   00000004    r-- .const:xdc_runtime_Startup_execImpl__C
  000012c4    000012c4    00000004   00000004    r-- .const:xdc_runtime_Startup_maxPasses__C
  000012c8    000012c8    00000004   00000004    r-- .const:xdc_runtime_Startup_sfxnRts__C
  000012cc    000012cc    00000004   00000004    r-- .const:xdc_runtime_Startup_sfxnTab__C
  000012d0    000012d0    00000004   00000004    r-- .const:xdc_runtime_Startup_startModsFxn__C
  000012d4    000012d4    00000004   00000004    r-- .const:xdc_runtime_SysCallback_abortFxn__C
  000012d8    000012d8    00000004   00000004    r-- .const:xdc_runtime_SysCallback_exitFxn__C
  000012dc    000012dc    00000004   00000004    r-- .const:xdc_runtime_System_abortFxn__C
  000012e0    000012e0    00000004   00000004    r-- .const:xdc_runtime_System_exitFxn__C
  000012e4    000012e4    00000004   00000004    r-- .const:xdc_runtime_System_maxAtexitHandlers__C
  000012e8    000012e8    00000004   00000004    r-- .const:xdc_runtime_Text_charTab__C
  000012ec    000012ec    00000004   00000004    r-- .const:xdc_runtime_Text_nameEmpty__C
  000012f0    000012f0    00000004   00000004    r-- .const:xdc_runtime_Text_nameStatic__C
  000012f4    000012f4    00000004   00000004    r-- .const:xdc_runtime_Text_nameUnknown__C
  000012f8    000012f8    00000002   00000002    r-- .const:xdc_runtime_Error_maxDepth__C
  000012fa    000012fa    00000002   00000002    r-- .const:xdc_runtime_Memory_Module__id__C
  000012fc    000012fc    00000002   00000002    r-- .const:xdc_runtime_Text_charCnt__C
  000012fe    000012fe    00000002   00000002    r-- .const:xdc_runtime_Text_isLoaded__C
  00001300    00001300    00000001   00000001    r-- .const:xdc_runtime_Error_policy__C
  00001304    00001304    00000004   00000004    r-- .const:ti_sysbios_rom_ROM_ti_sysbios_family_arm_cc26xx_Timer_getCount64__E
  00001308    00001308    00000004   00000004    r-- .const:ti_sysbios_rom_ROM_ti_sysbios_family_arm_cc26xx_Timer_getCurrentTick__E
  0000130c    0000130c    00000004   00000004    r-- .const:ti_sysbios_rom_ROM_ti_sysbios_family_arm_cc26xx_Timer_getMaxTicks__E
  00001310    00001310    00000004   00000004    r-- .const:ti_sysbios_rom_ROM_ti_sysbios_family_arm_cc26xx_Timer_initDevice__I
  00001314    00001314    00000004   00000004    r-- .const:ti_sysbios_rom_ROM_ti_sysbios_family_arm_cc26xx_Timer_setNextTick__E
  00001318    00001318    00000004   00000004    r-- .const:ti_sysbios_rom_ROM_ti_sysbios_family_arm_cc26xx_Timer_setThreshold__I
  0000131c    0000131c    00000004   00000004    r-- .const:ti_sysbios_rom_ROM_ti_sysbios_family_arm_cc26xx_Timer_start__E
  00001320    00001320    00000004   00000004    r-- .const:ti_sysbios_rom_ROM_ti_sysbios_family_arm_cc26xx_TimestampProvider_get32__E
  00001324    00001324    00000004   00000004    r-- .const:ti_sysbios_rom_ROM_xdc_runtime_Startup_getState__I
  00001328    00001328    00000004   00000004    r-- .const:ti_sysbios_rom_ROM_xdc_runtime_System_SupportProxy_abort__E
  0000132c    0000132c    00000004   00000004    r-- .const:ti_sysbios_rom_ROM_xdc_runtime_System_SupportProxy_exit__E
  00001330    00001330    00007500   00007500    r-x .text.2
  00008830    00008830    00000770   00000770    r-- .const
  00008fa0    00008fa0    000002dc   000002dc    r-- .cinit
0001ffa8    0001ffa8    00000058   00000058    r--
  0001ffa8    0001ffa8    00000058   00000058    r-- .ccfg
20000100    20000100    0000145b   00000000    rw-
  20000100    20000100    00000044   00000000    rw- .data:ti_sysbios_knl_Task_Module__state__V
  20000144    20000144    00000034   00000000    rw- .data:ti_sysbios_family_arm_m3_Hwi_Module__state__V
  20000178    20000178    0000002c   00000000    rw- .data:ti_sysbios_knl_Clock_Module__state__V
  200001a4    200001a4    00000024   00000000    rw- .data:ti_sysbios_BIOS_Module__state__V
  200001c8    200001c8    0000001c   00000000    rw- .data:ti_sysbios_knl_Swi_Module__state__V
  200001e4    200001e4    00000008   00000000    rw- .data:ti_sysbios_family_arm_cc26xx_Timer_Module__state__V
  200001ec    200001ec    00000004   00000000    rw- .data:ti_sysbios_family_arm_cc26xx_TimestampProvider_Module__state__V
  200001f0    200001f0    00000008   00000000    rw- .data:xdc_runtime_Startup_Module__state__V
  200001f8    200001f8    00000008   00000000    rw- .data:xdc_runtime_System_Module__state__V
  20000200    20000200    00000004   00000000    rw- .data:xdc_runtime_Memory_Module__state__V
  20000204    20000204    00000002   00000000    rw- .data:xdc_runtime_Error_Module__state__V
  20000208    20000208    000005bc   00000000    rw- .data
  200007c8    200007c8    00000d93   00000000    rw- .bss
20004000    20004000    00000400   00000000    rw-
  20004000    20004000    00000400   00000000    rw- .stack


SECTION ALLOCATION MAP

 output                                  attributes/
section   page    origin      length       input sections
--------  ----  ----------  ----------   ----------------
.resetVecs 
*          0    00000000    0000003c     
                  00000000    0000003c     app_ble_pem3.oem3 (.resetVecs)

.text.1    0    0000003c    00000fc4     
                  0000003c    00000320     rom_sysbios.aem3 : rom_sysbios.obj (.text:xdc_runtime_System_doPrint__I)
                  0000035c    00000314     drivers_cc26x0r2.aem3 : PowerCC26XX_calibrateRCOSC.oem3 (.text:PowerCC26XX_auxISR)
                  00000670    000002c0     rf_singleMode_cc26x0r2.aem3 : RFCC26XX_singleMode.oem3 (.text:RF_fsmActiveState)
                  00000930    00000008     (.tramp.ti_sysbios_family_arm_m3_Hwi_restoreFxn__E.1)
                  00000938    0000022c     drivers_cc26x0r2.aem3 : PowerCC26XX.oem3 (.text:Power_sleep)
                  00000b64    00000008     (.tramp.ti_sysbios_knl_Swi_restore__E.1)
                  00000b6c    00000220     driverlib.lib : sys_ctrl.obj (.text:NOROM_SysCtrlSetRechargeBeforePowerDown)
                  00000d8c    000001f4     rtsv7M3_T_le_eabi.lib : ull_div_t2.obj (.text)
                  00000f80    00000080     rf_singleMode_cc26x0r2.aem3 : RFCC26XX_singleMode.oem3 (.text:RF_hwiCpe0Active)

.const:ti_sysbios_heaps_HeapMem_Module__FXNS__C 
*          0    00001000    00000028     
                  00001000    00000028     app_ble_pem3.oem3 (.const:ti_sysbios_heaps_HeapMem_Module__FXNS__C)

.const:ti_sysbios_gates_GateHwi_Module__FXNS__C 
*          0    00001028    00000024     
                  00001028    00000024     app_ble_pem3.oem3 (.const:ti_sysbios_gates_GateHwi_Module__FXNS__C)

.const:ti_sysbios_gates_GateMutex_Module__FXNS__C 
*          0    0000104c    00000024     
                  0000104c    00000024     app_ble_pem3.oem3 (.const:ti_sysbios_gates_GateMutex_Module__FXNS__C)

.const:ti_sysbios_family_arm_m3_Hwi_Object__DESC__C 
*          0    00001070    00000020     
                  00001070    00000020     app_ble_pem3.oem3 (.const:ti_sysbios_family_arm_m3_Hwi_Object__DESC__C)

.const:ti_sysbios_gates_GateHwi_Object__DESC__C 
*          0    00001090    00000020     
                  00001090    00000020     app_ble_pem3.oem3 (.const:ti_sysbios_gates_GateHwi_Object__DESC__C)

.const:ti_sysbios_gates_GateMutex_Object__DESC__C 
*          0    000010b0    00000020     
                  000010b0    00000020     app_ble_pem3.oem3 (.const:ti_sysbios_gates_GateMutex_Object__DESC__C)

.const:ti_sysbios_hal_Hwi_Object__DESC__C 
*          0    000010d0    00000020     
                  000010d0    00000020     app_ble_pem3.oem3 (.const:ti_sysbios_hal_Hwi_Object__DESC__C)

.const:ti_sysbios_heaps_HeapMem_Object__DESC__C 
*          0    000010f0    00000020     
                  000010f0    00000020     app_ble_pem3.oem3 (.const:ti_sysbios_heaps_HeapMem_Object__DESC__C)

.const:ti_sysbios_knl_Clock_Object__DESC__C 
*          0    00001110    00000020     
                  00001110    00000020     app_ble_pem3.oem3 (.const:ti_sysbios_knl_Clock_Object__DESC__C)

.const:ti_sysbios_knl_Event_Object__DESC__C 
*          0    00001130    00000020     
                  00001130    00000020     app_ble_pem3.oem3 (.const:ti_sysbios_knl_Event_Object__DESC__C)

.const:ti_sysbios_knl_Mailbox_Object__DESC__C 
*          0    00001150    00000020     
                  00001150    00000020     app_ble_pem3.oem3 (.const:ti_sysbios_knl_Mailbox_Object__DESC__C)

.const:ti_sysbios_knl_Queue_Object__DESC__C 
*          0    00001170    00000020     
                  00001170    00000020     app_ble_pem3.oem3 (.const:ti_sysbios_knl_Queue_Object__DESC__C)

.const:ti_sysbios_knl_Semaphore_Object__DESC__C 
*          0    00001190    00000020     
                  00001190    00000020     app_ble_pem3.oem3 (.const:ti_sysbios_knl_Semaphore_Object__DESC__C)

.const:ti_sysbios_knl_Swi_Object__DESC__C 
*          0    000011b0    00000020     
                  000011b0    00000020     app_ble_pem3.oem3 (.const:ti_sysbios_knl_Swi_Object__DESC__C)

.const:ti_sysbios_knl_Task_Object__DESC__C 
*          0    000011d0    00000020     
                  000011d0    00000020     app_ble_pem3.oem3 (.const:ti_sysbios_knl_Task_Object__DESC__C)

.const:ti_sysbios_knl_Idle_funcList__C 
*          0    000011f0    00000008     
                  000011f0    00000008     app_ble_pem3.oem3 (.const:ti_sysbios_knl_Idle_funcList__C)

.const:ti_sysbios_family_arm_cc26xx_Timer_startupNeeded__C 
*          0    000011f8    00000004     
                  000011f8    00000004     app_ble_pem3.oem3 (.const:ti_sysbios_family_arm_cc26xx_Timer_startupNeeded__C)

.const:ti_sysbios_family_arm_m3_Hwi_E_alreadyDefined__C 
*          0    000011fc    00000004     
                  000011fc    00000004     app_ble_pem3.oem3 (.const:ti_sysbios_family_arm_m3_Hwi_E_alreadyDefined__C)

.const:ti_sysbios_family_arm_m3_Hwi_E_hwiLimitExceeded__C 
*          0    00001200    00000004     
                  00001200    00000004     app_ble_pem3.oem3 (.const:ti_sysbios_family_arm_m3_Hwi_E_hwiLimitExceeded__C)

.const:ti_sysbios_family_arm_m3_Hwi_NUM_INTERRUPTS__C 
*          0    00001204    00000004     
                  00001204    00000004     app_ble_pem3.oem3 (.const:ti_sysbios_family_arm_m3_Hwi_NUM_INTERRUPTS__C)

.const:ti_sysbios_family_arm_m3_Hwi_Object__count__C 
*          0    00001208    00000004     
                  00001208    00000004     app_ble_pem3.oem3 (.const:ti_sysbios_family_arm_m3_Hwi_Object__count__C)

.const:ti_sysbios_family_arm_m3_Hwi_Object__table__C 
*          0    0000120c    00000004     
                  0000120c    00000004     app_ble_pem3.oem3 (.const:ti_sysbios_family_arm_m3_Hwi_Object__table__C)

.const:ti_sysbios_family_arm_m3_Hwi_ccr__C 
*          0    00001210    00000004     
                  00001210    00000004     app_ble_pem3.oem3 (.const:ti_sysbios_family_arm_m3_Hwi_ccr__C)

.const:ti_sysbios_family_arm_m3_Hwi_excHandlerFunc__C 
*          0    00001214    00000004     
                  00001214    00000004     app_ble_pem3.oem3 (.const:ti_sysbios_family_arm_m3_Hwi_excHandlerFunc__C)

.const:ti_sysbios_family_arm_m3_Hwi_nullIsrFunc__C 
*          0    00001218    00000004     
                  00001218    00000004     app_ble_pem3.oem3 (.const:ti_sysbios_family_arm_m3_Hwi_nullIsrFunc__C)

.const:ti_sysbios_family_arm_m3_Hwi_numSparseInterrupts__C 
*          0    0000121c    00000004     
                  0000121c    00000004     app_ble_pem3.oem3 (.const:ti_sysbios_family_arm_m3_Hwi_numSparseInterrupts__C)

.const:ti_sysbios_family_arm_m3_Hwi_priGroup__C 
*          0    00001220    00000004     
                  00001220    00000004     app_ble_pem3.oem3 (.const:ti_sysbios_family_arm_m3_Hwi_priGroup__C)

.const:ti_sysbios_family_arm_m3_TaskSupport_stackAlignment__C 
*          0    00001224    00000004     
                  00001224    00000004     app_ble_pem3.oem3 (.const:ti_sysbios_family_arm_m3_TaskSupport_stackAlignment__C)

.const:ti_sysbios_heaps_HeapMem_E_memory__C 
*          0    00001228    00000004     
                  00001228    00000004     app_ble_pem3.oem3 (.const:ti_sysbios_heaps_HeapMem_E_memory__C)

.const:ti_sysbios_heaps_HeapMem_Module__gateObj__C 
*          0    0000122c    00000004     
                  0000122c    00000004     app_ble_pem3.oem3 (.const:ti_sysbios_heaps_HeapMem_Module__gateObj__C)

.const:ti_sysbios_heaps_HeapMem_Object__count__C 
*          0    00001230    00000004     
                  00001230    00000004     app_ble_pem3.oem3 (.const:ti_sysbios_heaps_HeapMem_Object__count__C)

.const:ti_sysbios_heaps_HeapMem_Object__table__C 
*          0    00001234    00000004     
                  00001234    00000004     app_ble_pem3.oem3 (.const:ti_sysbios_heaps_HeapMem_Object__table__C)

.const:ti_sysbios_heaps_HeapMem_reqAlign__C 
*          0    00001238    00000004     
                  00001238    00000004     app_ble_pem3.oem3 (.const:ti_sysbios_heaps_HeapMem_reqAlign__C)

.const:ti_sysbios_knl_Clock_triggerClock__C 
*          0    0000123c    00000004     
                  0000123c    00000004     app_ble_pem3.oem3 (.const:ti_sysbios_knl_Clock_triggerClock__C)

.const:ti_sysbios_knl_Mailbox_Object__count__C 
*          0    00001240    00000004     
                  00001240    00000004     app_ble_pem3.oem3 (.const:ti_sysbios_knl_Mailbox_Object__count__C)

.const:ti_sysbios_knl_Mailbox_Object__table__C 
*          0    00001244    00000004     
                  00001244    00000004     app_ble_pem3.oem3 (.const:ti_sysbios_knl_Mailbox_Object__table__C)

.const:ti_sysbios_knl_Mailbox_maxTypeAlign__C 
*          0    00001248    00000004     
                  00001248    00000004     app_ble_pem3.oem3 (.const:ti_sysbios_knl_Mailbox_maxTypeAlign__C)

.const:ti_sysbios_knl_Queue_Object__count__C 
*          0    0000124c    00000004     
                  0000124c    00000004     app_ble_pem3.oem3 (.const:ti_sysbios_knl_Queue_Object__count__C)

.const:ti_sysbios_knl_Queue_Object__table__C 
*          0    00001250    00000004     
                  00001250    00000004     app_ble_pem3.oem3 (.const:ti_sysbios_knl_Queue_Object__table__C)

.const:ti_sysbios_knl_Semaphore_eventPost__C 
*          0    00001254    00000004     
                  00001254    00000004     app_ble_pem3.oem3 (.const:ti_sysbios_knl_Semaphore_eventPost__C)

.const:ti_sysbios_knl_Semaphore_eventSync__C 
*          0    00001258    00000004     
                  00001258    00000004     app_ble_pem3.oem3 (.const:ti_sysbios_knl_Semaphore_eventSync__C)

.const:ti_sysbios_knl_Swi_Object__count__C 
*          0    0000125c    00000004     
                  0000125c    00000004     app_ble_pem3.oem3 (.const:ti_sysbios_knl_Swi_Object__count__C)

.const:ti_sysbios_knl_Swi_Object__table__C 
*          0    00001260    00000004     
                  00001260    00000004     app_ble_pem3.oem3 (.const:ti_sysbios_knl_Swi_Object__table__C)

.const:ti_sysbios_knl_Swi_numPriorities__C 
*          0    00001264    00000004     
                  00001264    00000004     app_ble_pem3.oem3 (.const:ti_sysbios_knl_Swi_numPriorities__C)

.const:ti_sysbios_knl_Task_Object__count__C 
*          0    00001268    00000004     
                  00001268    00000004     app_ble_pem3.oem3 (.const:ti_sysbios_knl_Task_Object__count__C)

.const:ti_sysbios_knl_Task_Object__table__C 
*          0    0000126c    00000004     
                  0000126c    00000004     app_ble_pem3.oem3 (.const:ti_sysbios_knl_Task_Object__table__C)

.const:ti_sysbios_knl_Task_allBlockedFunc__C 
*          0    00001270    00000004     
                  00001270    00000004     app_ble_pem3.oem3 (.const:ti_sysbios_knl_Task_allBlockedFunc__C)

.const:ti_sysbios_knl_Task_defaultStackHeap__C 
*          0    00001274    00000004     
                  00001274    00000004     app_ble_pem3.oem3 (.const:ti_sysbios_knl_Task_defaultStackHeap__C)

.const:ti_sysbios_knl_Task_defaultStackSize__C 
*          0    00001278    00000004     
                  00001278    00000004     app_ble_pem3.oem3 (.const:ti_sysbios_knl_Task_defaultStackSize__C)

.const:ti_sysbios_knl_Task_numConstructedTasks__C 
*          0    0000127c    00000004     
                  0000127c    00000004     app_ble_pem3.oem3 (.const:ti_sysbios_knl_Task_numConstructedTasks__C)

.const:ti_sysbios_family_arm_cc26xx_Timer_Module__id__C 
*          0    00001280    00000002     
                  00001280    00000002     app_ble_pem3.oem3 (.const:ti_sysbios_family_arm_cc26xx_Timer_Module__id__C)

.const:ti_sysbios_family_arm_cc26xx_TimestampProvider_useClockTimer__C 
*          0    00001282    00000002     
                  00001282    00000002     app_ble_pem3.oem3 (.const:ti_sysbios_family_arm_cc26xx_TimestampProvider_useClockTimer__C)

.const:ti_sysbios_family_arm_m3_Hwi_Module__id__C 
*          0    00001284    00000002     
                  00001284    00000002     app_ble_pem3.oem3 (.const:ti_sysbios_family_arm_m3_Hwi_Module__id__C)

.const:ti_sysbios_gates_GateHwi_Module__id__C 
*          0    00001286    00000002     
                  00001286    00000002     app_ble_pem3.oem3 (.const:ti_sysbios_gates_GateHwi_Module__id__C)

.const:ti_sysbios_gates_GateMutex_Module__id__C 
*          0    00001288    00000002     
                  00001288    00000002     app_ble_pem3.oem3 (.const:ti_sysbios_gates_GateMutex_Module__id__C)

.const:ti_sysbios_heaps_HeapMem_Module__id__C 
*          0    0000128a    00000002     
                  0000128a    00000002     app_ble_pem3.oem3 (.const:ti_sysbios_heaps_HeapMem_Module__id__C)

.const:ti_sysbios_knl_Task_initStackFlag__C 
*          0    0000128c    00000002     
                  0000128c    00000002     app_ble_pem3.oem3 (.const:ti_sysbios_knl_Task_initStackFlag__C)

.const:ti_sysbios_knl_Clock_tickMode__C 
*          0    0000128e    00000001     
                  0000128e    00000001     app_ble_pem3.oem3 (.const:ti_sysbios_knl_Clock_tickMode__C)

.const:xdc_runtime_Startup_firstFxns__C 
*          0    00001290    00000008     
                  00001290    00000008     app_ble_pem3.oem3 (.const:xdc_runtime_Startup_firstFxns__C)

.const:xdc_runtime_Startup_lastFxns__C 
*          0    00001298    00000008     
                  00001298    00000008     app_ble_pem3.oem3 (.const:xdc_runtime_Startup_lastFxns__C)

.const:xdc_runtime_Assert_E_assertFailed__C 
*          0    000012a0    00000004     
                  000012a0    00000004     app_ble_pem3.oem3 (.const:xdc_runtime_Assert_E_assertFailed__C)

.const:xdc_runtime_Error_E_memory__C 
*          0    000012a4    00000004     
                  000012a4    00000004     app_ble_pem3.oem3 (.const:xdc_runtime_Error_E_memory__C)

.const:xdc_runtime_Error_policyFxn__C 
*          0    000012a8    00000004     
                  000012a8    00000004     app_ble_pem3.oem3 (.const:xdc_runtime_Error_policyFxn__C)

.const:xdc_runtime_Error_raiseHook__C 
*          0    000012ac    00000004     
                  000012ac    00000004     app_ble_pem3.oem3 (.const:xdc_runtime_Error_raiseHook__C)

.const:xdc_runtime_IGateProvider_Interface__BASE__C 
*          0    000012b0    00000004     
                  000012b0    00000004     app_ble_pem3.oem3 (.const:xdc_runtime_IGateProvider_Interface__BASE__C)

.const:xdc_runtime_IHeap_Interface__BASE__C 
*          0    000012b4    00000004     
                  000012b4    00000004     app_ble_pem3.oem3 (.const:xdc_runtime_IHeap_Interface__BASE__C)

.const:xdc_runtime_IModule_Interface__BASE__C 
*          0    000012b8    00000004     
                  000012b8    00000004     app_ble_pem3.oem3 (.const:xdc_runtime_IModule_Interface__BASE__C)

.const:xdc_runtime_Memory_defaultHeapInstance__C 
*          0    000012bc    00000004     
                  000012bc    00000004     app_ble_pem3.oem3 (.const:xdc_runtime_Memory_defaultHeapInstance__C)

.const:xdc_runtime_Startup_execImpl__C 
*          0    000012c0    00000004     
                  000012c0    00000004     app_ble_pem3.oem3 (.const:xdc_runtime_Startup_execImpl__C)

.const:xdc_runtime_Startup_maxPasses__C 
*          0    000012c4    00000004     
                  000012c4    00000004     app_ble_pem3.oem3 (.const:xdc_runtime_Startup_maxPasses__C)

.const:xdc_runtime_Startup_sfxnRts__C 
*          0    000012c8    00000004     
                  000012c8    00000004     app_ble_pem3.oem3 (.const:xdc_runtime_Startup_sfxnRts__C)

.const:xdc_runtime_Startup_sfxnTab__C 
*          0    000012cc    00000004     
                  000012cc    00000004     app_ble_pem3.oem3 (.const:xdc_runtime_Startup_sfxnTab__C)

.const:xdc_runtime_Startup_startModsFxn__C 
*          0    000012d0    00000004     
                  000012d0    00000004     app_ble_pem3.oem3 (.const:xdc_runtime_Startup_startModsFxn__C)

.const:xdc_runtime_SysCallback_abortFxn__C 
*          0    000012d4    00000004     
                  000012d4    00000004     app_ble_pem3.oem3 (.const:xdc_runtime_SysCallback_abortFxn__C)

.const:xdc_runtime_SysCallback_exitFxn__C 
*          0    000012d8    00000004     
                  000012d8    00000004     app_ble_pem3.oem3 (.const:xdc_runtime_SysCallback_exitFxn__C)

.const:xdc_runtime_System_abortFxn__C 
*          0    000012dc    00000004     
                  000012dc    00000004     app_ble_pem3.oem3 (.const:xdc_runtime_System_abortFxn__C)

.const:xdc_runtime_System_exitFxn__C 
*          0    000012e0    00000004     
                  000012e0    00000004     app_ble_pem3.oem3 (.const:xdc_runtime_System_exitFxn__C)

.const:xdc_runtime_System_maxAtexitHandlers__C 
*          0    000012e4    00000004     
                  000012e4    00000004     app_ble_pem3.oem3 (.const:xdc_runtime_System_maxAtexitHandlers__C)

.const:xdc_runtime_Text_charTab__C 
*          0    000012e8    00000004     
                  000012e8    00000004     app_ble_pem3.oem3 (.const:xdc_runtime_Text_charTab__C)

.const:xdc_runtime_Text_nameEmpty__C 
*          0    000012ec    00000004     
                  000012ec    00000004     app_ble_pem3.oem3 (.const:xdc_runtime_Text_nameEmpty__C)

.const:xdc_runtime_Text_nameStatic__C 
*          0    000012f0    00000004     
                  000012f0    00000004     app_ble_pem3.oem3 (.const:xdc_runtime_Text_nameStatic__C)

.const:xdc_runtime_Text_nameUnknown__C 
*          0    000012f4    00000004     
                  000012f4    00000004     app_ble_pem3.oem3 (.const:xdc_runtime_Text_nameUnknown__C)

.const:xdc_runtime_Error_maxDepth__C 
*          0    000012f8    00000002     
                  000012f8    00000002     app_ble_pem3.oem3 (.const:xdc_runtime_Error_maxDepth__C)

.const:xdc_runtime_Memory_Module__id__C 
*          0    000012fa    00000002     
                  000012fa    00000002     app_ble_pem3.oem3 (.const:xdc_runtime_Memory_Module__id__C)

.const:xdc_runtime_Text_charCnt__C 
*          0    000012fc    00000002     
                  000012fc    00000002     app_ble_pem3.oem3 (.const:xdc_runtime_Text_charCnt__C)

.const:xdc_runtime_Text_isLoaded__C 
*          0    000012fe    00000002     
                  000012fe    00000002     app_ble_pem3.oem3 (.const:xdc_runtime_Text_isLoaded__C)

.const:xdc_runtime_Error_policy__C 
*          0    00001300    00000001     
                  00001300    00000001     app_ble_pem3.oem3 (.const:xdc_runtime_Error_policy__C)

.const:ti_sysbios_rom_ROM_ti_sysbios_family_arm_cc26xx_Timer_getCount64__E 
*          0    00001304    00000004     
                  00001304    00000004     app_ble_pem3.oem3 (.const:ti_sysbios_rom_ROM_ti_sysbios_family_arm_cc26xx_Timer_getCount64__E)

.const:ti_sysbios_rom_ROM_ti_sysbios_family_arm_cc26xx_Timer_getCurrentTick__E 
*          0    00001308    00000004     
                  00001308    00000004     app_ble_pem3.oem3 (.const:ti_sysbios_rom_ROM_ti_sysbios_family_arm_cc26xx_Timer_getCurrentTick__E)

.const:ti_sysbios_rom_ROM_ti_sysbios_family_arm_cc26xx_Timer_getMaxTicks__E 
*          0    0000130c    00000004     
                  0000130c    00000004     app_ble_pem3.oem3 (.const:ti_sysbios_rom_ROM_ti_sysbios_family_arm_cc26xx_Timer_getMaxTicks__E)

.const:ti_sysbios_rom_ROM_ti_sysbios_family_arm_cc26xx_Timer_initDevice__I 
*          0    00001310    00000004     
                  00001310    00000004     app_ble_pem3.oem3 (.const:ti_sysbios_rom_ROM_ti_sysbios_family_arm_cc26xx_Timer_initDevice__I)

.const:ti_sysbios_rom_ROM_ti_sysbios_family_arm_cc26xx_Timer_setNextTick__E 
*          0    00001314    00000004     
                  00001314    00000004     app_ble_pem3.oem3 (.const:ti_sysbios_rom_ROM_ti_sysbios_family_arm_cc26xx_Timer_setNextTick__E)

.const:ti_sysbios_rom_ROM_ti_sysbios_family_arm_cc26xx_Timer_setThreshold__I 
*          0    00001318    00000004     
                  00001318    00000004     app_ble_pem3.oem3 (.const:ti_sysbios_rom_ROM_ti_sysbios_family_arm_cc26xx_Timer_setThreshold__I)

.const:ti_sysbios_rom_ROM_ti_sysbios_family_arm_cc26xx_Timer_start__E 
*          0    0000131c    00000004     
                  0000131c    00000004     app_ble_pem3.oem3 (.const:ti_sysbios_rom_ROM_ti_sysbios_family_arm_cc26xx_Timer_start__E)

.const:ti_sysbios_rom_ROM_ti_sysbios_family_arm_cc26xx_TimestampProvider_get32__E 
*          0    00001320    00000004     
                  00001320    00000004     app_ble_pem3.oem3 (.const:ti_sysbios_rom_ROM_ti_sysbios_family_arm_cc26xx_TimestampProvider_get32__E)

.const:ti_sysbios_rom_ROM_xdc_runtime_Startup_getState__I 
*          0    00001324    00000004     
                  00001324    00000004     app_ble_pem3.oem3 (.const:ti_sysbios_rom_ROM_xdc_runtime_Startup_getState__I)

.const:ti_sysbios_rom_ROM_xdc_runtime_System_SupportProxy_abort__E 
*          0    00001328    00000004     
                  00001328    00000004     app_ble_pem3.oem3 (.const:ti_sysbios_rom_ROM_xdc_runtime_System_SupportProxy_abort__E)

.const:ti_sysbios_rom_ROM_xdc_runtime_System_SupportProxy_exit__E 
*          0    0000132c    00000004     
                  0000132c    00000004     app_ble_pem3.oem3 (.const:ti_sysbios_rom_ROM_xdc_runtime_System_SupportProxy_exit__E)

.text.2    0    00001330    00007500     
                  00001330    000001d8     rf_singleMode_cc26x0r2.aem3 : RFCC26XX_singleMode.oem3 (.text:RF_fsmSetupState)
                  00001508    000001b6     rtsv7M3_T_le_eabi.lib : fd_add_t2.obj (.text)
                  000016be    00000002     display.aem3 : DisplayUart.oem3 (.text:DisplayUartAnsi_init)
                  000016c0    000001b0     drivers_cc26x0r2.aem3 : PINCC26XX.oem3 (.text:PIN_init)
                  00001870    000001b0     ull.obj (.text:ull_advSchedule)
                  00001a20    000001a0     rf_singleMode_cc26x0r2.aem3 : RFCC26XX_singleMode.oem3 (.text:RF_open)
                  00001bc0    0000019c     micro_eddystone_beacon.obj (.text:MicroEddystoneBeacon_updateTLM)
                  00001d5c    00000190     main.obj (.text:AssertHandler)
                  00001eec    00000190     drivers_cc26x0r2.aem3 : PowerCC26XX_calibrateRCOSC.oem3 (.text:PowerCC26XX_doCalibrate)
                  0000207c    00000188     uble.obj (.text:uble_setParameter)
                  00002204    00000180     micro_eddystone_beacon.obj (.text:MicroEddystoneBeacon_encodeURL)
                  00002384    0000015c     drivers_cc26x0r2.aem3 : UARTCC26XX.oem3 (.text:UARTCC26XX_open)
                  000024e0    00000148                           : UARTCC26XX.oem3 (.text:UARTCC26XX_hwiIntFxn)
                  00002628    00000144     ull.obj (.text:uble_processLLMsg)
                  0000276c    00000138     urfi.obj (.text:urfi_initAdvCmd)
                  000028a4    00000136     drivers_cc26x0r2.aem3 : UARTCC26XX.oem3 (.text:UARTCC26XX_read)
                  000029da    00000002     driverlib.lib : rfc.obj (.text:NOROM_RFCAdi3VcoLdoVoltageMode)
                  000029dc    00000134     icall.obj (.text:ICall_heapMalloc)
                  00002b10    0000012c     drivers_cc26x0r2.aem3 : PowerCC26XX.oem3 (.text:Power_init)
                  00002c3c    00000120     ugap.obj (.text:ugap_bcastChangeState)
                  00002d5c    00000108     micro_eddystone_beacon.obj (.text:MicroEddystoneBeacon_updateAdvDataWithFrame)
                  00002e64    00000108     app_ble_pem3.oem3 (.text:xdc_runtime_System_printfExtend__I)
                  00002f6c    00000100     scif_framework.obj (.text:scifInit)
                  0000306c    000000fc     rtsv7M3_T_le_eabi.lib : fd_mul_t2.obj (.text)
                  00003168    000000fa                           : fs_add_t2.obj (.text)
                  00003262    00000002     rf_singleMode_cc26x0r2.aem3 : RFCC26XX_singleMode.oem3 (.text:RF_defaultCallback)
                  00003264    000000f0     drivers_cc26x0r2.aem3 : PINCC26XX.oem3 (.text:PINCC26XX_setIoCfg)
                  00003354    000000f0     rf_singleMode_cc26x0r2.aem3 : RFCC26XX_singleMode.oem3 (.text:RF_radioOpDoneCb)
                  00003444    000000e8     micro_eddystone_beacon.obj (.text:MicroEddystoneBeacon_init)
                  0000352c    000000e8     dpl_cc26x0r2.aem3 : PowerCC26XX_tirtos.oem3 (.text:PowerCC26XX_standbyPolicy)
                  00003614    000000e4     micro_eddystone_beacon.obj (.text:MicroEddystoneBeacon_bcast_stateChangeCB)
                  000036f8    000000e2     drivers_cc26x0r2.aem3 : UARTCC26XX.oem3 (.text:UARTCC26XX_write)
                  000037da    00000002                           : PowerCC26XX.oem3 (.text:emptyClockFunc)
                  000037dc    000000e0     scif_framework.obj (.text:scifCtrlTasksNbl)
                  000038bc    000000d8     icall.obj (.text:ICall_heapInit)
                  00003994    000000d0     rf_singleMode_cc26x0r2.aem3 : RFCC26XX_singleMode.oem3 (.text:RF_fsmPowerUpState)
                  00003a64    000000d0                                 : RFCC26XX_singleMode.oem3 (.text:RF_postCmd)
                  00003b34    000000cc                                 : RFCC26XX_singleMode.oem3 (.text:RF_swiHw)
                  00003c00    000000c8                                 : RFCC26XX_singleMode.oem3 (.text:RF_control)
                  00003cc8    000000c4     urfi.obj (.text:urfi_init)
                  00003d8c    000000bc     drivers_cc26x0r2.aem3 : PowerCC26XX.oem3 (.text:Power_releaseDependency)
                  00003e48    000000b4                           : PowerCC26XX.oem3 (.text:Power_setDependency)
                  00003efc    000000ac     display.aem3 : DisplayUart.oem3 (.text:DisplayUartAnsi_clearLines)
                  00003fa8    000000ac     driverlib.lib : setup.obj (.text:NOROM_SetupTrimDevice)
                  00004054    000000ac     rf_singleMode_cc26x0r2.aem3 : RFCC26XX_singleMode.oem3 (.text:RF_abortCmd)
                  00004100    000000a8     icall.obj (.text:HEAPMGR_GETLARGESTFREEBUF)
                  000041a8    000000a8     rf_singleMode_cc26x0r2.aem3 : RFCC26XX_singleMode.oem3 (.text:RF_dispatchNextCmd)
                  00004250    000000a7     display.aem3 : DisplayUart.oem3 (.text:DisplayUartAnsi_open)
                  000042f7    00000001     --HOLE-- [fill = 0]
                  000042f8    000000a6     rom_sysbios.aem3 : rom_sysbios.obj (.text:xdc_runtime_Text_putSite__E)
                  0000439e    00000002     hal_assert.obj (.text:halAssertSpinlock)
                  000043a0    000000a4     micro_eddystone_beacon.obj (.text:MicroEddystoneBeacon_initUID)
                  00004444    000000a4     rf_singleMode_cc26x0r2.aem3 : RFCC26XX_singleMode.oem3 (.text:RF_ratRestartChannels)
                  000044e8    000000a4     drivers_cc26x0r2.aem3 : PowerCC26XX.oem3 (.text:switchXOSCHFclockFunc)
                  0000458c    000000a0                           : PINCC26XX.oem3 (.text:PIN_open)
                  0000462c    000000a0     auto_init.aem3 : auto_init.oem3 (.text)
                  000046cc    0000009f     display.aem3 : DisplayUart.oem3 (.text:DisplayUartAnsi_vprintf)
                  0000476b    00000001     --HOLE-- [fill = 0]
                  0000476c    0000009c     board_key.obj (.text:Board_initKeys)
                  00004808    0000009c     rf_singleMode_cc26x0r2.aem3 : RFCC26XX_singleMode.oem3 (.text:RF_calculateDispatchTime)
                  000048a4    0000009c     rtsv7M3_T_le_eabi.lib : memcpy_t2.obj (.text)
                  00004940    0000009c     ull.obj (.text:ull_advDoneCb)
                  000049dc    00000098     drivers_cc26x0r2.aem3 : UARTCC26XX.oem3 (.text:UARTCC26XX_initHw)
                  00004a74    00000098                           : UARTCC26XX.oem3 (.text:UARTCC26XX_initIO)
                  00004b0c    00000098     scif_framework.obj (.text:scifInitIo)
                  00004ba4    00000098     rom_sysbios.aem3 : rom_sysbios.obj (.text:ti_sysbios_knl_Clock_workFuncDynamic__E)
                  00004c3c    00000098                      : rom_sysbios.obj (.text:xdc_runtime_Text_putMod__E)
                  00004cd4    00000092     rtsv7M3_T_le_eabi.lib : fs_div_t2.obj (.text)
                  00004d66    00000002                           : i_div0.obj (.text)
                  00004d68    00000090     driverlib.lib : setup.obj (.text:TrimAfterColdResetWakeupFromShutDown)
                  00004df8    00000090     rom_sysbios.aem3 : rom_sysbios.obj (.text:ti_sysbios_family_arm_cc26xx_Timer_start__E)
                  00004e88    0000008e     drivers_cc26x0r2.aem3 : UARTCC26XX.oem3 (.text:UARTCC26XX_writeCancel)
                  00004f16    00000086     uble.obj (.text:uble_checkAddr)
                  00004f9c    00000084     drivers_cc26x0r2.aem3 : UARTCC26XX.oem3 (.text:UARTCC26XX_close)
                  00005020    00000080     uble.obj (.text:uble_buildAndPostEvt)
                  000050a0    00000080     drivers_cc26x0r2.aem3 : UARTCC26XX.oem3 (.text:writeTxFifoFlush)
                  00005120    0000007c     micro_eddystone_beacon.obj (.text:MicroEddystoneBeacon_bcast_advDoneCB)
                  0000519c    0000007c     rf_singleMode_cc26x0r2.aem3 : RFCC26XX_singleMode.oem3 (.text:RF_ratFreeChannel)
                  00005218    0000007a     rtsv7M3_T_le_eabi.lib : fs_mul_t2.obj (.text)
                  00005292    0000007a                           : memset_t2.obj (.text)
                  0000530c    00000078     main.obj (.text:ConvertTemperature)
                  00005384    00000078     uble.obj (.text:uble_stackInit)
                  000053fc    00000074     main.obj (.text:main)
                  00005470    00000070     driverlib.lib : sys_ctrl.obj (.text:NOROM_SysCtrlAdjustRechargeAfterPowerDown)
                  000054e0    00000070     drivers_cc26x0r2.aem3 : PowerCC26XX.oem3 (.text:lfClockReadyCallback)
                  00005550    0000006e     rtsv7M3_T_le_eabi.lib : fd_tos_t2.obj (.text)
                  000055be    00000002     app_ble_pem3.oem3 (.text:ti_sysbios_BIOS_nullFunc__I)
                  000055c0    0000006d     rom_sysbios.aem3 : rom_sysbios.obj (.text:xdc_runtime_System_formatNum__I)
                  0000562d    00000001     --HOLE-- [fill = 0]
                  0000562e    00000002     app_ble_pem3.oem3 (.text:ti_sysbios_rom_cortexm_cc26xx_r2_CC26xx_badRomRevision__E)
                  00005630    0000006c     driverlib.lib : osc.obj (.text:NOROM_OSCHF_AttemptToSwitchToXosc)
                  0000569c    0000006c     drivers_cc26x0r2.aem3 : PowerCC26XX_calibrateRCOSC.oem3 (.text:PowerCC26XX_initiateCalibration)
                  00005708    0000006c                           : PowerCC26XX.oem3 (.text:configureXOSCHF)
                  00005774    00000068     driverlib.lib : sys_ctrl.obj (.text:NOROM_SysCtrl_DCDC_VoltageConditionalControl)
                  000057dc    00000068     rf_singleMode_cc26x0r2.aem3 : RFCC26XX_singleMode.oem3 (.text:RF_getCurrentTime)
                  00005844    00000068                                 : RFCC26XX_singleMode.oem3 (.text:RF_hwiHw)
                  000058ac    00000068     rtsv7M3_T_le_eabi.lib : copy_decompress_lzss.obj (.text:decompress:lzss)
                  00005914    00000068     ugap.obj (.text:uble_processGAPMsg)
                  0000597c    00000064     driverlib.lib : rfc.obj (.text:NOROM_RFCOverrideUpdate)
                  000059e0    00000060     main.obj (.text:ConvertHumidity)
                  00005a40    00000060     icall.obj (.text:ICall_searchServiceEntity)
                  00005aa0    00000060     micro_eddystone_beacon.obj (.text:MicroEddystoneBeacon_taskFxn)
                  00005b00    00000060     drivers_cc26x0r2.aem3 : PowerCC26XX.oem3 (.text:PowerCC26XX_calibrate)
                  00005b60    00000060     rf_singleMode_cc26x0r2.aem3 : RFCC26XX_singleMode.oem3 (.text:RF_dispatchNextEvent)
                  00005bc0    00000060     util.obj (.text:Util_constructClock)
                  00005c20    00000060     scif_framework.obj (.text:scifReinitIo)
                  00005c80    00000060     ugap.obj (.text:ugap_bcastInit)
                  00005ce0    00000060     urfi.obj (.text:urfi_getTxPowerVal)
                  00005d40    0000005f     rom_sysbios.aem3 : rom_sysbios.obj (.text:xdc_runtime_Text_putLab__E)
                  00005d9f    00000001     --HOLE-- [fill = 0]
                  00005da0    0000005e     drivers_cc26x0r2.aem3 : UARTCC26XX.oem3 (.text:UARTCC26XX_swiIntFxn)
                  00005dfe    00000002     rom_sysbios.aem3 : rom_sysbios.obj (.text:xdc_runtime_SysCallback_defaultAbort)
                  00005e00    0000005c     display.aem3 : Display.oem3 (.text:Display_doOpen)
                  00005e5c    0000005c     drivers_cc26x0r2.aem3 : PowerCC26XX_calibrateRCOSC.oem3 (.text:PowerCC26XX_RCOSC_clockFunc)
                  00005eb8    0000005c     rf_singleMode_cc26x0r2.aem3 : RFCC26XX_singleMode.oem3 (.text:RF_cmdDispatchTime)
                  00005f14    0000005c                                 : RFCC26XX_singleMode.oem3 (.text:RF_hwiCpe0PowerFsm)
                  00005f70    0000005c     main.obj (.text:processTaskAlert)
                  00005fcc    0000005c     app_ble_pem3.oem3 (.text:xdc_runtime_Startup_getState__I)
                  00006028    00000058     drivers_cc26x0r2.aem3 : PINCC26XX.oem3 (.text:PIN_remove)
                  00006080    00000058     rf_singleMode_cc26x0r2.aem3 : RFCC26XX_singleMode.oem3 (.text:RF_fsmXOSCState)
                  000060d8    00000058                                 : RFCC26XX_singleMode.oem3 (.text:RF_getInfo)
                  00006130    00000058     drivers_cc26x0r2.aem3 : UARTCC26XX.oem3 (.text:UARTCC26XX_control)
                  00006188    00000058     scif_framework.obj (.text:scifUninitIo)
                  000061e0    00000058     ugap.obj (.text:ugb_advPostprocessCB)
                  00006238    00000058     ull.obj (.text:ull_advStop)
                  00006290    00000054     micro_eddystone_beacon.obj (.text:MicroEddystoneBeacon_handleKeys)
                  000062e4    00000054     rf_singleMode_cc26x0r2.aem3 : RFCC26XX_singleMode.oem3 (.text:RF_discardPendCmd)
                  00006338    00000050     dpl_cc26x0r2.aem3 : ClockP_tirtos.oem3 (.text:ClockP_construct)
                  00006388    00000050     icall.obj (.text:ICall_heapFree)
                  000063d8    00000050     scif.obj (.text:scifTaskResourceInit)
                  00006428    00000050     drivers_cc26x0r2.aem3 : UARTCC26XX.oem3 (.text:startTxFifoEmptyClk)
                  00006478    00000050     uble.obj (.text:uble_getParameter)
                  000064c8    0000004e     port.obj (.text:port_timerCreate)
                  00006516    00000002     rom_sysbios.aem3 : rom_sysbios.obj (.text:xdc_runtime_SysCallback_defaultExit)
                  00006518    0000004c     rf_singleMode_cc26x0r2.aem3 : RFCC26XX_singleMode.oem3 (.text:RF_wakeupNotification)
                  00006564    0000004c     rtsv7M3_T_le_eabi.lib : cpy_tbl.obj (.text)
                  000065b0    0000004c                           : rand.obj (.text)
                  000065fc    0000004c     ull.obj (.text:ull_advStart)
                  00006648    0000004c     urfi.obj (.text:urfi_clientEventCb)
                  00006694    0000004a     drivers_cc26x0r2.aem3 : UARTCC26XX.oem3 (.text:UARTCC26XX_readCancel)
                  000066de    00000002     rom_sysbios.aem3 : rom_sysbios.obj (.text:xdc_runtime_SysCallback_defaultPutch)
                  000066e0    00000048     drivers_cc26x0r2.aem3 : PINCC26XX.oem3 (.text:PIN_setOutputEnable)
                  00006728    00000048     rtsv7M3_T_le_eabi.lib : fd_toi_t2.obj (.text)
                  00006770    00000048     rom_sysbios.aem3 : rom_sysbios.obj (.text:ti_sysbios_family_arm_cc26xx_Timer_setThreshold__I)
                  000067b8    00000048     uble.obj (.text:uble_processMsg)
                  00006800    00000048     drivers_cc26x0r2.aem3 : UARTCC26XX.oem3 (.text:writeFinishedDoCallback)
                  00006848    00000044     board_key.obj (.text:Board_keyCallback)
                  0000688c    00000044     driverlib.lib : osc.obj (.text:NOROM_OSCHF_SwitchToRcOscTurnOffXosc)
                  000068d0    00000044     drivers_cc26x0r2.aem3 : RingBuf.oem3 (.text:RingBuf_put)
                  00006914    00000044     boot.aem3 : boot.oem3 (.text)
                  00006958    00000044     rtsv7M3_T_le_eabi.lib : fd_tou_t2.obj (.text)
                  0000699c    00000044     scif.obj (.text:scifStartRtcTicks)
                  000069e0    00000044     rom_sysbios.aem3 : rom_sysbios.obj (.text:xdc_runtime_Text_xprintf__I)
                  00006a24    00000042     util.obj (.text:Util_enqueueMsg)
                  00006a66    00000002     --HOLE-- [fill = 0]
                  00006a68    00000040     icall.obj (.text:ICall_heapGetStats)
                  00006aa8    00000040     micro_eddystone_beacon.obj (.text:MicroEddystoneBeacon_enqueueMsg)
                  00006ae8    00000040     drivers_cc26x0r2.aem3 : PINCC26XX.oem3 (.text:PIN_swi)
                  00006b28    00000040                           : PowerCC26XX.oem3 (.text:PowerCC26XX_isStableXOSC_HF)
                  00006b68    00000040                           : UART.oem3 (.text:UART_init)
                  00006ba8    00000040                           : UART.oem3 (.text:UART_open)
                  00006be8    00000040     rtsv7M3_T_le_eabi.lib : u_divt2.obj (.text)
                  00006c28    00000040     scif.obj (.text:scifStartRtcTicksNow)
                  00006c68    00000040     rom_sysbios.aem3 : rom_sysbios.obj (.text:ti_sysbios_heaps_HeapCallback_Module_startup__E)
                  00006ca8    0000003e     dpl_cc26x0r2.aem3 : HwiP_tirtos.oem3 (.text:HwiP_construct)
                  00006ce6    0000003e     drivers_cc26x0r2.aem3 : RingBuf.oem3 (.text:RingBuf_get)
                  00006d24    0000003c     driverlib.lib : osc.obj (.text:NOROM_OSC_HPOSCRelativeFrequencyOffsetGet)
                  00006d60    0000003c                   : rfc.obj (.text:NOROM_RFCSynthPowerDown)
                  00006d9c    0000003c     rf_singleMode_cc26x0r2.aem3 : RFCC26XX_singleMode.oem3 (.text:RF_cmdStoreEvents)
                  00006dd8    0000003c     dpl_cc26x0r2.aem3 : SwiP_tirtos.oem3 (.text:SwiP_construct)
                  00006e14    0000003c     drivers_cc26x0r2.aem3 : PowerCC26XX.oem3 (.text:disableLfClkQualifiersEnableClkLoss)
                  00006e50    0000003c     rom_sysbios.aem3 : rom_sysbios.obj (.text:ti_sysbios_family_arm_m3_Hwi_construct2__E)
                  00006e8c    00000038     micro_eddystone_beacon.obj (.text:MicroEddystoneBeacon_createTask)
                  00006ec4    00000038     micro_eddystone_beacon.obj (.text:MicroEddystoneBeacon_startBroadcast)
                  00006efc    00000038     drivers_cc26x0r2.aem3 : PINCC26XX.oem3 (.text:PIN_setConfig)
                  00006f34    00000038                           : PINCC26XX.oem3 (.text:PIN_setOutputValue)
                  00006f6c    00000038     rf_singleMode_cc26x0r2.aem3 : RFCC26XX_singleMode.oem3 (.text:RF_checkCmdFsError)
                  00006fa4    00000038     rtsv7M3_T_le_eabi.lib : fs_tod_t2.obj (.text)
                  00006fdc    00000038     rom_sysbios.aem3 : rom_sysbios.obj (.text:ti_sysbios_family_arm_cc26xx_Timer_getCurrentTick__E)
                  00007014    00000038     ugap.obj (.text:ugap_clockHandler)
                  0000704c    00000036     rom_sysbios.aem3 : rom_sysbios.obj (.text:ti_sysbios_family_arm_cc26xx_Timer_setNextTick__E)
                  00007082    00000002     --HOLE-- [fill = 0]
                  00007084    00000034     icall.obj (.text:ICall_searchService)
                  000070b8    00000034     drivers_cc26x0r2.aem3 : PowerCC26XX.oem3 (.text:Power_releaseConstraint)
                  000070ec    00000034     rf_singleMode_cc26x0r2.aem3 : RFCC26XX_singleMode.oem3 (.text:RF_cmdGet)
                  00007120    00000034                                 : RFCC26XX_singleMode.oem3 (.text:RF_powerConstraintRelease)
                  00007154    00000034                                 : RFCC26XX_singleMode.oem3 (.text:RF_runDirectImmediateCmd)
                  00007188    00000034     drivers_cc26x0r2.aem3 : PowerCC26XX.oem3 (.text:notify)
                  000071bc    00000034     scif_framework.obj (.text:scifAckAlertEvents)
                  000071f0    00000034     scif_framework.obj (.text:scifOsalInit)
                  00007224    00000034     rom_sysbios.aem3 : rom_sysbios.obj (.text:ti_sysbios_family_arm_cc26xx_Timer_initDevice__I)
                  00007258    00000034                      : rom_sysbios.obj (.text:ti_sysbios_knl_Swi_setPri__E)
                  0000728c    00000034     ugap.obj (.text:ugap_bcastStart)
                  000072c0    00000034     ull.obj (.text:ull_init)
                  000072f4    00000030     micro_eddystone_beacon.obj (.text:MicroEddystoneBeacon_initURL)
                  00007324    00000030     drivers_cc26x0r2.aem3 : PINCC26XX.oem3 (.text:PINCC26XX_setMux)
                  00007354    00000030                           : PowerCC26XX.oem3 (.text:Power_setConstraint)
                  00007384    00000030     scif_framework.obj (.text:osalRegisterCtrlReadyInt)
                  000073b4    00000030     scif_framework.obj (.text:osalRegisterTaskAlertInt)
                  000073e4    00000030     app_ble_pem3.oem3 (.text:ti_sysbios_BIOS_atExitFunc__I)
                  00007414    00000030     app_ble_pem3.oem3 (.text:ti_sysbios_BIOS_startFunc__I)
                  00007444    00000030     app_ble_pem3.oem3 (.text:ti_sysbios_heaps_HeapCallback_Object__create__S)
                  00007474    00000030     uble.obj (.text:uble_getPublicAddr)
                  000074a4    0000002e     icall.obj (.text:ICall_dispatch)
                  000074d2    0000002e     drivers_cc26x0r2.aem3 : UARTCC26XX.oem3 (.text:readData)
                  00007500    0000002e     rtsv7M3_T_le_eabi.lib : i_tofd_t2.obj (.text)
                  0000752e    0000002e     app_ble_pem3.oem3 (.text:ti_sysbios_rts_gnu_MemAlloc_alloc)
                  0000755c    0000002e     drivers_cc26x0r2.aem3 : UARTCC26XX.oem3 (.text:writeData)
                  0000758a    00000002     --HOLE-- [fill = 0]
                  0000758c    0000002c     driverlib.lib : chipinfo.obj (.text:NOROM_ChipInfo_GetChipFamily)
                  000075b8    0000002c     rf_singleMode_cc26x0r2.aem3 : RFCC26XX_singleMode.oem3 (.text:RF_calculateDeltaTimeUs)
                  000075e4    0000002c                                 : RFCC26XX_singleMode.oem3 (.text:RF_executeDirectImmediateCmd)
                  00007610    0000002c     dpl_cc26x0r2.aem3 : SemaphoreP_tirtos.oem3 (.text:SemaphoreP_constructBinary)
                  0000763c    0000002c                       : SemaphoreP_tirtos.oem3 (.text:SemaphoreP_createBinary)
                  00007668    0000002c     scif_framework.obj (.text:osalIndicateCtrlReady)
                  00007694    0000002c     scif_framework.obj (.text:osalLockCtrlTaskNbl)
                  000076c0    0000002c     rom_sysbios.aem3 : rom_sysbios.obj (.text:ti_sysbios_knl_Clock_getTicksUntilInterrupt__E)
                  000076ec    0000002b                      : rom_sysbios.obj (.text:xdc_runtime_Text_printVisFxn__I)
                  00007717    00000001     --HOLE-- [fill = 0]
                  00007718    0000002a     display.aem3 : DisplayUart.oem3 (.text:DisplayUartAnsi_clear)
                  00007742    0000002a                  : Display.oem3 (.text:Display_doPrintf)
                  0000776c    0000002a     port.obj (.text:port_queueCreate)
                  00007796    0000002a     rom_sysbios.aem3 : rom_sysbios.obj (.text:ti_sysbios_knl_Clock_getTimeout__E)
                  000077c0    0000002a                      : rom_sysbios.obj (.text:xdc_runtime_System_putchar__I)
                  000077ea    00000028     micro_eddystone_beacon.obj (.text:MicroEddystoneBeacon_processAppMsg)
                  00007812    00000002     --HOLE-- [fill = 0]
                  00007814    00000028     driverlib.lib : chipinfo.obj (.text:NOROM_ChipInfo_GetChipType)
                  0000783c    00000028                   : rfc.obj (.text:NOROM_RFCDoorbellSendTo)
                  00007864    00000028                   : rfc.obj (.text:NOROM_RFCOverrideSearch)
                  0000788c    00000028     drivers_cc26x0r2.aem3 : PowerCC26XX.oem3 (.text:Power_registerNotify)
                  000078b4    00000028     driverlib.lib : adi.obj (.text:SafeHapiVoid)
                  000078dc    00000028     util.obj (.text:Util_dequeueMsg)
                  00007904    00000028     drivers_cc26x0r2.aem3 : UARTCC26XX.oem3 (.text:readData2RingBuf)
                  0000792c    00000028     rtsv7M3_T_le_eabi.lib : strncmp.obj (.text)
                  00007954    00000028     ugap.obj (.text:ugb_advPrepareCB)
                  0000797c    00000024     drivers_cc26x0r2.aem3 : List.oem3 (.text:List_remove)
                  000079a0    00000024     driverlib.lib : osc.obj (.text:NOROM_OSCHF_TurnOnXosc)
                  000079c4    00000024     rf_singleMode_cc26x0r2.aem3 : RFCC26XX_singleMode.oem3 (.text:RF_invokeGlobalCallback)
                  000079e8    00000024     rtsv7M3_T_le_eabi.lib : u_tofs_t2.obj (.text)
                  00007a0c    00000024     app_ble_pem3.oem3 (.text:ti_sysbios_BIOS_registerRTSLock__I)
                  00007a30    00000024     app_ble_pem3.oem3 (.text:ti_sysbios_BIOS_removeRTSLock__I)
                  00007a54    00000024     rom_sysbios.aem3 : rom_sysbios.obj (.text:ti_sysbios_family_arm_cc26xx_Timer_getMaxTicks__E)
                  00007a78    00000022     drivers_cc26x0r2.aem3 : List.oem3 (.text:List_get)
                  00007a9a    00000022                           : List.oem3 (.text:List_put)
                  00007abc    00000022     driverlib.lib : uart.obj (.text:NOROM_UARTConfigSetExpClk)
                  00007ade    00000002     --HOLE-- [fill = 0]
                  00007ae0    00000020     board_key.obj (.text:Board_keyChangeHandler)
                  00007b00    00000020     driverlib.lib : rfc.obj (.text:NOROM_RFCRfTrimRead)
                  00007b20    00000020                   : uart.obj (.text:NOROM_UARTDisable)
                  00007b40    00000020     drivers_cc26x0r2.aem3 : PINCC26XX.oem3 (.text:PINCC26XX_setIoCfgMux)
                  00007b60    00000020                           : PowerCC26XX.oem3 (.text:Power_unregisterNotify)
                  00007b80    00000020     rf_singleMode_cc26x0r2.aem3 : RFCC26XX_singleMode.oem3 (.text:RF_clkPowerUp)
                  00007ba0    00000020                                 : RFCC26XX_singleMode.oem3 (.text:RF_ratIsRunning)
                  00007bc0    00000020     drivers_cc26x0r2.aem3 : UARTCC26XX.oem3 (.text:threadSafeStdbyDisRelease)
                  00007be0    00000020                           : UARTCC26XX.oem3 (.text:threadSafeStdbyDisSet)
                  00007c00    00000020     app_ble_pem3.oem3 (.text:ti_sysbios_BIOS_rtsLock__I)
                  00007c20    00000020     rom_sysbios.aem3 : rom_sysbios.obj (.text:ti_sysbios_family_arm_cc26xx_Timer_dynamicStub__E)
                  00007c40    00000020     ugap.obj (.text:ugap_bcastStop)
                  00007c60    00000020     ull.obj (.text:ull_advRegisterCB)
                  00007c80    00000020     rom_sysbios.aem3 : rom_sysbios.obj (.text:xdc_runtime_Registry_findById__E)
                  00007ca0    0000001e     micro_eddystone_beacon.obj (.text:MicroEddystoneBeacon_bcast_advPrepareCB)
                  00007cbe    0000001e     drivers_cc26x0r2.aem3 : PINCC26XX.oem3 (.text:PIN_close)
                  00007cdc    0000001e                           : PowerCC26XX.oem3 (.text:Power_getTransitionLatency)
                  00007cfa    0000001c     driverlib.lib : vims.obj (.text:NOROM_VIMSConfigure)
                  00007d16    00000002     --HOLE-- [fill = 0]
                  00007d18    0000001c     drivers_cc26x0r2.aem3 : PINCC26XX.oem3 (.text:PIN_hwi)
                  00007d34    0000001c     rf_singleMode_cc26x0r2.aem3 : RFCC26XX_singleMode.oem3 (.text:RF_clkInactivityCallback)
                  00007d50    0000001c                                 : RFCC26XX_singleMode.oem3 (.text:RF_powerConstraintSet)
                  00007d6c    0000001c     rom_sysbios.aem3 : rom_sysbios.obj (.text:ti_sysbios_family_arm_m3_Hwi_clearInterrupt__E)
                  00007d88    0000001c                      : rom_sysbios.obj (.text:ti_sysbios_knl_Swi_construct2__E)
                  00007da4    0000001a     icall.obj (.text:ICall_leaveCSImpl)
                  00007dbe    0000001a     dpl_cc26x0r2.aem3 : SystemP_tirtos.oem3 (.text:SystemP_snprintf)
                  00007dd8    0000001a     port.obj (.text:port_timerStart)
                  00007df2    00000002     --HOLE-- [fill = 0]
                  00007df4    00000018     driverlib.lib : chipinfo.obj (.text:NOROM_ChipInfo_GetPackageType)
                  00007e0c    00000018                   : rfc.obj (.text:NOROM_RFCCpeIntGetAndClear)
                  00007e24    00000018     dpl_cc26x0r2.aem3 : PowerCC26XX_tirtos.oem3 (.text:PowerCC26XX_schedulerDisable)
                  00007e3c    00000018                       : PowerCC26XX_tirtos.oem3 (.text:PowerCC26XX_schedulerRestore)
                  00007e54    00000018     drivers_cc26x0r2.aem3 : PowerCC26XX.oem3 (.text:Power_idleFunc)
                  00007e6c    00000018     rf_singleMode_cc26x0r2.aem3 : RFCC26XX_singleMode.oem3 (.text:RF_swiFsm)
                  00007e84    00000018     drivers_cc26x0r2.aem3 : UART.oem3 (.text:UART_Params_init)
                  00007e9c    00000018     app_ble_pem3.oem3 (.text:free)
                  00007eb4    00000018     port.obj (.text:port_timerStop)
                  00007ecc    00000018     rtsv7M3_T_le_eabi.lib : args_main.obj (.text)
                  00007ee4    00000018                           : ll_mul_t2.obj (.text)
                  00007efc    00000018     scif_framework.obj (.text:scifClearAlertIntSource)
                  00007f14    00000018     scif.obj (.text:scifTaskResourceUninit)
                  00007f2c    00000018     app_ble_pem3.oem3 (.text:ti_sysbios_BIOS_rtsUnlock__I)
                  00007f44    00000018     rom_sysbios.aem3 : rom_sysbios.obj (.text:ti_sysbios_heaps_HeapCallback_Instance_init__E)
                  00007f5c    00000018                      : rom_sysbios.obj (.text:ti_sysbios_knl_Swi_or__E)
                  00007f74    00000018     app_ble_pem3.oem3 (.text:ti_sysbios_rom_cortexm_cc26xx_r2_CC26xx_checkRevision__E)
                  00007f8c    00000018     ull.obj (.text:ull_clockHandler)
                  00007fa4    00000018     rom_sysbios.aem3 : rom_sysbios.obj (.text:xdc_runtime_Error_init__E)
                  00007fbc    00000016     display.aem3 : DisplayUart.oem3 (.text:DisplayUartAnsi_close)
                  00007fd2    00000016     icall.obj (.text:ICall_enterCSImpl)
                  00007fe8    00000016     rf_singleMode_cc26x0r2.aem3 : RFCC26XX_singleMode.oem3 (.text:RF_restartClockTimeout)
                  00007ffe    00000016     port.obj (.text:port_queueEmpty)
                  00008014    00000016     port.obj (.text:port_queuePut)
                  0000802a    00000016     app_ble_pem3.oem3 (.text:ti_sysbios_BIOS_errorRaiseHook__I)
                  00008040    00000016     app_ble_pem3.oem3 (.text:ti_sysbios_BIOS_exitFunc__I)
                  00008056    00000016     scif_framework.obj (.text:ti_sysbios_family_arm_m3_Hwi_Params_init)
                  0000806c    00000016     port.obj (.text:ti_sysbios_knl_Clock_Params_init)
                  00008082    00000016     util.obj (.text:ti_sysbios_knl_Clock_Params_init)
                  00008098    00000016     scif_framework.obj (.text:ti_sysbios_knl_Semaphore_Params_init)
                  000080ae    00000016     micro_eddystone_beacon.obj (.text:ti_sysbios_knl_Task_Params_init)
                  000080c4    00000014     micro_eddystone_beacon.obj (.text:AONBatMonBatteryVoltageGet)
                  000080d8    00000014     drivers_cc26x0r2.aem3 : List.oem3 (.text:List_clearList)
                  000080ec    00000014                           : PINCC26XX.oem3 (.text:PINCC26XX_getInputValue)
                  00008100    00000014     rf_singleMode_cc26x0r2.aem3 : RFCC26XX_singleMode.oem3 (.text:RF_Params_init)
                  00008114    00000014                                 : RFCC26XX_singleMode.oem3 (.text:RF_dbellSyncOnAck)
                  00008128    00000014                                 : RFCC26XX_singleMode.oem3 (.text:RF_ratGetChannel)
                  0000813c    00000014     util.obj (.text:Util_constructQueue)
                  00008150    00000014     util.obj (.text:Util_startClock)
                  00008164    00000014     drivers_cc26x0r2.aem3 : PowerCC26XX.oem3 (.text:configureRFCoreClocks)
                  00008178    00000014     scif_framework.obj (.text:osalIndicateTaskAlert)
                  0000818c    00000014     port.obj (.text:port_queueGet)
                  000081a0    00000014     rtsv7M3_T_le_eabi.lib : _lock.obj (.text)
                  000081b4    00000014                           : strlen.obj (.text)
                  000081c8    00000014     scif_framework.obj (.text:scifOsalRegisterTaskAlertCallback)
                  000081dc    00000014     rom_sysbios.aem3 : rom_sysbios.obj (.text:ti_sysbios_family_arm_cc26xx_Timer_getCount64__E)
                  000081f0    00000014     app_ble_pem3.oem3 (.text:ti_sysbios_heaps_HeapCallback_Object__get__S)
                  00008204    00000014     app_ble_pem3.oem3 (.text:ti_sysbios_knl_Clock_doTick__I)
                  00008218    00000012     micro_eddystone_beacon.obj (.text:MicroEddystoneBeacon_keyChangeHandler)
                  0000822a    00000012     drivers_cc26x0r2.aem3 : RingBuf.oem3 (.text:RingBuf_construct)
                  0000823c    00000012     dpl_cc26x0r2.aem3 : SemaphoreP_tirtos.oem3 (.text:SemaphoreP_pend)
                  0000824e    00000012     scif_framework.obj (.text:scifStartTasksNbl)
                  00008260    00000012     app_ble_pem3.oem3 (.text:xdc_runtime_Startup_exec__I)
                  00008272    00000010     dpl_cc26x0r2.aem3 : ClockP_tirtos.oem3 (.text:ClockP_isActive)
                  00008282    00000010                       : HwiP_tirtos.oem3 (.text:HwiP_Params_init)
                  00008292    00000002     --HOLE-- [fill = 0]
                  00008294    00000010     driverlib.lib : rfc.obj (.text:NOROM_RFCHwIntGetAndClear)
                  000082a4    00000010                   : rfc.obj (.text:NOROM_RFCRfTrimSet)
                  000082b4    00000010     drivers_cc26x0r2.aem3 : PINCC26XX.oem3 (.text:PINCC26XX_getPinCount)
                  000082c4    00000010     rf_singleMode_cc26x0r2.aem3 : RFCC26XX_singleMode.oem3 (.text:RF_dbellSubmitCmdAsync)
                  000082d4    00000010     dpl_cc26x0r2.aem3 : SwiP_tirtos.oem3 (.text:SwiP_Params_init)
                  000082e4    00000010     icall.obj (.text:osalHeapAllocFxn)
                  000082f4    00000010     icall.obj (.text:osalHeapFreeFxn)
                  00008304    00000010     rom_sysbios.aem3 : rom_sysbios.obj (.text:ti_sysbios_family_arm_m3_Hwi_post__E)
                  00008314    00000010                      : rom_sysbios.obj (.text:ti_sysbios_heaps_HeapCallback_alloc__E)
                  00008324    00000010                      : rom_sysbios.obj (.text:ti_sysbios_heaps_HeapCallback_free__E)
                  00008334    00000010                      : rom_sysbios.obj (.text:ti_sysbios_heaps_HeapCallback_getStats__E)
                  00008344    00000010                      : rom_sysbios.obj (.text:ti_sysbios_heaps_HeapCallback_isBlocking__E)
                  00008354    00000010     drivers_cc26x0r2.aem3 : UARTCC26XX.oem3 (.text:uartPostNotify)
                  00008364    00000010     rom_sysbios.aem3 : rom_sysbios.obj (.text:xdc_runtime_SysCallback_putch__E)
                  00008374    00000010                      : rom_sysbios.obj (.text:xdc_runtime_SysCallback_ready__E)
                  00008384    00000010                      : rom_sysbios.obj (.text:xdc_runtime_System_vsnprintf__E)
                  00008394    0000000e     driverlib.lib : chipinfo.obj (.text:NOROM_ThisLibraryIsFor_CC26x0R2_HaltIfViolated)
                  000083a2    0000000e                   : uart.obj (.text:NOROM_UARTCharGetNonBlocking)
                  000083b0    0000000e                   : uart.obj (.text:NOROM_UARTCharPutNonBlocking)
                  000083be    0000000e     rf_singleMode_cc26x0r2.aem3 : RFCC26XX_singleMode.oem3 (.text:RF_cancelCmd)
                  000083cc    0000000e     rtsv7M3_T_le_eabi.lib : copy_decompress_none.obj (.text:decompress:none)
                  000083da    0000000e     scif_framework.obj (.text:osalCtrlReadyIsr)
                  000083e8    0000000e     icall.obj (.text:osalHeapGetStatsFxn)
                  000083f6    0000000e     icall.obj (.text:osalHeapInitFxn)
                  00008404    0000000e     scif_framework.obj (.text:osalTaskAlertIsr)
                  00008412    0000000e     rom_sysbios.aem3 : rom_sysbios.obj (.text:ti_sysbios_family_arm_cc26xx_TimestampProvider_get32__E)
                  00008420    0000000c     driverlib.lib : cpu.obj (.text:NOROM_CPUcpsid)
                  0000842c    0000000c                   : cpu.obj (.text:NOROM_CPUcpsie)
                  00008438    0000000c                   : osc.obj (.text:NOROM_OSC_HPOSCRelativeFrequencyOffsetToRFCoreFormatConvert)
                  00008444    0000000c     drivers_cc26x0r2.aem3 : PINCC26XX.oem3 (.text:PIN_registerIntCb)
                  00008450    0000000c                           : PowerCC26XX.oem3 (.text:Power_getConstraintMask)
                  0000845c    0000000c                           : PowerCC26XX.oem3 (.text:Power_getDependencyCount)
                  00008468    0000000c     rf_singleMode_cc26x0r2.aem3 : RFCC26XX_singleMode.oem3 (.text:RF_powerConstraintGet)
                  00008474    0000000c     dpl_cc26x0r2.aem3 : SemaphoreP_tirtos.oem3 (.text:SemaphoreP_delete)
                  00008480    0000000c     rtsv7M3_T_le_eabi.lib : copy_zero_init.obj (.text:decompress:ZI)
                  0000848c    0000000c     icall.obj (.text:osalHeapIsBlockingFxn)
                  00008498    0000000c     scif_framework.obj (.text:osalUnlockCtrlTaskNbl)
                  000084a4    0000000c     port.obj (.text:port_exitCS_HW)
                  000084b0    0000000c     port.obj (.text:port_exitCS_SW)
                  000084bc    0000000c     scif_framework.obj (.text:scifOsalLeaveCriticalSection)
                  000084c8    0000000c     port.obj (.text:ti_sysbios_knl_Clock_handle)
                  000084d4    0000000c     util.obj (.text:ti_sysbios_knl_Clock_handle)
                  000084e0    0000000c     port.obj (.text:ti_sysbios_knl_Queue_handle)
                  000084ec    0000000c     util.obj (.text:ti_sysbios_knl_Queue_handle)
                  000084f8    0000000c     scif_framework.obj (.text:ti_sysbios_knl_Semaphore_handle)
                  00008504    0000000c     rom_sysbios.aem3 : rom_sysbios.obj (.text:ti_sysbios_knl_Swi_getTrigger__E)
                  00008510    0000000c     micro_eddystone_beacon.obj (.text:uBLEStack_eventProxy)
                  0000851c    0000000c     app_ble_pem3.oem3 (.text:xdc_runtime_Startup_reset__I)
                  00008528    0000000a     dpl_cc26x0r2.aem3 : ClockP_tirtos.oem3 (.text:ClockP_Params_init)
                  00008532    0000000a     drivers_cc26x0r2.aem3 : UART.oem3 (.text:UART_close)
                  0000853c    0000000a                           : UART.oem3 (.text:UART_control)
                  00008546    0000000a                           : UART.oem3 (.text:UART_write)
                  00008550    0000000a     scif_framework.obj (.text:osalClearCtrlReadyInt)
                  0000855a    0000000a     scif_framework.obj (.text:osalClearTaskAlertInt)
                  00008564    0000000a     scif_framework.obj (.text:osalDisableCtrlReadyInt)
                  0000856e    0000000a     scif_framework.obj (.text:osalEnableCtrlReadyInt)
                  00008578    0000000a     scif_framework.obj (.text:scifOsalDisableTaskAlertInt)
                  00008582    0000000a     scif_framework.obj (.text:scifOsalEnableTaskAlertInt)
                  0000858c    00000008     drivers_cc26x0r2.aem3 : UARTCC26XX.oem3 (.text:UARTCC26XX_init)
                  00008594    00000008     port.obj (.text:port_enterCS_HW)
                  0000859c    00000008     port.obj (.text:port_enterCS_SW)
                  000085a4    00000008     drivers_cc26x0r2.aem3 : UARTCC26XX.oem3 (.text:readSemCallback)
                  000085ac    00000008     main.obj (.text:scTaskAlertCallback)
                  000085b4    00000008     scif_framework.obj (.text:scifOsalEnterCriticalSection)
                  000085bc    00000008     drivers_cc26x0r2.aem3 : UARTCC26XX.oem3 (.text:writeSemCallback)
                  000085c4    00000008     app_ble_pem3.oem3 (.text:xdc_runtime_Text_visitRope__I)
                  000085cc    00000006     display.aem3 : DisplayUart.oem3 (.text:DisplayUartAnsi_control)
                  000085d2    00000006                  : DisplayUart.oem3 (.text:DisplayUartAnsi_getType)
                  000085d8    00000006     rf_singleMode_cc26x0r2.aem3 : RFCC26XX_singleMode.oem3 (.text:RF_runImmediateCmd)
                  000085de    00000006     drivers_cc26x0r2.aem3 : UARTCC26XX.oem3 (.text:UARTCC26XX_readPolling)
                  000085e4    00000006                           : UARTCC26XX.oem3 (.text:UARTCC26XX_writePolling)
                  000085ea    00000006     rom_sysbios.aem3 : rom_sysbios.obj (.text:ti_sysbios_family_arm_m3_Hwi_setFunc__E)
                  000085f0    00000004     dpl_cc26x0r2.aem3 : PowerCC26XX_tirtos.oem3 (.text:CPUwfi)
                  000085f4    00000004                       : ClockP_tirtos.oem3 (.text:ClockP_destruct)
                  000085f8    00000004                       : ClockP_tirtos.oem3 (.text:ClockP_getCpuFreq)
                  000085fc    00000004                       : ClockP_tirtos.oem3 (.text:ClockP_getTimeout)
                  00008600    00000004                       : ClockP_tirtos.oem3 (.text:ClockP_setTimeout)
                  00008604    00000004                       : ClockP_tirtos.oem3 (.text:ClockP_start)
                  00008608    00000004                       : ClockP_tirtos.oem3 (.text:ClockP_stop)
                  0000860c    00000004                       : HwiP_tirtos.oem3 (.text:HwiP_destruct)
                  00008610    00000004                       : HwiP_tirtos.oem3 (.text:HwiP_disable)
                  00008614    00000004                       : HwiP_tirtos.oem3 (.text:HwiP_enableInterrupt)
                  00008618    00000004                       : HwiP_tirtos.oem3 (.text:HwiP_post)
                  0000861c    00000004                       : HwiP_tirtos.oem3 (.text:HwiP_setFunc)
                  00008620    00000004                       : HwiP_tirtos.oem3 (.text:HwiP_setPriority)
                  00008624    00000004     drivers_cc26x0r2.aem3 : PowerCC26XX.oem3 (.text:PowerCC26XX_switchXOSC_HF)
                  00008628    00000004     dpl_cc26x0r2.aem3 : SemaphoreP_tirtos.oem3 (.text:SemaphoreP_destruct)
                  0000862c    00000004                       : SemaphoreP_tirtos.oem3 (.text:SemaphoreP_post)
                  00008630    00000004                       : SwiP_tirtos.oem3 (.text:SwiP_destruct)
                  00008634    00000004                       : SwiP_tirtos.oem3 (.text:SwiP_disable)
                  00008638    00000004                       : SwiP_tirtos.oem3 (.text:SwiP_getTrigger)
                  0000863c    00000004                       : SwiP_tirtos.oem3 (.text:SwiP_or)
                  00008640    00000004                       : SwiP_tirtos.oem3 (.text:SwiP_setPriority)
                  00008644    00000004                       : SystemP_tirtos.oem3 (.text:SystemP_vsnprintf)
                  00008648    00000004     drivers_cc26x0r2.aem3 : PowerCC26XX.oem3 (.text:nopResourceHandler)
                  0000864c    00000004     rom_sysbios.aem3 : rom_sysbios.obj (.text:ti_sysbios_heaps_HeapCallback_defaultCreate)
                  00008650    00000004                      : rom_sysbios.obj (.text:ti_sysbios_knl_Clock_isActive__E)
                  00008654    00000004                      : rom_sysbios.obj (.text:xdc_runtime_SysCallback_defaultReady)
                  00008658    00000008     (.tramp.ti_sysbios_knl_Swi_destruct.1)
                  00008660    00000008     (.tramp.ti_sysbios_knl_Semaphore_destruct.1)
                  00008668    00000008     (.tramp.ti_sysbios_family_arm_m3_Hwi_setPriority__E.1)
                  00008670    00000008     (.tramp.ti_sysbios_family_arm_m3_Hwi_destruct.1)
                  00008678    00000008     (.tramp.ti_sysbios_BIOS_getCpuFreq__E.1)
                  00008680    00000008     (.tramp.ti_sysbios_knl_Clock_destruct.1)
                  00008688    00000008     (.tramp.ti_sysbios_family_arm_m3_Hwi_enableInterrupt__E.1)
                  00008690    00000008     (.tramp.ti_sysbios_family_arm_m3_Hwi_disableInterrupt__E.1)
                  00008698    00000008     (.tramp.ti_sysbios_knl_Semaphore_delete.1)
                  000086a0    00000008     (.tramp.xdc_runtime_Startup_startMods__I.1)
                  000086a8    00000008     (.tramp.ti_sysbios_knl_Semaphore_pend__E.1)
                  000086b0    00000008     (.tramp.ti_sysbios_knl_Clock_logTick__E.1)
                  000086b8    00000008     (.tramp.ti_sysbios_knl_Task_Params__init__S.1)
                  000086c0    00000008     (.tramp.ti_sysbios_knl_Swi_post__E.1)
                  000086c8    00000008     (.tramp.ti_sysbios_BIOS_RtsGateProxy_leave__E.1)
                  000086d0    00000008     (.tramp.xdc_runtime_Memory_free__E.1)
                  000086d8    00000008     (.tramp.ti_sysbios_knl_Task_restore__E.1)
                  000086e0    00000008     (.tramp.ti_sysbios_knl_Swi_construct.1)
                  000086e8    00000008     (.tramp.ti_sysbios_BIOS_RtsGateProxy_enter__E.1)
                  000086f0    00000008     (.tramp.ti_sysbios_knl_Queue_get__E.1)
                  000086f8    00000008     (.tramp.ti_sysbios_knl_Queue_construct.1)
                  00008700    00000008     (.tramp.ti_sysbios_family_arm_m3_Hwi_disableFxn__E.1)
                  00008708    00000008     (.tramp.ti_sysbios_knl_Semaphore_post__E.1)
                  00008710    00000008     (.tramp.ti_sysbios_knl_Semaphore_create.1)
[...]
1001c05b  ti_sysbios_family_arm_m3_Hwi_doTaskRestore__I                             
1001c061  HwiP_restore                                                              
1001c061  ti_sysbios_family_arm_m3_Hwi_restoreFxn__E                                
1001c067  ti_sysbios_gates_GateHwi_leave__E                                         
1001c06d  ti_sysbios_heaps_HeapMem_isBlocking__E                                    
1001c073  ti_sysbios_knl_Queue_Instance_init__E                                     
1001c079  ti_sysbios_knl_Queue_elemClear__E                                         
1001c07f  ti_sysbios_knl_Swi_Module_startup__E                                      
1001c085  ti_sysbios_knl_Swi_startup__E                                             
1001c08b  ti_sysbios_knl_Task_enable__E                                             
1001c091  ti_sysbios_BIOS_RtsGateProxy_enter__E                                     
1001c095  ti_sysbios_BIOS_RtsGateProxy_leave__E                                     
1001c099  ti_sysbios_family_arm_cc26xx_Timer_getExpiredTicks__E                     
1001c09d  ti_sysbios_family_arm_cc26xx_Timer_getPeriod__E                           
1001c0a1  ti_sysbios_family_arm_cc26xx_Timer_setPeriod__E                           
1001c0a5  ti_sysbios_family_arm_m3_Hwi_delete                                       
1001c0a9  ti_sysbios_family_arm_m3_Hwi_destruct                                     
1001c0ad  ti_sysbios_family_arm_m3_TaskSupport_Module__startupDone__S               
1001c0ad  ti_sysbios_knl_Task_SupportProxy_Module__startupDone__S                   
1001c0ad  ti_sysbios_knl_Task_SupportProxy_Module__startupDone__S__mangled__        
1001c0b1  ti_sysbios_gates_GateHwi_query__E                                         
1001c0b1  xdc_runtime_Main_Module_GateProxy_query__E                                
1001c0b1  xdc_runtime_System_Module_GateProxy_query__E                              
1001c0b1  xdc_runtime_System_Module_GateProxy_query__E__mangled__                   
1001c0b5  ti_sysbios_gates_GateMutex_delete                                         
1001c0b9  ti_sysbios_gates_GateMutex_destruct                                       
1001c0bd  ti_sysbios_BIOS_RtsGateProxy_query__E                                     
1001c0bd  ti_sysbios_BIOS_RtsGateProxy_query__E__mangled__                          
1001c0bd  ti_sysbios_gates_GateMutex_query__E                                       
1001c0bd  ti_sysbios_heaps_HeapMem_Module_GateProxy_query__E                        
1001c0bd  ti_sysbios_heaps_HeapMem_Module_GateProxy_query__E__mangled__             
1001c0c1  ti_sysbios_hal_Hwi_HwiProxy_delete                                        
1001c0c5  ti_sysbios_hal_Hwi_delete                                                 
1001c0c9  ti_sysbios_heaps_HeapMem_Module_GateProxy_enter__E                        
1001c0cd  ti_sysbios_heaps_HeapMem_Module_GateProxy_leave__E                        
1001c0d1  ti_sysbios_knl_Clock_TimerProxy_getExpiredTicks__E                        
1001c0d5  ti_sysbios_knl_Clock_TimerProxy_getPeriod__E                              
1001c0d9  ti_sysbios_knl_Clock_delete                                               
1001c0dd  ti_sysbios_knl_Clock_destruct                                             
1001c0e1  ti_sysbios_knl_Clock_removeI__E                                           
1001c0e5  ti_sysbios_knl_Clock_setTimeout__E                                        
1001c0e9  ti_sysbios_knl_Event_delete                                               
1001c0ed  ti_sysbios_knl_Event_destruct                                             
1001c0f1  ti_sysbios_knl_Mailbox_delete                                             
1001c0f5  ti_sysbios_knl_Mailbox_destruct                                           
1001c0f9  ti_sysbios_knl_Queue_delete                                               
1001c0fd  ti_sysbios_knl_Queue_destruct                                             
1001c101  ti_sysbios_knl_Queue_head__E                                              
1001c105  ti_sysbios_knl_Queue_next__E                                              
1001c109  ti_sysbios_knl_Semaphore_delete                                           
1001c10d  ti_sysbios_knl_Semaphore_destruct                                         
1001c111  ti_sysbios_knl_Swi_delete                                                 
1001c115  ti_sysbios_knl_Swi_destruct                                               
1001c119  ti_sysbios_knl_Swi_postInit__I                                            
1001c11d  ti_sysbios_knl_Task_delete                                                
1001c121  ti_sysbios_knl_Task_destruct                                              
1001c125  ti_sysbios_knl_Task_startup__E                                            
1001c129  xdc_runtime_Startup_startMods__I                                          
1001c2c9  xdc_runtime_Core_createObject__I                                          
1001c349  xdc_runtime_Memory_alloc__E                                               
1001c3b5  xdc_runtime_Core_deleteObject__I                                          
1001c413  xdc_runtime_Error_policySpin__E                                           
1001c415  xdc_runtime_Startup_exec__E                                               
1001c465  xdc_runtime_Assert_raise__I                                               
1001c4ad  xdc_runtime_Core_assignParams__I                                          
1001c4f5  xdc_runtime_Core_constructObject__I                                       
1001c581  xdc_runtime_System_atexit__E                                              
1001c5b9  xdc_runtime_Core_assignLabel__I                                           
1001c5ed  xdc_runtime_System_processAtExit__E                                       
1001c621  xdc_runtime_Text_cordText__E                                              
1001c64d  xdc_runtime_System_abort__E                                               
1001c66d  xdc_runtime_Error_raiseX__E                                               
1001c689  xdc_runtime_Memory_valloc__E                                              
1001c6a5  xdc_runtime_Core_destructObject__I                                        
1001c6bd  xdc_runtime_Error_check__E                                                
1001c6d5  xdc_runtime_System_exit__E                                                
1001c6ed  xdc_runtime_Text_ropeText__E                                              
1001c705  xdc_runtime_Memory_free__E                                                
1001c715  xdc_runtime_SysCallback_abort__E                                          
1001c715  xdc_runtime_System_SupportProxy_abort__E                                  
1001c725  xdc_runtime_SysCallback_exit__E                                           
1001c725  xdc_runtime_System_SupportProxy_exit__E                                   
1001c735  xdc_runtime_Timestamp_SupportProxy_get32__E                               
1001c735  xdc_runtime_Timestamp_get32__E                                            
1001c735  xdc_runtime_Timestamp_get32__E                                            
1001c751  xdc_runtime_Memory_calloc__E                                              
1001c75d  xdc_runtime_Memory_getMaxDefaultTypeAlign__E                              
1001c769  xdc_runtime_Startup_rtsDone__E                                            
1001c775  xdc_runtime_Memory_HeapProxy_alloc__E                                     
1001c77f  xdc_runtime_Memory_HeapProxy_free__E                                      
1001c789  xdc_runtime_Gate_leaveSystem__E                                           
1001c78f  xdc_runtime_System_Module_startup__E                                      
1001c795  xdc_runtime_Gate_enterSystem__E                                           
1001c799  xdc_runtime_System_Module_GateProxy_enter__E                              
1001c79d  xdc_runtime_System_Module_GateProxy_leave__E                              
1001c7a1  xdc_runtime_System_abortSpin__E                                           
1001c7a3  xdc_runtime_System_exitSpin__E                                            
1001c7a5  ti_sysbios_family_arm_m3_Hwi_dispatch__I                                  
1001c86d  ti_sysbios_family_arm_m3_TaskSupport_buildTaskStack                       
1001c8b9  ti_sysbios_family_arm_m3_Hwi_initStacks__E                                
1001c901  ti_sysbios_family_arm_m3_Hwi_excHandlerAsm__I                             
1001c921  ti_sysbios_family_xxx_Hwi_switchAndRunFunc                                
1001c93f  ti_sysbios_family_arm_m3_Hwi_pendSV__I                                    
1001c957  ti_sysbios_family_arm_m3_Hwi_return                                       
1001c959  ti_sysbios_family_arm_m3_TaskSupport_glue                                 
1001c969  ti_sysbios_family_arm_m3_TaskSupport_swap__E                              
1001c969  ti_sysbios_knl_Task_SupportProxy_swap__E                                  
1001c969  ti_sysbios_knl_Task_SupportProxy_swap__E__mangled__                       
1001c971  ti_sysbios_knl_Task_swapReturn                                            
1001c978  ti_sysbios_knl_Task_Object__PARAMS__C                                     
1001c9b4  ti_sysbios_knl_Mailbox_Object__PARAMS__C                                  
1001c9e8  ti_sysbios_family_arm_m3_Hwi_Object__PARAMS__C                            
1001ca18  ti_sysbios_hal_Hwi_Object__PARAMS__C                                      
1001ca44  ti_sysbios_knl_Swi_Object__PARAMS__C                                      
1001ca6c  ti_sysbios_heaps_HeapMem_Object__PARAMS__C                                
1001ca90  ti_sysbios_knl_Clock_Object__PARAMS__C                                    
1001cab4  ti_sysbios_knl_Semaphore_Object__PARAMS__C                                
1001cad8  ti_sysbios_gates_GateHwi_Object__PARAMS__C                                
1001caf0  ti_sysbios_gates_GateMutex_Object__PARAMS__C                              
1001cb08  ti_sysbios_knl_Event_Object__PARAMS__C                                    
1001cb20  ti_sysbios_knl_Queue_Object__PARAMS__C                                    
1001cb68  ti_sysbios_gates_GateMutex_Instance_State_sem__O                          
1001cb6c  ti_sysbios_knl_Clock_Module_State_clockQ__O                               
1001cb70  ti_sysbios_knl_Event_Instance_State_pendQ__O                              
1001cb74  ti_sysbios_knl_Mailbox_Instance_State_dataQue__O                          
1001cb78  ti_sysbios_knl_Mailbox_Instance_State_dataSem__O                          
1001cb7c  ti_sysbios_knl_Mailbox_Instance_State_freeQue__O                          
1001cb80  ti_sysbios_knl_Mailbox_Instance_State_freeSem__O                          
1001cb84  ti_sysbios_knl_Semaphore_Instance_State_pendQ__O                          
1001cb88  ti_sysbios_knl_Task_Module_State_inactiveQ__O                             
20000000  __UNUSED_SRAM_start__                                                     
20000000  ti_sysbios_family_arm_m3_Hwi_ramVectors                                   
20000100  ti_sysbios_knl_Task_Module__state__V                                      
20000144  ti_sysbios_family_arm_m3_Hwi_Module__state__V                             
20000178  ti_sysbios_knl_Clock_Module__state__V                                     
200001a4  ti_sysbios_BIOS_Module__state__V                                          
200001c8  ti_sysbios_knl_Swi_Module__state__V                                       
200001e4  ti_sysbios_family_arm_cc26xx_Timer_Module__state__V                       
200001ec  ti_sysbios_family_arm_cc26xx_TimestampProvider_Module__state__V           
200001f0  xdc_runtime_Startup_Module__state__V                                      
200001f8  xdc_runtime_System_Module__state__V                                       
20000200  xdc_runtime_Memory_Module__state__V                                       
20000204  xdc_runtime_Error_Module__state__V                                        
20000208  pinUpperBound                                                             
2000020c  pinLowerBound                                                             
200002a0  pinHandleTable                                                            
2000031c  PowerCC26XX_module                                                        
20000430  ti_sysbios_knl_Task_Object__table__V                                      
2000047c  appKeyChangeHandler                                                       
20000480  ti_sysbios_family_arm_cc26xx_Timer_Object__table__V                       
20000500  ti_sysbios_gates_GateMutex_Object__table__V                               
20000538  ti_sysbios_knl_Swi_Module_State_0_readyQ__A                               
20000568  ti_sysbios_knl_Swi_Object__table__V                                       
20000598  ti_sysbios_knl_Task_Module_State_0_readyQ__A                              
200005c8  ubleParams                                                                
200005ee  ti_sysbios_family_arm_m3_Hwi_Module_State_0_excActive__A                  
200005f0  urSetup                                                                   
20000614  ti_sysbios_knl_Clock_Object__table__V                                     
20000634  urfiAdvParams                                                             
20000654  xdc_runtime_Error_IgnoreBlock                                             
20000694  ICall_enterCriticalSection                                                
20000698  ICall_leaveCriticalSection                                                
2000069c  heapmgrMemFreeTotal                                                       
200006ac  ICall_dispatcher                                                          
200006b0  ti_sysbios_family_arm_m3_Hwi_Object__table__V                             
200006d8  dispHandle                                                                
200006e4  appKeyChangeHandler_st                                                    
200006e8  keyPinsCfg                                                                
20000700  ti_sysbios_heaps_HeapCallback_Object__table__V                            
2000070c  ubRfRegOverride                                                           
20000718  _lock                                                                     
2000071c  _unlock                                                                   
20000720  ti_sysbios_family_arm_m3_Hwi_Module__root__V                              
20000728  ti_sysbios_gates_GateHwi_Module__root__V                                  
20000730  ti_sysbios_gates_GateMutex_Module__root__V                                
20000738  ti_sysbios_hal_Hwi_Module__root__V                                        
20000740  ti_sysbios_heaps_HeapCallback_Module__root__V                             
20000748  ti_sysbios_heaps_HeapMem_Module__root__V                                  
20000750  ti_sysbios_knl_Clock_Module__root__V                                      
20000758  ti_sysbios_knl_Event_Module__root__V                                      
20000760  ti_sysbios_knl_Mailbox_Module__root__V                                    
20000768  ti_sysbios_knl_Queue_Module__root__V                                      
20000770  ti_sysbios_knl_Semaphore_Module__root__V                                  
20000778  ti_sysbios_knl_Swi_Module__root__V                                        
20000780  ti_sysbios_knl_Task_Module__root__V                                       
20000788  rfTimeCrit                                                                
2000078c  ubleAntSwitchSel                                                          
20000790  xdc_runtime_Registry_Module__state__V                                     
20000798  halAssertCback                                                            
2000079c  assertSubcause                                                            
2000079d  legacyMode                                                                
200007a6  ulState                                                                   
200007a8  urfiHandle                                                                
200007ac  urfiAdvHandle                                                             
200007b4  main_func_sp                                                              
200007b8  ti_sysbios_family_arm_m3_Hwi_Module_State_0_excContext__A                 
200007bc  ti_sysbios_family_arm_m3_Hwi_Module_State_0_excStack__A                   
200007c0  ti_sysbios_knl_Task_Module_State_0_idleTask__A                            
20000b68  uebTaskStack                                                              
20000dc0  ti_sysbios_knl_Task_Instance_State_0_stack__A                             
20000fc0  uartCC26XXObjects                                                         
200010ec  ti_sysbios_family_arm_m3_Hwi_dispatchTable                                
20001234  ClockP_tickPeriod                                                         
200012b0  uebTask                                                                   
20001348  urfiAdvCmd                                                                
200013e4  uartCC26XXRingBuffer                                                      
2000149c  eddystoneUID                                                              
200014b0  eddystoneURL                                                              
200014c4  eddystoneTLM                                                              
20001504  displayUartObject                                                         
20001510  keyPins                                                                   
20001526  humidity                                                                  
20001528  PowerCC26XX_taskKey                                                       
2000152c  PowerCC26XX_swiKey                                                        
20001540  ubleBDAddr                                                                
2000154e  temperature                                                               
20001550  HEAPMGR_SIZE                                                              
20001554  hKeyPins                                                                  
20001559  driverlib_release_0_56883                                                 
2000155a  eddystoneURLDataLen                                                       
2000155b  heapStart                                                                 
20004000  __stack                                                                   
20004000  heapEnd                                                                   
20004400  __STACK_END                                                               
20004400  __STACK_TOP                                                               
20005000  __UNUSED_SRAM_end__                                                       
e000e000  ti_sysbios_family_arm_m3_Hwi_nvic                                         
ffffffff  __TI_pprof_out_hndl                                                       
ffffffff  __TI_prof_data_size                                                       
ffffffff  __TI_prof_data_start                                                      
ffffffff  __binit__                                                                 
ffffffff  __c_args__                                                                
ffffffff  binit                                                                     
UNDEFED   SHT$$INIT_ARRAY$$Base                                                     
UNDEFED   SHT$$INIT_ARRAY$$Limit                                                    

[997 symbols]
